Archive member included to satisfy reference by file (symbol)

c:/st/stm32cubeide_1.7.0/stm32cubeide/plugins/com.st.stm32cube.ide.mcu.externaltools.gnu-tools-for-stm32.10.3-2021.10.win32_1.0.0.202111181127/tools/bin/../lib/gcc/arm-none-eabi/10.3.1/../../../../arm-none-eabi/lib/thumb/v7e-m+dp/hard\libc_nano.a(lib_a-errno.o)
                              ./Core/Src/syscalls.o (__errno)
c:/st/stm32cubeide_1.7.0/stm32cubeide/plugins/com.st.stm32cube.ide.mcu.externaltools.gnu-tools-for-stm32.10.3-2021.10.win32_1.0.0.202111181127/tools/bin/../lib/gcc/arm-none-eabi/10.3.1/../../../../arm-none-eabi/lib/thumb/v7e-m+dp/hard\libc_nano.a(lib_a-exit.o)
                              c:/st/stm32cubeide_1.7.0/stm32cubeide/plugins/com.st.stm32cube.ide.mcu.externaltools.gnu-tools-for-stm32.10.3-2021.10.win32_1.0.0.202111181127/tools/bin/../lib/gcc/arm-none-eabi/10.3.1/../../../../arm-none-eabi/lib/thumb/v7e-m+dp/hard/crt0.o (exit)
c:/st/stm32cubeide_1.7.0/stm32cubeide/plugins/com.st.stm32cube.ide.mcu.externaltools.gnu-tools-for-stm32.10.3-2021.10.win32_1.0.0.202111181127/tools/bin/../lib/gcc/arm-none-eabi/10.3.1/../../../../arm-none-eabi/lib/thumb/v7e-m+dp/hard\libc_nano.a(lib_a-impure.o)
                              c:/st/stm32cubeide_1.7.0/stm32cubeide/plugins/com.st.stm32cube.ide.mcu.externaltools.gnu-tools-for-stm32.10.3-2021.10.win32_1.0.0.202111181127/tools/bin/../lib/gcc/arm-none-eabi/10.3.1/../../../../arm-none-eabi/lib/thumb/v7e-m+dp/hard\libc_nano.a(lib_a-exit.o) (_global_impure_ptr)
c:/st/stm32cubeide_1.7.0/stm32cubeide/plugins/com.st.stm32cube.ide.mcu.externaltools.gnu-tools-for-stm32.10.3-2021.10.win32_1.0.0.202111181127/tools/bin/../lib/gcc/arm-none-eabi/10.3.1/../../../../arm-none-eabi/lib/thumb/v7e-m+dp/hard\libc_nano.a(lib_a-init.o)
                              c:/st/stm32cubeide_1.7.0/stm32cubeide/plugins/com.st.stm32cube.ide.mcu.externaltools.gnu-tools-for-stm32.10.3-2021.10.win32_1.0.0.202111181127/tools/bin/../lib/gcc/arm-none-eabi/10.3.1/../../../../arm-none-eabi/lib/thumb/v7e-m+dp/hard/crt0.o (__libc_init_array)
c:/st/stm32cubeide_1.7.0/stm32cubeide/plugins/com.st.stm32cube.ide.mcu.externaltools.gnu-tools-for-stm32.10.3-2021.10.win32_1.0.0.202111181127/tools/bin/../lib/gcc/arm-none-eabi/10.3.1/../../../../arm-none-eabi/lib/thumb/v7e-m+dp/hard\libc_nano.a(lib_a-memcpy-stub.o)
                              ./Core/Src/SSD1306/ssd1306.o (memcpy)
c:/st/stm32cubeide_1.7.0/stm32cubeide/plugins/com.st.stm32cube.ide.mcu.externaltools.gnu-tools-for-stm32.10.3-2021.10.win32_1.0.0.202111181127/tools/bin/../lib/gcc/arm-none-eabi/10.3.1/../../../../arm-none-eabi/lib/thumb/v7e-m+dp/hard\libc_nano.a(lib_a-memmove.o)
                              ./Core/Src/SSD1306/ssd1306_tests.o (memmove)
c:/st/stm32cubeide_1.7.0/stm32cubeide/plugins/com.st.stm32cube.ide.mcu.externaltools.gnu-tools-for-stm32.10.3-2021.10.win32_1.0.0.202111181127/tools/bin/../lib/gcc/arm-none-eabi/10.3.1/../../../../arm-none-eabi/lib/thumb/v7e-m+dp/hard\libc_nano.a(lib_a-memset.o)
                              c:/st/stm32cubeide_1.7.0/stm32cubeide/plugins/com.st.stm32cube.ide.mcu.externaltools.gnu-tools-for-stm32.10.3-2021.10.win32_1.0.0.202111181127/tools/bin/../lib/gcc/arm-none-eabi/10.3.1/../../../../arm-none-eabi/lib/thumb/v7e-m+dp/hard/crt0.o (memset)
c:/st/stm32cubeide_1.7.0/stm32cubeide/plugins/com.st.stm32cube.ide.mcu.externaltools.gnu-tools-for-stm32.10.3-2021.10.win32_1.0.0.202111181127/tools/bin/../lib/gcc/arm-none-eabi/10.3.1/../../../../arm-none-eabi/lib/thumb/v7e-m+dp/hard\libc_nano.a(lib_a-snprintf.o)
                              ./Core/Src/SSD1306/ssd1306_tests.o (snprintf)
c:/st/stm32cubeide_1.7.0/stm32cubeide/plugins/com.st.stm32cube.ide.mcu.externaltools.gnu-tools-for-stm32.10.3-2021.10.win32_1.0.0.202111181127/tools/bin/../lib/gcc/arm-none-eabi/10.3.1/../../../../arm-none-eabi/lib/thumb/v7e-m+dp/hard\libc_nano.a(lib_a-sprintf.o)
                              ./Core/Src/main.o (sprintf)
c:/st/stm32cubeide_1.7.0/stm32cubeide/plugins/com.st.stm32cube.ide.mcu.externaltools.gnu-tools-for-stm32.10.3-2021.10.win32_1.0.0.202111181127/tools/bin/../lib/gcc/arm-none-eabi/10.3.1/../../../../arm-none-eabi/lib/thumb/v7e-m+dp/hard\libc_nano.a(lib_a-strlen.o)
                              ./Core/Src/main.o (strlen)
c:/st/stm32cubeide_1.7.0/stm32cubeide/plugins/com.st.stm32cube.ide.mcu.externaltools.gnu-tools-for-stm32.10.3-2021.10.win32_1.0.0.202111181127/tools/bin/../lib/gcc/arm-none-eabi/10.3.1/../../../../arm-none-eabi/lib/thumb/v7e-m+dp/hard\libc_nano.a(lib_a-nano-svfprintf.o)
                              c:/st/stm32cubeide_1.7.0/stm32cubeide/plugins/com.st.stm32cube.ide.mcu.externaltools.gnu-tools-for-stm32.10.3-2021.10.win32_1.0.0.202111181127/tools/bin/../lib/gcc/arm-none-eabi/10.3.1/../../../../arm-none-eabi/lib/thumb/v7e-m+dp/hard\libc_nano.a(lib_a-snprintf.o) (_svfprintf_r)
[...]
Memory Configuration

Name             Origin             Length             Attributes
ITCMRAM          0x0000000000000000 0x0000000000010000 xrw
FLASH            0x0000000008000000 0x0000000000200000 xr
DTCMRAM1         0x0000000020000000 0x0000000000010000 xrw
DTCMRAM2         0x0000000020010000 0x0000000000010000 xrw
RAM              0x0000000024000000 0x0000000000100000 xrw
RAM_CD           0x0000000030000000 0x0000000000020000 xrw
RAM_SRD          0x0000000038000000 0x0000000000008000 xrw
*default*        0x0000000000000000 0xffffffffffffffff

Linker script and memory map

LOAD c:/st/stm32cubeide_1.7.0/stm32cubeide/plugins/com.st.stm32cube.ide.mcu.externaltools.gnu-tools-for-stm32.10.3-2021.10.win32_1.0.0.202111181127/tools/bin/../lib/gcc/arm-none-eabi/10.3.1/thumb/v7e-m+dp/hard/crti.o
LOAD c:/st/stm32cubeide_1.7.0/stm32cubeide/plugins/com.st.stm32cube.ide.mcu.externaltools.gnu-tools-for-stm32.10.3-2021.10.win32_1.0.0.202111181127/tools/bin/../lib/gcc/arm-none-eabi/10.3.1/thumb/v7e-m+dp/hard/crtbegin.o
LOAD c:/st/stm32cubeide_1.7.0/stm32cubeide/plugins/com.st.stm32cube.ide.mcu.externaltools.gnu-tools-for-stm32.10.3-2021.10.win32_1.0.0.202111181127/tools/bin/../lib/gcc/arm-none-eabi/10.3.1/../../../../arm-none-eabi/lib/thumb/v7e-m+dp/hard/crt0.o
LOAD ./Core/Src/SSD1306/ssd1306.o
LOAD ./Core/Src/SSD1306/ssd1306_fonts.o
LOAD ./Core/Src/SSD1306/ssd1306_tests.o
LOAD ./Core/Src/dma.o
LOAD ./Core/Src/gpio.o
LOAD ./Core/Src/i2c.o
LOAD ./Core/Src/main.o
LOAD ./Core/Src/stm32h7xx_hal_msp.o
LOAD ./Core/Src/stm32h7xx_it.o
LOAD ./Core/Src/syscalls.o
LOAD ./Core/Src/sysmem.o
LOAD ./Core/Src/system_stm32h7xx.o
LOAD ./Core/Src/usart.o
LOAD ./Core/Src/usb_otg.o
LOAD ./Core/Src/gy86/MPU6050.o
LOAD ./Core/Src/gy86/MS5611.o
LOAD ./Core/Src/soft_timer/soft_timer.o
LOAD ./Core/Startup/startup_stm32h7a3zitxq.o
LOAD ./Drivers/STM32H7xx_HAL_Driver/Src/stm32h7xx_hal.o
LOAD ./Drivers/STM32H7xx_HAL_Driver/Src/stm32h7xx_hal_cortex.o
LOAD ./Drivers/STM32H7xx_HAL_Driver/Src/stm32h7xx_hal_dma.o
LOAD ./Drivers/STM32H7xx_HAL_Driver/Src/stm32h7xx_hal_dma_ex.o
LOAD ./Drivers/STM32H7xx_HAL_Driver/Src/stm32h7xx_hal_exti.o
LOAD ./Drivers/STM32H7xx_HAL_Driver/Src/stm32h7xx_hal_flash.o
LOAD ./Drivers/STM32H7xx_HAL_Driver/Src/stm32h7xx_hal_flash_ex.o
LOAD ./Drivers/STM32H7xx_HAL_Driver/Src/stm32h7xx_hal_gpio.o
LOAD ./Drivers/STM32H7xx_HAL_Driver/Src/stm32h7xx_hal_hsem.o
LOAD ./Drivers/STM32H7xx_HAL_Driver/Src/stm32h7xx_hal_i2c.o
LOAD ./Drivers/STM32H7xx_HAL_Driver/Src/stm32h7xx_hal_i2c_ex.o
LOAD ./Drivers/STM32H7xx_HAL_Driver/Src/stm32h7xx_hal_mdma.o
LOAD ./Drivers/STM32H7xx_HAL_Driver/Src/stm32h7xx_hal_pwr.o
LOAD ./Drivers/STM32H7xx_HAL_Driver/Src/stm32h7xx_hal_pwr_ex.o
LOAD ./Drivers/STM32H7xx_HAL_Driver/Src/stm32h7xx_hal_rcc.o
LOAD ./Drivers/STM32H7xx_HAL_Driver/Src/stm32h7xx_hal_rcc_ex.o
LOAD ./Drivers/STM32H7xx_HAL_Driver/Src/stm32h7xx_hal_tim.o
LOAD ./Drivers/STM32H7xx_HAL_Driver/Src/stm32h7xx_hal_tim_ex.o
LOAD ./Drivers/STM32H7xx_HAL_Driver/Src/stm32h7xx_hal_uart.o
LOAD ./Drivers/STM32H7xx_HAL_Driver/Src/stm32h7xx_hal_uart_ex.o
START GROUP
LOAD c:/st/stm32cubeide_1.7.0/stm32cubeide/plugins/com.st.stm32cube.ide.mcu.externaltools.gnu-tools-for-stm32.10.3-2021.10.win32_1.0.0.202111181127/tools/bin/../lib/gcc/arm-none-eabi/10.3.1/../../../../arm-none-eabi/lib/thumb/v7e-m+dp/hard\libc_nano.a
LOAD c:/st/stm32cubeide_1.7.0/stm32cubeide/plugins/com.st.stm32cube.ide.mcu.externaltools.gnu-tools-for-stm32.10.3-2021.10.win32_1.0.0.202111181127/tools/bin/../lib/gcc/arm-none-eabi/10.3.1/../../../../arm-none-eabi/lib/thumb/v7e-m+dp/hard\libm.a
END GROUP
START GROUP
LOAD c:/st/stm32cubeide_1.7.0/stm32cubeide/plugins/com.st.stm32cube.ide.mcu.externaltools.gnu-tools-for-stm32.10.3-2021.10.win32_1.0.0.202111181127/tools/bin/../lib/gcc/arm-none-eabi/10.3.1/thumb/v7e-m+dp/hard\libgcc.a
LOAD c:/st/stm32cubeide_1.7.0/stm32cubeide/plugins/com.st.stm32cube.ide.mcu.externaltools.gnu-tools-for-stm32.10.3-2021.10.win32_1.0.0.202111181127/tools/bin/../lib/gcc/arm-none-eabi/10.3.1/../../../../arm-none-eabi/lib/thumb/v7e-m+dp/hard\libc_nano.a
END GROUP
START GROUP
LOAD c:/st/stm32cubeide_1.7.0/stm32cubeide/plugins/com.st.stm32cube.ide.mcu.externaltools.gnu-tools-for-stm32.10.3-2021.10.win32_1.0.0.202111181127/tools/bin/../lib/gcc/arm-none-eabi/10.3.1/thumb/v7e-m+dp/hard\libgcc.a
LOAD c:/st/stm32cubeide_1.7.0/stm32cubeide/plugins/com.st.stm32cube.ide.mcu.externaltools.gnu-tools-for-stm32.10.3-2021.10.win32_1.0.0.202111181127/tools/bin/../lib/gcc/arm-none-eabi/10.3.1/../../../../arm-none-eabi/lib/thumb/v7e-m+dp/hard\libc_nano.a
LOAD c:/st/stm32cubeide_1.7.0/stm32cubeide/plugins/com.st.stm32cube.ide.mcu.externaltools.gnu-tools-for-stm32.10.3-2021.10.win32_1.0.0.202111181127/tools/bin/../lib/gcc/arm-none-eabi/10.3.1/../../../../arm-none-eabi/lib/thumb/v7e-m+dp/hard\libnosys.a
END GROUP
START GROUP
LOAD c:/st/stm32cubeide_1.7.0/stm32cubeide/plugins/com.st.stm32cube.ide.mcu.externaltools.gnu-tools-for-stm32.10.3-2021.10.win32_1.0.0.202111181127/tools/bin/../lib/gcc/arm-none-eabi/10.3.1/thumb/v7e-m+dp/hard\libgcc.a
LOAD c:/st/stm32cubeide_1.7.0/stm32cubeide/plugins/com.st.stm32cube.ide.mcu.externaltools.gnu-tools-for-stm32.10.3-2021.10.win32_1.0.0.202111181127/tools/bin/../lib/gcc/arm-none-eabi/10.3.1/../../../../arm-none-eabi/lib/thumb/v7e-m+dp/hard\libc_nano.a
LOAD c:/st/stm32cubeide_1.7.0/stm32cubeide/plugins/com.st.stm32cube.ide.mcu.externaltools.gnu-tools-for-stm32.10.3-2021.10.win32_1.0.0.202111181127/tools/bin/../lib/gcc/arm-none-eabi/10.3.1/../../../../arm-none-eabi/lib/thumb/v7e-m+dp/hard\libnosys.a
END GROUP
LOAD c:/st/stm32cubeide_1.7.0/stm32cubeide/plugins/com.st.stm32cube.ide.mcu.externaltools.gnu-tools-for-stm32.10.3-2021.10.win32_1.0.0.202111181127/tools/bin/../lib/gcc/arm-none-eabi/10.3.1/thumb/v7e-m+dp/hard/crtend.o
LOAD c:/st/stm32cubeide_1.7.0/stm32cubeide/plugins/com.st.stm32cube.ide.mcu.externaltools.gnu-tools-for-stm32.10.3-2021.10.win32_1.0.0.202111181127/tools/bin/../lib/gcc/arm-none-eabi/10.3.1/thumb/v7e-m+dp/hard/crtn.o
                0x0000000024100000                _estack = (ORIGIN (RAM) + LENGTH (RAM))
                0x0000000000000200                _Min_Heap_Size = 0x200
                0x0000000000000400                _Min_Stack_Size = 0x400

.isr_vector     0x0000000008000000      0x2ac
                0x0000000008000000                . = ALIGN (0x4)
 *(.isr_vector)
 .isr_vector    0x0000000008000000      0x2ac ./Core/Startup/startup_stm32h7a3zitxq.o
                0x0000000008000000                g_pfnVectors
                0x00000000080002ac                . = ALIGN (0x4)

.text           0x00000000080002b0     0x93d8
                0x00000000080002b0                . = ALIGN (0x4)
 *(.text)
 .text          0x00000000080002b0       0x40 c:/st/stm32cubeide_1.7.0/stm32cubeide/plugins/com.st.stm32cube.ide.mcu.externaltools.gnu-tools-for-stm32.10.3-2021.10.win32_1.0.0.202111181127/tools/bin/../lib/gcc/arm-none-eabi/10.3.1/thumb/v7e-m+dp/hard/crtbegin.o
 .text          0x00000000080002f0       0x10 c:/st/stm32cubeide_1.7.0/stm32cubeide/plugins/com.st.stm32cube.ide.mcu.externaltools.gnu-tools-for-stm32.10.3-2021.10.win32_1.0.0.202111181127/tools/bin/../lib/gcc/arm-none-eabi/10.3.1/../../../../arm-none-eabi/lib/thumb/v7e-m+dp/hard\libc_nano.a(lib_a-strlen.o)
                0x00000000080002f0                strlen
 .text          0x0000000008000300       0xa0 c:/st/stm32cubeide_1.7.0/stm32cubeide/plugins/com.st.stm32cube.ide.mcu.externaltools.gnu-tools-for-stm32.10.3-2021.10.win32_1.0.0.202111181127/tools/bin/../lib/gcc/arm-none-eabi/10.3.1/../../../../arm-none-eabi/lib/thumb/v7e-m+dp/hard\libc_nano.a(lib_a-memchr.o)
                0x0000000008000300                memchr
 .text          0x00000000080003a0      0x378 c:/st/stm32cubeide_1.7.0/stm32cubeide/plugins/com.st.stm32cube.ide.mcu.externaltools.gnu-tools-for-stm32.10.3-2021.10.win32_1.0.0.202111181127/tools/bin/../lib/gcc/arm-none-eabi/10.3.1/thumb/v7e-m+dp/hard\libgcc.a(_arm_addsubdf3.o)
                0x00000000080003a0                __aeabi_drsub
                0x00000000080003a8                __aeabi_dsub
                0x00000000080003a8                __subdf3
                0x00000000080003ac                __aeabi_dadd
                0x00000000080003ac                __adddf3
                0x0000000008000624                __floatunsidf
                0x0000000008000624                __aeabi_ui2d
                0x0000000008000644                __floatsidf
                0x0000000008000644                __aeabi_i2d
                0x0000000008000668                __aeabi_f2d
                0x0000000008000668                __extendsfdf2
                0x00000000080006ac                __floatundidf
                0x00000000080006ac                __aeabi_ul2d
                0x00000000080006bc                __floatdidf
                0x00000000080006bc                __aeabi_l2d
 .text          0x0000000008000718       0x30 c:/st/stm32cubeide_1.7.0/stm32cubeide/plugins/com.st.stm32cube.ide.mcu.externaltools.gnu-tools-for-stm32.10.3-2021.10.win32_1.0.0.202111181127/tools/bin/../lib/gcc/arm-none-eabi/10.3.1/thumb/v7e-m+dp/hard\libgcc.a(_aeabi_uldivmod.o)
                0x0000000008000718                __aeabi_uldivmod
 .text          0x0000000008000748      0x2d0 c:/st/stm32cubeide_1.7.0/stm32cubeide/plugins/com.st.stm32cube.ide.mcu.externaltools.gnu-tools-for-stm32.10.3-2021.10.win32_1.0.0.202111181127/tools/bin/../lib/gcc/arm-none-eabi/10.3.1/thumb/v7e-m+dp/hard\libgcc.a(_udivmoddi4.o)
                0x0000000008000748                __udivmoddi4
 .text          0x0000000008000a18        0x4 c:/st/stm32cubeide_1.7.0/stm32cubeide/plugins/com.st.stm32cube.ide.mcu.externaltools.gnu-tools-for-stm32.10.3-2021.10.win32_1.0.0.202111181127/tools/bin/../lib/gcc/arm-none-eabi/10.3.1/thumb/v7e-m+dp/hard\libgcc.a(_dvmd_tls.o)
                0x0000000008000a18                __aeabi_idiv0
                0x0000000008000a18                __aeabi_ldiv0
 *(.text*)
 .text.ssd1306_Reset
                0x0000000008000a1c        0xe ./Core/Src/SSD1306/ssd1306.o
                0x0000000008000a1c                ssd1306_Reset
 *fill*         0x0000000008000a2a        0x2 
 .text.ssd1306_WriteCommand
                0x0000000008000a2c       0x30 ./Core/Src/SSD1306/ssd1306.o
                0x0000000008000a2c                ssd1306_WriteCommand
 .text.ssd1306_WriteData
                0x0000000008000a5c       0x34 ./Core/Src/SSD1306/ssd1306.o
                0x0000000008000a5c                ssd1306_WriteData
 .text.ssd1306_Init
                0x0000000008000a90       0xd4 ./Core/Src/SSD1306/ssd1306.o
                0x0000000008000a90                ssd1306_Init
 .text.ssd1306_Fill
                0x0000000008000b64       0x48 ./Core/Src/SSD1306/ssd1306.o
                0x0000000008000b64                ssd1306_Fill
 .text.ssd1306_UpdateScreen
                0x0000000008000bac       0x50 ./Core/Src/SSD1306/ssd1306.o
                0x0000000008000bac                ssd1306_UpdateScreen
 .text.ssd1306_DrawPixel
                0x0000000008000bfc       0xc0 ./Core/Src/SSD1306/ssd1306.o
                0x0000000008000bfc                ssd1306_DrawPixel
 .text.ssd1306_WriteChar
                0x0000000008000cbc      0x110 ./Core/Src/SSD1306/ssd1306.o
                0x0000000008000cbc                ssd1306_WriteChar
 .text.ssd1306_WriteString
                0x0000000008000dcc       0x4c ./Core/Src/SSD1306/ssd1306.o
                0x0000000008000dcc                ssd1306_WriteString
 .text.ssd1306_SetCursor
                0x0000000008000e18       0x30 ./Core/Src/SSD1306/ssd1306.o
                0x0000000008000e18                ssd1306_SetCursor
 .text.ssd1306_SetContrast
                0x0000000008000e48       0x26 ./Core/Src/SSD1306/ssd1306.o
                0x0000000008000e48                ssd1306_SetContrast
 *fill*         0x0000000008000e6e        0x2 
 .text.ssd1306_SetDisplayOn
                0x0000000008000e70       0x3c ./Core/Src/SSD1306/ssd1306.o
                0x0000000008000e70                ssd1306_SetDisplayOn
 .text.MX_DMA_Init
                0x0000000008000eac       0x50 ./Core/Src/dma.o
                0x0000000008000eac                MX_DMA_Init
 .text.MX_GPIO_Init
                0x0000000008000efc      0x234 ./Core/Src/gpio.o
                0x0000000008000efc                MX_GPIO_Init
 .text.MX_I2C1_Init
                0x0000000008001130       0x80 ./Core/Src/i2c.o
                0x0000000008001130                MX_I2C1_Init
 .text.MX_I2C2_Init
                0x00000000080011b0       0x80 ./Core/Src/i2c.o
                0x00000000080011b0                MX_I2C2_Init
 .text.HAL_I2C_MspInit
                0x0000000008001230      0x1c4 ./Core/Src/i2c.o
                0x0000000008001230                HAL_I2C_MspInit
 .text.main     0x00000000080013f4       0x9c ./Core/Src/main.o
                0x00000000080013f4                main
 .text.SystemClock_Config
                0x0000000008001490       0xe0 ./Core/Src/main.o
                0x0000000008001490                SystemClock_Config
 .text.callbackMS5611
                0x0000000008001570       0x48 ./Core/Src/main.o
                0x0000000008001570                callbackMS5611
 .text.callbackUart
                0x00000000080015b8       0x54 ./Core/Src/main.o
                0x00000000080015b8                callbackUart
 .text.callbackSSD1306
                0x000000000800160c       0x68 ./Core/Src/main.o
                0x000000000800160c                callbackSSD1306
 .text.Error_Handler
                0x0000000008001674        0xa ./Core/Src/main.o
                0x0000000008001674                Error_Handler
 *fill*         0x000000000800167e        0x2 
 .text.HAL_MspInit
                0x0000000008001680       0x34 ./Core/Src/stm32h7xx_hal_msp.o
                0x0000000008001680                HAL_MspInit
 .text.NMI_Handler
                0x00000000080016b4        0x6 ./Core/Src/stm32h7xx_it.o
                0x00000000080016b4                NMI_Handler
 .text.HardFault_Handler
                0x00000000080016ba        0x6 ./Core/Src/stm32h7xx_it.o
                0x00000000080016ba                HardFault_Handler
 .text.MemManage_Handler
                0x00000000080016c0        0x6 ./Core/Src/stm32h7xx_it.o
                0x00000000080016c0                MemManage_Handler
 .text.BusFault_Handler
                0x00000000080016c6        0x6 ./Core/Src/stm32h7xx_it.o
                0x00000000080016c6                BusFault_Handler
 .text.UsageFault_Handler
                0x00000000080016cc        0x6 ./Core/Src/stm32h7xx_it.o
                0x00000000080016cc                UsageFault_Handler
 .text.SVC_Handler
                0x00000000080016d2        0xe ./Core/Src/stm32h7xx_it.o
                0x00000000080016d2                SVC_Handler
 .text.DebugMon_Handler
                0x00000000080016e0        0xe ./Core/Src/stm32h7xx_it.o
                0x00000000080016e0                DebugMon_Handler
 .text.PendSV_Handler
                0x00000000080016ee        0xe ./Core/Src/stm32h7xx_it.o
                0x00000000080016ee                PendSV_Handler
 .text.SysTick_Handler
                0x00000000080016fc       0x10 ./Core/Src/stm32h7xx_it.o
                0x00000000080016fc                SysTick_Handler
 .text.DMA1_Stream0_IRQHandler
                0x000000000800170c       0x14 ./Core/Src/stm32h7xx_it.o
                0x000000000800170c                DMA1_Stream0_IRQHandler
 .text.DMA1_Stream1_IRQHandler
                0x0000000008001720       0x14 ./Core/Src/stm32h7xx_it.o
                0x0000000008001720                DMA1_Stream1_IRQHandler
 .text._sbrk    0x0000000008001734       0x6c ./Core/Src/sysmem.o
                0x0000000008001734                _sbrk
 .text.SystemInit
                0x00000000080017a0       0xf0 ./Core/Src/system_stm32h7xx.o
                0x00000000080017a0                SystemInit
 .text.MX_USART3_UART_Init
                0x0000000008001890       0x98 ./Core/Src/usart.o
                0x0000000008001890                MX_USART3_UART_Init
 .text.HAL_UART_MspInit
                0x0000000008001928      0x130 ./Core/Src/usart.o
                0x0000000008001928                HAL_UART_MspInit
 .text.MX_USB_OTG_HS_USB_Init
                0x0000000008001a58        0xe ./Core/Src/usb_otg.o
                0x0000000008001a58                MX_USB_OTG_HS_USB_Init
 *fill*         0x0000000008001a66        0x2 
 .text.MS5611_Reset
                0x0000000008001a68       0x44 ./Core/Src/gy86/MS5611.o
                0x0000000008001a68                MS5611_Reset
 .text.MS5611_ReadProm
                0x0000000008001aac      0x23c ./Core/Src/gy86/MS5611.o
                0x0000000008001aac                MS5611_ReadProm
 .text.MS5611_RequestTemperature
                0x0000000008001ce8       0x38 ./Core/Src/gy86/MS5611.o
                0x0000000008001ce8                MS5611_RequestTemperature
 .text.MS5611_RequestPressure
                0x0000000008001d20       0x38 ./Core/Src/gy86/MS5611.o
                0x0000000008001d20                MS5611_RequestPressure
 .text.MS5611_ReadTemperature
                0x0000000008001d58       0x5c ./Core/Src/gy86/MS5611.o
                0x0000000008001d58                MS5611_ReadTemperature
 .text.MS5611_ReadPressure
                0x0000000008001db4       0x5c ./Core/Src/gy86/MS5611.o
                0x0000000008001db4                MS5611_ReadPressure
 .text.MS5611_CalculateTemperature
                0x0000000008001e10       0x6a ./Core/Src/gy86/MS5611.o
                0x0000000008001e10                MS5611_CalculateTemperature
 *fill*         0x0000000008001e7a        0x6 
 .text.MS5611_CalculatePressure
                0x0000000008001e80      0x158 ./Core/Src/gy86/MS5611.o
                0x0000000008001e80                MS5611_CalculatePressure
 .text.softTimerRegisterCallback
                0x0000000008001fd8       0x88 ./Core/Src/soft_timer/soft_timer.o
                0x0000000008001fd8                softTimerRegisterCallback
 .text.softTimerChangeState
                0x0000000008002060       0x84 ./Core/Src/soft_timer/soft_timer.o
                0x0000000008002060                softTimerChangeState
 .text.softTimerRefresh
                0x00000000080020e4       0x4c ./Core/Src/soft_timer/soft_timer.o
                0x00000000080020e4                softTimerRefresh
 .text.softTimerEvent
                0x0000000008002130       0x7c ./Core/Src/soft_timer/soft_timer.o
                0x0000000008002130                softTimerEvent
 .text.softTimerTick
                0x00000000080021ac       0xe4 ./Core/Src/soft_timer/soft_timer.o
                0x00000000080021ac                softTimerTick
 .text.softTimerFunctionExeAndRemove
                0x0000000008002290       0x64 ./Core/Src/soft_timer/soft_timer.o
                0x0000000008002290                softTimerFunctionExeAndRemove
 .text.softTimerFunctionEvent
                0x00000000080022f4       0x44 ./Core/Src/soft_timer/soft_timer.o
                0x00000000080022f4                softTimerFunctionEvent
 .text.Reset_Handler
                0x0000000008002338       0x50 ./Core/Startup/startup_stm32h7a3zitxq.o
                0x0000000008002338                Reset_Handler
 .text.Default_Handler
                0x0000000008002388        0x2 ./Core/Startup/startup_stm32h7a3zitxq.o
                0x0000000008002388                RTC_Alarm_IRQHandler
                0x0000000008002388                EXTI2_IRQHandler
                0x0000000008002388                TIM8_CC_IRQHandler
                0x0000000008002388                UART8_IRQHandler
                0x0000000008002388                BDMA2_Channel1_IRQHandler
                0x0000000008002388                SPI4_IRQHandler
                0x0000000008002388                BDMA2_Channel0_IRQHandler
                0x0000000008002388                TIM1_CC_IRQHandler
                0x0000000008002388                DMA2_Stream5_IRQHandler
                0x0000000008002388                JPEG_IRQHandler
                0x0000000008002388                DMA1_Stream5_IRQHandler
                0x0000000008002388                EXTI3_IRQHandler
                0x0000000008002388                LPTIM4_IRQHandler
                0x0000000008002388                TIM8_TRG_COM_TIM14_IRQHandler
                0x0000000008002388                LPTIM2_IRQHandler
                0x0000000008002388                DFSDM1_FLT1_IRQHandler
                0x0000000008002388                DMAMUX2_OVR_IRQHandler
                0x0000000008002388                GFXMMU_IRQHandler
                0x0000000008002388                TIM8_UP_TIM13_IRQHandler
                0x0000000008002388                I2C3_ER_IRQHandler
                0x0000000008002388                DFSDM1_FLT2_IRQHandler
                0x0000000008002388                USART10_IRQHandler
                0x0000000008002388                MDMA_IRQHandler
                0x0000000008002388                LPTIM3_IRQHandler
                0x0000000008002388                BDMA2_Channel3_IRQHandler
                0x0000000008002388                HSEM1_IRQHandler
                0x0000000008002388                EXTI0_IRQHandler
                0x0000000008002388                I2C2_EV_IRQHandler
                0x0000000008002388                DAC2_IRQHandler
                0x0000000008002388                DMA1_Stream2_IRQHandler
                0x0000000008002388                FPU_IRQHandler
                0x0000000008002388                OTG_HS_WKUP_IRQHandler
                0x0000000008002388                FDCAN1_IT1_IRQHandler
                0x0000000008002388                LTDC_ER_IRQHandler
                0x0000000008002388                DMA2_Stream2_IRQHandler
                0x0000000008002388                SPI1_IRQHandler
                0x0000000008002388                OCTOSPI1_IRQHandler
                0x0000000008002388                TIM6_DAC_IRQHandler
                0x0000000008002388                BDMA2_Channel6_IRQHandler
                0x0000000008002388                DMA2_Stream3_IRQHandler
                0x0000000008002388                OCTOSPI2_IRQHandler
                0x0000000008002388                SAI2_IRQHandler
                0x0000000008002388                BDMA1_IRQHandler
                0x0000000008002388                DFSDM1_FLT3_IRQHandler
                0x0000000008002388                USART6_IRQHandler
                0x0000000008002388                TIM17_IRQHandler
                0x0000000008002388                USART3_IRQHandler
                0x0000000008002388                LPTIM5_IRQHandler
                0x0000000008002388                UART5_IRQHandler
                0x0000000008002388                DMA2_Stream0_IRQHandler
                0x0000000008002388                TIM4_IRQHandler
                0x0000000008002388                I2C1_EV_IRQHandler
                0x0000000008002388                DMA1_Stream6_IRQHandler
                0x0000000008002388                DMAMUX1_OVR_IRQHandler
                0x0000000008002388                TIM16_IRQHandler
                0x0000000008002388                UART4_IRQHandler
                0x0000000008002388                TIM3_IRQHandler
                0x0000000008002388                RCC_IRQHandler
                0x0000000008002388                UART9_IRQHandler
                0x0000000008002388                TIM8_BRK_TIM12_IRQHandler
                0x0000000008002388                TIM1_TRG_COM_IRQHandler
                0x0000000008002388                Default_Handler
                0x0000000008002388                ECC_IRQHandler
                0x0000000008002388                BDMA2_Channel2_IRQHandler
                0x0000000008002388                CEC_IRQHandler
                0x0000000008002388                EXTI15_10_IRQHandler
                0x0000000008002388                DFSDM1_FLT4_IRQHandler
                0x0000000008002388                ADC_IRQHandler
                0x0000000008002388                DMA1_Stream7_IRQHandler
                0x0000000008002388                SPI5_IRQHandler
                0x0000000008002388                TIM7_IRQHandler
                0x0000000008002388                SDMMC1_IRQHandler
                0x0000000008002388                TIM5_IRQHandler
                0x0000000008002388                DMA2_Stream7_IRQHandler
                0x0000000008002388                TIM15_IRQHandler
                0x0000000008002388                I2C3_EV_IRQHandler
                0x0000000008002388                DFSDM2_IRQHandler
                0x0000000008002388                EXTI9_5_IRQHandler
                0x0000000008002388                RTC_WKUP_IRQHandler
                0x0000000008002388                LTDC_IRQHandler
                0x0000000008002388                SPDIF_RX_IRQHandler
                0x0000000008002388                PVD_PVM_IRQHandler
                0x0000000008002388                SPI2_IRQHandler
                0x0000000008002388                OTG_HS_EP1_IN_IRQHandler
                0x0000000008002388                DFSDM1_FLT5_IRQHandler
                0x0000000008002388                CRS_IRQHandler
                0x0000000008002388                EXTI4_IRQHandler
                0x0000000008002388                DFSDM1_FLT6_IRQHandler
                0x0000000008002388                RNG_IRQHandler
                0x0000000008002388                FDCAN2_IT1_IRQHandler
                0x0000000008002388                COMP_IRQHandler
                0x0000000008002388                TIM1_UP_IRQHandler
                0x0000000008002388                OTG_HS_EP1_OUT_IRQHandler
                0x0000000008002388                WWDG_IRQHandler
                0x0000000008002388                SPI6_IRQHandler
                0x0000000008002388                MDIOS_IRQHandler
                0x0000000008002388                I2C4_EV_IRQHandler
                0x0000000008002388                FDCAN2_IT0_IRQHandler
                0x0000000008002388                LPUART1_IRQHandler
                0x0000000008002388                FDCAN1_IT0_IRQHandler
                0x0000000008002388                TIM2_IRQHandler
                0x0000000008002388                BDMA2_Channel5_IRQHandler
                0x0000000008002388                OTG_HS_IRQHandler
                0x0000000008002388                DMA2D_IRQHandler
                0x0000000008002388                TIM1_BRK_IRQHandler
                0x0000000008002388                EXTI1_IRQHandler
                0x0000000008002388                SDMMC2_IRQHandler
                0x0000000008002388                DTS_IRQHandler
                0x0000000008002388                UART7_IRQHandler
                0x0000000008002388                MDIOS_WKUP_IRQHandler
                0x0000000008002388                USART2_IRQHandler
                0x0000000008002388                DFSDM1_FLT0_IRQHandler
                0x0000000008002388                I2C2_ER_IRQHandler
                0x0000000008002388                DMA2_Stream1_IRQHandler
                0x0000000008002388                DFSDM1_FLT7_IRQHandler
                0x0000000008002388                FLASH_IRQHandler
                0x0000000008002388                DMA2_Stream4_IRQHandler
                0x0000000008002388                USART1_IRQHandler
                0x0000000008002388                SPI3_IRQHandler
                0x0000000008002388                WAKEUP_PIN_IRQHandler
                0x0000000008002388                DMA1_Stream4_IRQHandler
                0x0000000008002388                I2C1_ER_IRQHandler
                0x0000000008002388                FMC_IRQHandler
                0x0000000008002388                BDMA2_Channel7_IRQHandler
                0x0000000008002388                FDCAN_CAL_IRQHandler
                0x0000000008002388                SWPMI1_IRQHandler
                0x0000000008002388                LPTIM1_IRQHandler
                0x0000000008002388                DCMI_PSSI_IRQHandler
                0x0000000008002388                I2C4_ER_IRQHandler
                0x0000000008002388                DMA2_Stream6_IRQHandler
                0x0000000008002388                SAI1_IRQHandler
                0x0000000008002388                DMA1_Stream3_IRQHandler
                0x0000000008002388                RTC_TAMP_STAMP_CSS_LSE_IRQHandler
                0x0000000008002388                BDMA2_Channel4_IRQHandler
 *fill*         0x000000000800238a        0x2 
 .text.HAL_Init
                0x000000000800238c       0x78 ./Drivers/STM32H7xx_HAL_Driver/Src/stm32h7xx_hal.o
                0x000000000800238c                HAL_Init
 .text.HAL_InitTick
                0x0000000008002404       0x6c ./Drivers/STM32H7xx_HAL_Driver/Src/stm32h7xx_hal.o
                0x0000000008002404                HAL_InitTick
 .text.HAL_IncTick
                0x0000000008002470       0x28 ./Drivers/STM32H7xx_HAL_Driver/Src/stm32h7xx_hal.o
                0x0000000008002470                HAL_IncTick
 .text.HAL_GetTick
                0x0000000008002498       0x18 ./Drivers/STM32H7xx_HAL_Driver/Src/stm32h7xx_hal.o
                0x0000000008002498                HAL_GetTick
 .text.HAL_Delay
                0x00000000080024b0       0x48 ./Drivers/STM32H7xx_HAL_Driver/Src/stm32h7xx_hal.o
                0x00000000080024b0                HAL_Delay
 .text.__NVIC_SetPriorityGrouping
                0x00000000080024f8       0x48 ./Drivers/STM32H7xx_HAL_Driver/Src/stm32h7xx_hal_cortex.o
 .text.__NVIC_GetPriorityGrouping
                0x0000000008002540       0x1c ./Drivers/STM32H7xx_HAL_Driver/Src/stm32h7xx_hal_cortex.o
 .text.__NVIC_EnableIRQ
                0x000000000800255c       0x3c ./Drivers/STM32H7xx_HAL_Driver/Src/stm32h7xx_hal_cortex.o
 .text.__NVIC_SetPriority
                0x0000000008002598       0x54 ./Drivers/STM32H7xx_HAL_Driver/Src/stm32h7xx_hal_cortex.o
 .text.NVIC_EncodePriority
                0x00000000080025ec       0x66 ./Drivers/STM32H7xx_HAL_Driver/Src/stm32h7xx_hal_cortex.o
 *fill*         0x0000000008002652        0x2 
 .text.SysTick_Config
                0x0000000008002654       0x44 ./Drivers/STM32H7xx_HAL_Driver/Src/stm32h7xx_hal_cortex.o
 .text.HAL_NVIC_SetPriorityGrouping
                0x0000000008002698       0x16 ./Drivers/STM32H7xx_HAL_Driver/Src/stm32h7xx_hal_cortex.o
                0x0000000008002698                HAL_NVIC_SetPriorityGrouping
 .text.HAL_NVIC_SetPriority
                0x00000000080026ae       0x34 ./Drivers/STM32H7xx_HAL_Driver/Src/stm32h7xx_hal_cortex.o
                0x00000000080026ae                HAL_NVIC_SetPriority
 .text.HAL_NVIC_EnableIRQ
                0x00000000080026e2       0x1c ./Drivers/STM32H7xx_HAL_Driver/Src/stm32h7xx_hal_cortex.o
                0x00000000080026e2                HAL_NVIC_EnableIRQ
 .text.HAL_SYSTICK_Config
                0x00000000080026fe       0x18 ./Drivers/STM32H7xx_HAL_Driver/Src/stm32h7xx_hal_cortex.o
                0x00000000080026fe                HAL_SYSTICK_Config
 *fill*         0x0000000008002716        0x2 
 .text.HAL_DMA_Init
                0x0000000008002718      0x720 ./Drivers/STM32H7xx_HAL_Driver/Src/stm32h7xx_hal_dma.o
                0x0000000008002718                HAL_DMA_Init
 .text.HAL_DMA_IRQHandler
                0x0000000008002e38      0xec4 ./Drivers/STM32H7xx_HAL_Driver/Src/stm32h7xx_hal_dma.o
                0x0000000008002e38                HAL_DMA_IRQHandler
 .text.DMA_CalcBaseAndBitshift
                0x0000000008003cfc      0x164 ./Drivers/STM32H7xx_HAL_Driver/Src/stm32h7xx_hal_dma.o
 .text.DMA_CheckFifoParam
                0x0000000008003e60       0xf8 ./Drivers/STM32H7xx_HAL_Driver/Src/stm32h7xx_hal_dma.o
 .text.DMA_CalcDMAMUXChannelBaseAndMask
                0x0000000008003f58      0x134 ./Drivers/STM32H7xx_HAL_Driver/Src/stm32h7xx_hal_dma.o
 .text.DMA_CalcDMAMUXRequestGenBaseAndMask
                0x000000000800408c       0xe8 ./Drivers/STM32H7xx_HAL_Driver/Src/stm32h7xx_hal_dma.o
 .text.HAL_GPIO_Init
                0x0000000008004174      0x360 ./Drivers/STM32H7xx_HAL_Driver/Src/stm32h7xx_hal_gpio.o
                0x0000000008004174                HAL_GPIO_Init
 .text.HAL_GPIO_WritePin
                0x00000000080044d4       0x32 ./Drivers/STM32H7xx_HAL_Driver/Src/stm32h7xx_hal_gpio.o
                0x00000000080044d4                HAL_GPIO_WritePin
 *fill*         0x0000000008004506        0x2 
 .text.HAL_I2C_Init
                0x0000000008004508      0x120 ./Drivers/STM32H7xx_HAL_Driver/Src/stm32h7xx_hal_i2c.o
                0x0000000008004508                HAL_I2C_Init
 .text.HAL_I2C_Master_Transmit
                0x0000000008004628      0x1e8 ./Drivers/STM32H7xx_HAL_Driver/Src/stm32h7xx_hal_i2c.o
                0x0000000008004628                HAL_I2C_Master_Transmit
 .text.HAL_I2C_Master_Receive
                0x0000000008004810      0x1ec ./Drivers/STM32H7xx_HAL_Driver/Src/stm32h7xx_hal_i2c.o
                0x0000000008004810                HAL_I2C_Master_Receive
 .text.HAL_I2C_Mem_Write
                0x00000000080049fc      0x228 ./Drivers/STM32H7xx_HAL_Driver/Src/stm32h7xx_hal_i2c.o
                0x00000000080049fc                HAL_I2C_Mem_Write
 .text.I2C_RequestMemoryWrite
                0x0000000008004c24       0xa8 ./Drivers/STM32H7xx_HAL_Driver/Src/stm32h7xx_hal_i2c.o
 .text.I2C_Flush_TXDR
                0x0000000008004ccc       0x48 ./Drivers/STM32H7xx_HAL_Driver/Src/stm32h7xx_hal_i2c.o
 .text.I2C_WaitOnFlagUntilTimeout
                0x0000000008004d14       0x80 ./Drivers/STM32H7xx_HAL_Driver/Src/stm32h7xx_hal_i2c.o
 .text.I2C_WaitOnTXISFlagUntilTimeout
                0x0000000008004d94       0x80 ./Drivers/STM32H7xx_HAL_Driver/Src/stm32h7xx_hal_i2c.o
 .text.I2C_WaitOnSTOPFlagUntilTimeout
                0x0000000008004e14       0x78 ./Drivers/STM32H7xx_HAL_Driver/Src/stm32h7xx_hal_i2c.o
 .text.I2C_WaitOnRXNEFlagUntilTimeout
                0x0000000008004e8c       0xf4 ./Drivers/STM32H7xx_HAL_Driver/Src/stm32h7xx_hal_i2c.o
 .text.I2C_IsErrorOccurred
                0x0000000008004f80      0x1d8 ./Drivers/STM32H7xx_HAL_Driver/Src/stm32h7xx_hal_i2c.o
 .text.I2C_TransferConfig
                0x0000000008005158       0x64 ./Drivers/STM32H7xx_HAL_Driver/Src/stm32h7xx_hal_i2c.o
 .text.HAL_I2CEx_ConfigAnalogFilter
                0x00000000080051bc       0x96 ./Drivers/STM32H7xx_HAL_Driver/Src/stm32h7xx_hal_i2c_ex.o
                0x00000000080051bc                HAL_I2CEx_ConfigAnalogFilter
 .text.HAL_I2CEx_ConfigDigitalFilter
                0x0000000008005252       0x98 ./Drivers/STM32H7xx_HAL_Driver/Src/stm32h7xx_hal_i2c_ex.o
                0x0000000008005252                HAL_I2CEx_ConfigDigitalFilter
 *fill*         0x00000000080052ea        0x2 
 .text.HAL_PWREx_ConfigSupply
                0x00000000080052ec       0xb4 ./Drivers/STM32H7xx_HAL_Driver/Src/stm32h7xx_hal_pwr_ex.o
                0x00000000080052ec                HAL_PWREx_ConfigSupply
 .text.HAL_RCC_OscConfig
                0x00000000080053a0      0x808 ./Drivers/STM32H7xx_HAL_Driver/Src/stm32h7xx_hal_rcc.o
                0x00000000080053a0                HAL_RCC_OscConfig
 .text.HAL_RCC_ClockConfig
                0x0000000008005ba8      0x36c ./Drivers/STM32H7xx_HAL_Driver/Src/stm32h7xx_hal_rcc.o
                0x0000000008005ba8                HAL_RCC_ClockConfig
 .text.HAL_RCC_GetSysClockFreq
                0x0000000008005f14      0x2f4 ./Drivers/STM32H7xx_HAL_Driver/Src/stm32h7xx_hal_rcc.o
                0x0000000008005f14                HAL_RCC_GetSysClockFreq
 .text.HAL_RCC_GetHCLKFreq
                0x0000000008006208       0x60 ./Drivers/STM32H7xx_HAL_Driver/Src/stm32h7xx_hal_rcc.o
                0x0000000008006208                HAL_RCC_GetHCLKFreq
 .text.HAL_RCC_GetPCLK1Freq
                0x0000000008006268       0x2c ./Drivers/STM32H7xx_HAL_Driver/Src/stm32h7xx_hal_rcc.o
                0x0000000008006268                HAL_RCC_GetPCLK1Freq
 .text.HAL_RCC_GetPCLK2Freq
                0x0000000008006294       0x2c ./Drivers/STM32H7xx_HAL_Driver/Src/stm32h7xx_hal_rcc.o
                0x0000000008006294                HAL_RCC_GetPCLK2Freq
 .text.HAL_RCCEx_PeriphCLKConfig
                0x00000000080062c0      0xe18 ./Drivers/STM32H7xx_HAL_Driver/Src/stm32h7xx_hal_rcc_ex.o
                0x00000000080062c0                HAL_RCCEx_PeriphCLKConfig
 .text.HAL_RCCEx_GetD3PCLK1Freq
                0x00000000080070d8       0x2c ./Drivers/STM32H7xx_HAL_Driver/Src/stm32h7xx_hal_rcc_ex.o
                0x00000000080070d8                HAL_RCCEx_GetD3PCLK1Freq
 .text.HAL_RCCEx_GetPLL2ClockFreq
                0x0000000008007104      0x2a8 ./Drivers/STM32H7xx_HAL_Driver/Src/stm32h7xx_hal_rcc_ex.o
                0x0000000008007104                HAL_RCCEx_GetPLL2ClockFreq
 .text.HAL_RCCEx_GetPLL3ClockFreq
                0x00000000080073ac      0x2a8 ./Drivers/STM32H7xx_HAL_Driver/Src/stm32h7xx_hal_rcc_ex.o
                0x00000000080073ac                HAL_RCCEx_GetPLL3ClockFreq
 .text.RCCEx_PLL2_Config
                0x0000000008007654      0x164 ./Drivers/STM32H7xx_HAL_Driver/Src/stm32h7xx_hal_rcc_ex.o
 .text.RCCEx_PLL3_Config
                0x00000000080077b8      0x164 ./Drivers/STM32H7xx_HAL_Driver/Src/stm32h7xx_hal_rcc_ex.o
 .text.HAL_UART_Init
                0x000000000800791c       0xa0 ./Drivers/STM32H7xx_HAL_Driver/Src/stm32h7xx_hal_uart.o
                0x000000000800791c                HAL_UART_Init
 .text.HAL_UART_Transmit
                0x00000000080079bc      0x12c ./Drivers/STM32H7xx_HAL_Driver/Src/stm32h7xx_hal_uart.o
                0x00000000080079bc                HAL_UART_Transmit
 .text.UART_SetConfig
                0x0000000008007ae8      0xcd8 ./Drivers/STM32H7xx_HAL_Driver/Src/stm32h7xx_hal_uart.o
                0x0000000008007ae8                UART_SetConfig
 .text.UART_AdvFeatureConfig
                0x00000000080087c0      0x144 ./Drivers/STM32H7xx_HAL_Driver/Src/stm32h7xx_hal_uart.o
                0x00000000080087c0                UART_AdvFeatureConfig
 .text.UART_CheckIdleState
                0x0000000008008904       0x96 ./Drivers/STM32H7xx_HAL_Driver/Src/stm32h7xx_hal_uart.o
                0x0000000008008904                UART_CheckIdleState
 .text.UART_WaitOnFlagUntilTimeout
                0x000000000800899a      0x190 ./Drivers/STM32H7xx_HAL_Driver/Src/stm32h7xx_hal_uart.o
                0x000000000800899a                UART_WaitOnFlagUntilTimeout
 .text.HAL_UARTEx_DisableFifoMode
                0x0000000008008b2a       0x72 ./Drivers/STM32H7xx_HAL_Driver/Src/stm32h7xx_hal_uart_ex.o
                0x0000000008008b2a                HAL_UARTEx_DisableFifoMode
 .text.HAL_UARTEx_SetTxFifoThreshold
                0x0000000008008b9c       0x7c ./Drivers/STM32H7xx_HAL_Driver/Src/stm32h7xx_hal_uart_ex.o
                0x0000000008008b9c                HAL_UARTEx_SetTxFifoThreshold
 .text.HAL_UARTEx_SetRxFifoThreshold
                0x0000000008008c18       0x7c ./Drivers/STM32H7xx_HAL_Driver/Src/stm32h7xx_hal_uart_ex.o
                0x0000000008008c18                HAL_UARTEx_SetRxFifoThreshold
 .text.UARTEx_SetNbDataToProcess
                0x0000000008008c94       0x9c ./Drivers/STM32H7xx_HAL_Driver/Src/stm32h7xx_hal_uart_ex.o
 .text.__errno  0x0000000008008d30        0xc c:/st/stm32cubeide_1.7.0/stm32cubeide/plugins/com.st.stm32cube.ide.mcu.externaltools.gnu-tools-for-stm32.10.3-2021.10.win32_1.0.0.202111181127/tools/bin/../lib/gcc/arm-none-eabi/10.3.1/../../../../arm-none-eabi/lib/thumb/v7e-m+dp/hard\libc_nano.a(lib_a-errno.o)
                0x0000000008008d30                __errno
 .text.__libc_init_array
                0x0000000008008d3c       0x48 c:/st/stm32cubeide_1.7.0/stm32cubeide/plugins/com.st.stm32cube.ide.mcu.externaltools.gnu-tools-for-stm32.10.3-2021.10.win32_1.0.0.202111181127/tools/bin/../lib/gcc/arm-none-eabi/10.3.1/../../../../arm-none-eabi/lib/thumb/v7e-m+dp/hard\libc_nano.a(lib_a-init.o)
                0x0000000008008d3c                __libc_init_array
 .text.memcpy   0x0000000008008d84       0x1c c:/st/stm32cubeide_1.7.0/stm32cubeide/plugins/com.st.stm32cube.ide.mcu.externaltools.gnu-tools-for-stm32.10.3-2021.10.win32_1.0.0.202111181127/tools/bin/../lib/gcc/arm-none-eabi/10.3.1/../../../../arm-none-eabi/lib/thumb/v7e-m+dp/hard\libc_nano.a(lib_a-memcpy-stub.o)
                0x0000000008008d84                memcpy
 .text.memmove  0x0000000008008da0       0x34 c:/st/stm32cubeide_1.7.0/stm32cubeide/plugins/com.st.stm32cube.ide.mcu.externaltools.gnu-tools-for-stm32.10.3-2021.10.win32_1.0.0.202111181127/tools/bin/../lib/gcc/arm-none-eabi/10.3.1/../../../../arm-none-eabi/lib/thumb/v7e-m+dp/hard\libc_nano.a(lib_a-memmove.o)
                0x0000000008008da0                memmove
 .text.memset   0x0000000008008dd4       0x10 c:/st/stm32cubeide_1.7.0/stm32cubeide/plugins/com.st.stm32cube.ide.mcu.externaltools.gnu-tools-for-stm32.10.3-2021.10.win32_1.0.0.202111181127/tools/bin/../lib/gcc/arm-none-eabi/10.3.1/../../../../arm-none-eabi/lib/thumb/v7e-m+dp/hard\libc_nano.a(lib_a-memset.o)
                0x0000000008008dd4                memset
 .text.sprintf  0x0000000008008de4       0x40 c:/st/stm32cubeide_1.7.0/stm32cubeide/plugins/com.st.stm32cube.ide.mcu.externaltools.gnu-tools-for-stm32.10.3-2021.10.win32_1.0.0.202111181127/tools/bin/../lib/gcc/arm-none-eabi/10.3.1/../../../../arm-none-eabi/lib/thumb/v7e-m+dp/hard\libc_nano.a(lib_a-sprintf.o)
                0x0000000008008de4                siprintf
                0x0000000008008de4                sprintf
 .text.__ssputs_r
                0x0000000008008e24       0xb6 c:/st/stm32cubeide_1.7.0/stm32cubeide/plugins/com.st.stm32cube.ide.mcu.externaltools.gnu-tools-for-stm32.10.3-2021.10.win32_1.0.0.202111181127/tools/bin/../lib/gcc/arm-none-eabi/10.3.1/../../../../arm-none-eabi/lib/thumb/v7e-m+dp/hard\libc_nano.a(lib_a-nano-svfprintf.o)
                0x0000000008008e24                __ssputs_r
 *fill*         0x0000000008008eda        0x2 
 .text._svfprintf_r
                0x0000000008008edc      0x200 c:/st/stm32cubeide_1.7.0/stm32cubeide/plugins/com.st.stm32cube.ide.mcu.externaltools.gnu-tools-for-stm32.10.3-2021.10.win32_1.0.0.202111181127/tools/bin/../lib/gcc/arm-none-eabi/10.3.1/../../../../arm-none-eabi/lib/thumb/v7e-m+dp/hard\libc_nano.a(lib_a-nano-svfprintf.o)
                0x0000000008008edc                _svfiprintf_r
                0x0000000008008edc                _svfprintf_r
 .text._printf_common
                0x00000000080090dc       0xda c:/st/stm32cubeide_1.7.0/stm32cubeide/plugins/com.st.stm32cube.ide.mcu.externaltools.gnu-tools-for-stm32.10.3-2021.10.win32_1.0.0.202111181127/tools/bin/../lib/gcc/arm-none-eabi/10.3.1/../../../../arm-none-eabi/lib/thumb/v7e-m+dp/hard\libc_nano.a(lib_a-nano-vfprintf_i.o)
                0x00000000080090dc                _printf_common
 *fill*         0x00000000080091b6        0x2 
 .text._printf_i
                0x00000000080091b8      0x24c c:/st/stm32cubeide_1.7.0/stm32cubeide/plugins/com.st.stm32cube.ide.mcu.externaltools.gnu-tools-for-stm32.10.3-2021.10.win32_1.0.0.202111181127/tools/bin/../lib/gcc/arm-none-eabi/10.3.1/../../../../arm-none-eabi/lib/thumb/v7e-m+dp/hard\libc_nano.a(lib_a-nano-vfprintf_i.o)
                0x00000000080091b8                _printf_i
 .text._free_r  0x0000000008009404       0x98 c:/st/stm32cubeide_1.7.0/stm32cubeide/plugins/com.st.stm32cube.ide.mcu.externaltools.gnu-tools-for-stm32.10.3-2021.10.win32_1.0.0.202111181127/tools/bin/../lib/gcc/arm-none-eabi/10.3.1/../../../../arm-none-eabi/lib/thumb/v7e-m+dp/hard\libc_nano.a(lib_a-nano-freer.o)
                0x0000000008009404                _free_r
 .text.sbrk_aligned
                0x000000000800949c       0x40 c:/st/stm32cubeide_1.7.0/stm32cubeide/plugins/com.st.stm32cube.ide.mcu.externaltools.gnu-tools-for-stm32.10.3-2021.10.win32_1.0.0.202111181127/tools/bin/../lib/gcc/arm-none-eabi/10.3.1/../../../../arm-none-eabi/lib/thumb/v7e-m+dp/hard\libc_nano.a(lib_a-nano-mallocr.o)
 .text._malloc_r
                0x00000000080094dc       0xe8 c:/st/stm32cubeide_1.7.0/stm32cubeide/plugins/com.st.stm32cube.ide.mcu.externaltools.gnu-tools-for-stm32.10.3-2021.10.win32_1.0.0.202111181127/tools/bin/../lib/gcc/arm-none-eabi/10.3.1/../../../../arm-none-eabi/lib/thumb/v7e-m+dp/hard\libc_nano.a(lib_a-nano-mallocr.o)
                0x00000000080094dc                _malloc_r
 .text._realloc_r
                0x00000000080095c4       0x5e c:/st/stm32cubeide_1.7.0/stm32cubeide/plugins/com.st.stm32cube.ide.mcu.externaltools.gnu-tools-for-stm32.10.3-2021.10.win32_1.0.0.202111181127/tools/bin/../lib/gcc/arm-none-eabi/10.3.1/../../../../arm-none-eabi/lib/thumb/v7e-m+dp/hard\libc_nano.a(lib_a-nano-reallocr.o)
                0x00000000080095c4                _realloc_r
 *fill*         0x0000000008009622        0x2 
 .text._sbrk_r  0x0000000008009624       0x20 c:/st/stm32cubeide_1.7.0/stm32cubeide/plugins/com.st.stm32cube.ide.mcu.externaltools.gnu-tools-for-stm32.10.3-2021.10.win32_1.0.0.202111181127/tools/bin/../lib/gcc/arm-none-eabi/10.3.1/../../../../arm-none-eabi/lib/thumb/v7e-m+dp/hard\libc_nano.a(lib_a-sbrkr.o)
                0x0000000008009624                _sbrk_r
 .text.__malloc_lock
                0x0000000008009644        0xc c:/st/stm32cubeide_1.7.0/stm32cubeide/plugins/com.st.stm32cube.ide.mcu.externaltools.gnu-tools-for-stm32.10.3-2021.10.win32_1.0.0.202111181127/tools/bin/../lib/gcc/arm-none-eabi/10.3.1/../../../../arm-none-eabi/lib/thumb/v7e-m+dp/hard\libc_nano.a(lib_a-mlock.o)
                0x0000000008009644                __malloc_lock
 .text.__malloc_unlock
                0x0000000008009650        0xc c:/st/stm32cubeide_1.7.0/stm32cubeide/plugins/com.st.stm32cube.ide.mcu.externaltools.gnu-tools-for-stm32.10.3-2021.10.win32_1.0.0.202111181127/tools/bin/../lib/gcc/arm-none-eabi/10.3.1/../../../../arm-none-eabi/lib/thumb/v7e-m+dp/hard\libc_nano.a(lib_a-mlock.o)
                0x0000000008009650                __malloc_unlock
 .text._malloc_usable_size_r
                0x000000000800965c       0x10 c:/st/stm32cubeide_1.7.0/stm32cubeide/plugins/com.st.stm32cube.ide.mcu.externaltools.gnu-tools-for-stm32.10.3-2021.10.win32_1.0.0.202111181127/tools/bin/../lib/gcc/arm-none-eabi/10.3.1/../../../../arm-none-eabi/lib/thumb/v7e-m+dp/hard\libc_nano.a(lib_a-nano-msizer.o)
                0x000000000800965c                _malloc_usable_size_r
 .text.__retarget_lock_acquire_recursive
                0x000000000800966c        0x2 c:/st/stm32cubeide_1.7.0/stm32cubeide/plugins/com.st.stm32cube.ide.mcu.externaltools.gnu-tools-for-stm32.10.3-2021.10.win32_1.0.0.202111181127/tools/bin/../lib/gcc/arm-none-eabi/10.3.1/../../../../arm-none-eabi/lib/thumb/v7e-m+dp/hard\libc_nano.a(lib_a-lock.o)
                0x000000000800966c                __retarget_lock_acquire_recursive
 .text.__retarget_lock_release_recursive
                0x000000000800966e        0x2 c:/st/stm32cubeide_1.7.0/stm32cubeide/plugins/com.st.stm32cube.ide.mcu.externaltools.gnu-tools-for-stm32.10.3-2021.10.win32_1.0.0.202111181127/tools/bin/../lib/gcc/arm-none-eabi/10.3.1/../../../../arm-none-eabi/lib/thumb/v7e-m+dp/hard\libc_nano.a(lib_a-lock.o)
                0x000000000800966e                __retarget_lock_release_recursive
 *(.glue_7)
 .glue_7        0x0000000008009670        0x0 linker stubs
 *(.glue_7t)
 .glue_7t       0x0000000008009670        0x0 linker stubs
 *(.eh_frame)
 .eh_frame      0x0000000008009670        0x0 c:/st/stm32cubeide_1.7.0/stm32cubeide/plugins/com.st.stm32cube.ide.mcu.externaltools.gnu-tools-for-stm32.10.3-2021.10.win32_1.0.0.202111181127/tools/bin/../lib/gcc/arm-none-eabi/10.3.1/thumb/v7e-m+dp/hard/crtbegin.o
 *(.init)
 .init          0x0000000008009670        0x4 c:/st/stm32cubeide_1.7.0/stm32cubeide/plugins/com.st.stm32cube.ide.mcu.externaltools.gnu-tools-for-stm32.10.3-2021.10.win32_1.0.0.202111181127/tools/bin/../lib/gcc/arm-none-eabi/10.3.1/thumb/v7e-m+dp/hard/crti.o
                0x0000000008009670                _init
 .init          0x0000000008009674        0x8 c:/st/stm32cubeide_1.7.0/stm32cubeide/plugins/com.st.stm32cube.ide.mcu.externaltools.gnu-tools-for-stm32.10.3-2021.10.win32_1.0.0.202111181127/tools/bin/../lib/gcc/arm-none-eabi/10.3.1/thumb/v7e-m+dp/hard/crtn.o
 *(.fini)
 .fini          0x000000000800967c        0x4 c:/st/stm32cubeide_1.7.0/stm32cubeide/plugins/com.st.stm32cube.ide.mcu.externaltools.gnu-tools-for-stm32.10.3-2021.10.win32_1.0.0.202111181127/tools/bin/../lib/gcc/arm-none-eabi/10.3.1/thumb/v7e-m+dp/hard/crti.o
                0x000000000800967c                _fini
 .fini          0x0000000008009680        0x8 c:/st/stm32cubeide_1.7.0/stm32cubeide/plugins/com.st.stm32cube.ide.mcu.externaltools.gnu-tools-for-stm32.10.3-2021.10.win32_1.0.0.202111181127/tools/bin/../lib/gcc/arm-none-eabi/10.3.1/thumb/v7e-m+dp/hard/crtn.o
                0x0000000008009688                . = ALIGN (0x4)
                0x0000000008009688                _etext = .

.vfp11_veneer   0x0000000008009688        0x0
 .vfp11_veneer  0x0000000008009688        0x0 linker stubs

.v4_bx          0x0000000008009688        0x0
 .v4_bx         0x0000000008009688        0x0 linker stubs

.iplt           0x0000000008009688        0x0
 .iplt          0x0000000008009688        0x0 c:/st/stm32cubeide_1.7.0/stm32cubeide/plugins/com.st.stm32cube.ide.mcu.externaltools.gnu-tools-for-stm32.10.3-2021.10.win32_1.0.0.202111181127/tools/bin/../lib/gcc/arm-none-eabi/10.3.1/thumb/v7e-m+dp/hard/crtbegin.o

.rodata         0x0000000008009688      0x810
                0x0000000008009688                . = ALIGN (0x4)
 *(.rodata)
 .rodata        0x0000000008009688       0x2d ./Core/Src/main.o
 *(.rodata*)
 *fill*         0x00000000080096b5        0x3 
 .rodata.Font7x10
                0x00000000080096b8      0x76c ./Core/Src/SSD1306/ssd1306_fonts.o
 .rodata.D1CorePrescTable
                0x0000000008009e24       0x10 ./Core/Src/system_stm32h7xx.o
                0x0000000008009e24                D1CorePrescTable
 .rodata.flagBitshiftOffset.0
                0x0000000008009e34        0x8 ./Drivers/STM32H7xx_HAL_Driver/Src/stm32h7xx_hal_dma.o
 .rodata.UARTPrescTable
                0x0000000008009e3c       0x18 ./Drivers/STM32H7xx_HAL_Driver/Src/stm32h7xx_hal_uart.o
                0x0000000008009e3c                UARTPrescTable
 .rodata.numerator.1
                0x0000000008009e54        0x8 ./Drivers/STM32H7xx_HAL_Driver/Src/stm32h7xx_hal_uart_ex.o
 .rodata.denominator.0
                0x0000000008009e5c        0x8 ./Drivers/STM32H7xx_HAL_Driver/Src/stm32h7xx_hal_uart_ex.o
 .rodata._svfprintf_r.str1.1
                0x0000000008009e64       0x11 c:/st/stm32cubeide_1.7.0/stm32cubeide/plugins/com.st.stm32cube.ide.mcu.externaltools.gnu-tools-for-stm32.10.3-2021.10.win32_1.0.0.202111181127/tools/bin/../lib/gcc/arm-none-eabi/10.3.1/../../../../arm-none-eabi/lib/thumb/v7e-m+dp/hard\libc_nano.a(lib_a-nano-svfprintf.o)
 .rodata._printf_i.str1.1
                0x0000000008009e75       0x22 c:/st/stm32cubeide_1.7.0/stm32cubeide/plugins/com.st.stm32cube.ide.mcu.externaltools.gnu-tools-for-stm32.10.3-2021.10.win32_1.0.0.202111181127/tools/bin/../lib/gcc/arm-none-eabi/10.3.1/../../../../arm-none-eabi/lib/thumb/v7e-m+dp/hard\libc_nano.a(lib_a-nano-vfprintf_i.o)
                0x0000000008009e98                . = ALIGN (0x4)
 *fill*         0x0000000008009e97        0x1 

.ARM.extab
 *(.ARM.extab* .gnu.linkonce.armextab.*)

.ARM            0x0000000008009e98        0x8
                0x0000000008009e98                __exidx_start = .
 *(.ARM.exidx*)
 .ARM.exidx     0x0000000008009e98        0x8 c:/st/stm32cubeide_1.7.0/stm32cubeide/plugins/com.st.stm32cube.ide.mcu.externaltools.gnu-tools-for-stm32.10.3-2021.10.win32_1.0.0.202111181127/tools/bin/../lib/gcc/arm-none-eabi/10.3.1/thumb/v7e-m+dp/hard\libgcc.a(_udivmoddi4.o)
                0x0000000008009ea0                __exidx_end = .

.rel.dyn        0x0000000008009ea0        0x0
 .rel.iplt      0x0000000008009ea0        0x0 c:/st/stm32cubeide_1.7.0/stm32cubeide/plugins/com.st.stm32cube.ide.mcu.externaltools.gnu-tools-for-stm32.10.3-2021.10.win32_1.0.0.202111181127/tools/bin/../lib/gcc/arm-none-eabi/10.3.1/thumb/v7e-m+dp/hard/crtbegin.o

.preinit_array  0x0000000008009ea0        0x0
                0x0000000008009ea0                PROVIDE (__preinit_array_start = .)
 *(.preinit_array*)
                0x0000000008009ea0                PROVIDE (__preinit_array_end = .)

.init_array     0x0000000008009ea0        0x4
                0x0000000008009ea0                PROVIDE (__init_array_start = .)
 *(SORT_BY_NAME(.init_array.*))
 *(.init_array*)
 .init_array    0x0000000008009ea0        0x4 c:/st/stm32cubeide_1.7.0/stm32cubeide/plugins/com.st.stm32cube.ide.mcu.externaltools.gnu-tools-for-stm32.10.3-2021.10.win32_1.0.0.202111181127/tools/bin/../lib/gcc/arm-none-eabi/10.3.1/thumb/v7e-m+dp/hard/crtbegin.o
                0x0000000008009ea4                PROVIDE (__init_array_end = .)

.fini_array     0x0000000008009ea4        0x4
                [!provide]                        PROVIDE (__fini_array_start = .)
 *(SORT_BY_NAME(.fini_array.*))
 *(.fini_array*)
 .fini_array    0x0000000008009ea4        0x4 c:/st/stm32cubeide_1.7.0/stm32cubeide/plugins/com.st.stm32cube.ide.mcu.externaltools.gnu-tools-for-stm32.10.3-2021.10.win32_1.0.0.202111181127/tools/bin/../lib/gcc/arm-none-eabi/10.3.1/thumb/v7e-m+dp/hard/crtbegin.o
                [!provide]                        PROVIDE (__fini_array_end = .)
                0x0000000008009ea8                _sidata = LOADADDR (.data)

.data           0x0000000024000000       0x84 load address 0x0000000008009ea8
                0x0000000024000000                . = ALIGN (0x4)
                0x0000000024000000                _sdata = .
 *(.data)
 *(.data*)
 .data.Font_7x10
                0x0000000024000000        0x8 ./Core/Src/SSD1306/ssd1306_fonts.o
                0x0000000024000000                Font_7x10
 .data.formatSensor
                0x0000000024000008        0x4 ./Core/Src/main.o
                0x0000000024000008                formatSensor
 .data.formatUart
                0x000000002400000c        0x4 ./Core/Src/main.o
                0x000000002400000c                formatUart
 .data.SystemCoreClock
                0x0000000024000010        0x4 ./Core/Src/system_stm32h7xx.o
                0x0000000024000010                SystemCoreClock
 .data.SystemD2Clock
                0x0000000024000014        0x4 ./Core/Src/system_stm32h7xx.o
                0x0000000024000014                SystemD2Clock
 .data.uwTickPrio
                0x0000000024000018        0x4 ./Drivers/STM32H7xx_HAL_Driver/Src/stm32h7xx_hal.o
                0x0000000024000018                uwTickPrio
 .data.uwTickFreq
                0x000000002400001c        0x1 ./Drivers/STM32H7xx_HAL_Driver/Src/stm32h7xx_hal.o
                0x000000002400001c                uwTickFreq
 *fill*         0x000000002400001d        0x3 
 .data._impure_ptr
                0x0000000024000020        0x4 c:/st/stm32cubeide_1.7.0/stm32cubeide/plugins/com.st.stm32cube.ide.mcu.externaltools.gnu-tools-for-stm32.10.3-2021.10.win32_1.0.0.202111181127/tools/bin/../lib/gcc/arm-none-eabi/10.3.1/../../../../arm-none-eabi/lib/thumb/v7e-m+dp/hard\libc_nano.a(lib_a-impure.o)
                0x0000000024000020                _impure_ptr
 .data.impure_data
                0x0000000024000024       0x60 c:/st/stm32cubeide_1.7.0/stm32cubeide/plugins/com.st.stm32cube.ide.mcu.externaltools.gnu-tools-for-stm32.10.3-2021.10.win32_1.0.0.202111181127/tools/bin/../lib/gcc/arm-none-eabi/10.3.1/../../../../arm-none-eabi/lib/thumb/v7e-m+dp/hard\libc_nano.a(lib_a-impure.o)
 *(.RamFunc)
 *(.RamFunc*)
                0x0000000024000084                . = ALIGN (0x4)
                0x0000000024000084                _edata = .

.igot.plt       0x0000000024000084        0x0 load address 0x0000000008009f2c
 .igot.plt      0x0000000024000084        0x0 c:/st/stm32cubeide_1.7.0/stm32cubeide/plugins/com.st.stm32cube.ide.mcu.externaltools.gnu-tools-for-stm32.10.3-2021.10.win32_1.0.0.202111181127/tools/bin/../lib/gcc/arm-none-eabi/10.3.1/thumb/v7e-m+dp/hard/crtbegin.o
                0x0000000024000084                . = ALIGN (0x4)

.bss            0x0000000024000088      0x788 load address 0x0000000008009f2c
                0x0000000024000088                _sbss = .
                0x0000000024000088                __bss_start__ = _sbss
 *(.bss)
 .bss           0x0000000024000088       0x1c c:/st/stm32cubeide_1.7.0/stm32cubeide/plugins/com.st.stm32cube.ide.mcu.externaltools.gnu-tools-for-stm32.10.3-2021.10.win32_1.0.0.202111181127/tools/bin/../lib/gcc/arm-none-eabi/10.3.1/thumb/v7e-m+dp/hard/crtbegin.o
 *(.bss*)
 .bss.SSD1306_Buffer
                0x00000000240000a4      0x200 ./Core/Src/SSD1306/ssd1306.o
 .bss.SSD1306   0x00000000240002a4        0x8 ./Core/Src/SSD1306/ssd1306.o
 .bss.hi2c1     0x00000000240002ac       0x4c ./Core/Src/i2c.o
                0x00000000240002ac                hi2c1
 .bss.hi2c2     0x00000000240002f8       0x4c ./Core/Src/i2c.o
                0x00000000240002f8                hi2c2
 .bss.hdma_i2c2_tx
                0x0000000024000344       0x78 ./Core/Src/i2c.o
                0x0000000024000344                hdma_i2c2_tx
 .bss.messageSensor
                0x00000000240003bc       0x28 ./Core/Src/main.o
                0x00000000240003bc                messageSensor
 .bss.messageUart
                0x00000000240003e4       0x28 ./Core/Src/main.o
                0x00000000240003e4                messageUart
 .bss.__sbrk_heap_end
                0x000000002400040c        0x4 ./Core/Src/sysmem.o
 .bss.huart3    0x0000000024000410       0x90 ./Core/Src/usart.o
                0x0000000024000410                huart3
 .bss.hdma_usart3_tx
                0x00000000240004a0       0x78 ./Core/Src/usart.o
                0x00000000240004a0                hdma_usart3_tx
 .bss.MS5611_rx_buf
                0x0000000024000518        0xc ./Core/Src/gy86/MS5611.o
                0x0000000024000518                MS5611_rx_buf
 .bss.MS5611_rx_temp
                0x0000000024000524        0x3 ./Core/Src/gy86/MS5611.o
                0x0000000024000524                MS5611_rx_temp
 *fill*         0x0000000024000527        0x1 
 .bss.MS5611_rx_press
                0x0000000024000528        0x3 ./Core/Src/gy86/MS5611.o
                0x0000000024000528                MS5611_rx_press
 .bss.MS5611_tx
                0x000000002400052b        0x1 ./Core/Src/gy86/MS5611.o
                0x000000002400052b                MS5611_tx
 *fill*         0x000000002400052c        0x4 
 .bss.MS5611    0x0000000024000530       0x48 ./Core/Src/gy86/MS5611.o
                0x0000000024000530                MS5611
 .bss.timerTab  0x0000000024000578      0x180 ./Core/Src/soft_timer/soft_timer.o
                0x0000000024000578                timerTab
 .bss.functionDelayTab
                0x00000000240006f8      0x100 ./Core/Src/soft_timer/soft_timer.o
                0x00000000240006f8                functionDelayTab
 .bss.timerCnt  0x00000000240007f8        0x1 ./Core/Src/soft_timer/soft_timer.o
                0x00000000240007f8                timerCnt
 .bss.functionDelayCnt
                0x00000000240007f9        0x1 ./Core/Src/soft_timer/soft_timer.o
                0x00000000240007f9                functionDelayCnt
 .bss.oneTimeTimer
                0x00000000240007fa        0x2 ./Core/Src/soft_timer/soft_timer.o
                0x00000000240007fa                oneTimeTimer
 .bss.uwTick    0x00000000240007fc        0x4 ./Drivers/STM32H7xx_HAL_Driver/Src/stm32h7xx_hal.o
                0x00000000240007fc                uwTick
 .bss.__malloc_free_list
                0x0000000024000800        0x4 c:/st/stm32cubeide_1.7.0/stm32cubeide/plugins/com.st.stm32cube.ide.mcu.externaltools.gnu-tools-for-stm32.10.3-2021.10.win32_1.0.0.202111181127/tools/bin/../lib/gcc/arm-none-eabi/10.3.1/../../../../arm-none-eabi/lib/thumb/v7e-m+dp/hard\libc_nano.a(lib_a-nano-mallocr.o)
                0x0000000024000800                __malloc_free_list
 .bss.__malloc_sbrk_start
                0x0000000024000804        0x4 c:/st/stm32cubeide_1.7.0/stm32cubeide/plugins/com.st.stm32cube.ide.mcu.externaltools.gnu-tools-for-stm32.10.3-2021.10.win32_1.0.0.202111181127/tools/bin/../lib/gcc/arm-none-eabi/10.3.1/../../../../arm-none-eabi/lib/thumb/v7e-m+dp/hard\libc_nano.a(lib_a-nano-mallocr.o)
                0x0000000024000804                __malloc_sbrk_start
 .bss.errno     0x0000000024000808        0x4 c:/st/stm32cubeide_1.7.0/stm32cubeide/plugins/com.st.stm32cube.ide.mcu.externaltools.gnu-tools-for-stm32.10.3-2021.10.win32_1.0.0.202111181127/tools/bin/../lib/gcc/arm-none-eabi/10.3.1/../../../../arm-none-eabi/lib/thumb/v7e-m+dp/hard\libc_nano.a(lib_a-reent.o)
                0x0000000024000808                errno
 .bss.__lock___malloc_recursive_mutex
                0x000000002400080c        0x1 c:/st/stm32cubeide_1.7.0/stm32cubeide/plugins/com.st.stm32cube.ide.mcu.externaltools.gnu-tools-for-stm32.10.3-2021.10.win32_1.0.0.202111181127/tools/bin/../lib/gcc/arm-none-eabi/10.3.1/../../../../arm-none-eabi/lib/thumb/v7e-m+dp/hard\libc_nano.a(lib_a-lock.o)
                0x000000002400080c                __lock___malloc_recursive_mutex
 *(COMMON)
                0x0000000024000810                . = ALIGN (0x4)
 *fill*         0x000000002400080d        0x3 
                0x0000000024000810                _ebss = .
                0x0000000024000810                __bss_end__ = _ebss

._user_heap_stack
                0x0000000024000810      0x600 load address 0x0000000008009f2c
                0x0000000024000810                . = ALIGN (0x8)
                [!provide]                        PROVIDE (end = .)
                0x0000000024000810                PROVIDE (_end = .)
                0x0000000024000a10                . = (. + _Min_Heap_Size)
 *fill*         0x0000000024000810      0x200 
                0x0000000024000e10                . = (. + _Min_Stack_Size)
 *fill*         0x0000000024000a10      0x400 
                0x0000000024000e10                . = ALIGN (0x8)

/DISCARD/
 libc.a(*)
 libm.a(*)
 libgcc.a(*)

.ARM.attributes
                0x0000000000000000       0x2e
 *(.ARM.attributes)
 .ARM.attributes
                0x0000000000000000       0x1e c:/st/stm32cubeide_1.7.0/stm32cubeide/plugins/com.st.stm32cube.ide.mcu.externaltools.gnu-tools-for-stm32.10.3-2021.10.win32_1.0.0.202111181127/tools/bin/../lib/gcc/arm-none-eabi/10.3.1/thumb/v7e-m+dp/hard/crti.o
 .ARM.attributes
                0x000000000000001e       0x32 c:/st/stm32cubeide_1.7.0/stm32cubeide/plugins/com.st.stm32cube.ide.mcu.externaltools.gnu-tools-for-stm32.10.3-2021.10.win32_1.0.0.202111181127/tools/bin/../lib/gcc/arm-none-eabi/10.3.1/thumb/v7e-m+dp/hard/crtbegin.o
 .ARM.attributes
                0x0000000000000050       0x32 ./Core/Src/SSD1306/ssd1306.o
 .ARM.attributes
                0x0000000000000082       0x32 ./Core/Src/SSD1306/ssd1306_fonts.o
 .ARM.attributes
                0x00000000000000b4       0x32 ./Core/Src/dma.o
 .ARM.attributes
                0x00000000000000e6       0x32 ./Core/Src/gpio.o
 .ARM.attributes
                0x0000000000000118       0x32 ./Core/Src/i2c.o
 .ARM.attributes
                0x000000000000014a       0x32 ./Core/Src/main.o
 .ARM.attributes
                0x000000000000017c       0x32 ./Core/Src/stm32h7xx_hal_msp.o
 .ARM.attributes
                0x00000000000001ae       0x32 ./Core/Src/stm32h7xx_it.o
 .ARM.attributes
                0x00000000000001e0       0x32 ./Core/Src/sysmem.o
 .ARM.attributes
                0x0000000000000212       0x32 ./Core/Src/system_stm32h7xx.o
 .ARM.attributes
                0x0000000000000244       0x32 ./Core/Src/usart.o
 .ARM.attributes
                0x0000000000000276       0x32 ./Core/Src/usb_otg.o
 .ARM.attributes
                0x00000000000002a8       0x32 ./Core/Src/gy86/MS5611.o
 .ARM.attributes
                0x00000000000002da       0x32 ./Core/Src/soft_timer/soft_timer.o
 .ARM.attributes
                0x000000000000030c       0x21 ./Core/Startup/startup_stm32h7a3zitxq.o
 .ARM.attributes
                0x000000000000032d       0x32 ./Drivers/STM32H7xx_HAL_Driver/Src/stm32h7xx_hal.o
 .ARM.attributes
                0x000000000000035f       0x32 ./Drivers/STM32H7xx_HAL_Driver/Src/stm32h7xx_hal_cortex.o
 .ARM.attributes
                0x0000000000000391       0x32 ./Drivers/STM32H7xx_HAL_Driver/Src/stm32h7xx_hal_dma.o
 .ARM.attributes
                0x00000000000003c3       0x32 ./Drivers/STM32H7xx_HAL_Driver/Src/stm32h7xx_hal_gpio.o
 .ARM.attributes
                0x00000000000003f5       0x32 ./Drivers/STM32H7xx_HAL_Driver/Src/stm32h7xx_hal_i2c.o
 .ARM.attributes
                0x0000000000000427       0x32 ./Drivers/STM32H7xx_HAL_Driver/Src/stm32h7xx_hal_i2c_ex.o
 .ARM.attributes
                0x0000000000000459       0x32 ./Drivers/STM32H7xx_HAL_Driver/Src/stm32h7xx_hal_pwr_ex.o
 .ARM.attributes
                0x000000000000048b       0x32 ./Drivers/STM32H7xx_HAL_Driver/Src/stm32h7xx_hal_rcc.o
 .ARM.attributes
                0x00000000000004bd       0x32 ./Drivers/STM32H7xx_HAL_Driver/Src/stm32h7xx_hal_rcc_ex.o
 .ARM.attributes
                0x00000000000004ef       0x32 ./Drivers/STM32H7xx_HAL_Driver/Src/stm32h7xx_hal_uart.o
 .ARM.attributes
                0x0000000000000521       0x32 ./Drivers/STM32H7xx_HAL_Driver/Src/stm32h7xx_hal_uart_ex.o
 .ARM.attributes
                0x0000000000000553       0x32 c:/st/stm32cubeide_1.7.0/stm32cubeide/plugins/com.st.stm32cube.ide.mcu.externaltools.gnu-tools-for-stm32.10.3-2021.10.win32_1.0.0.202111181127/tools/bin/../lib/gcc/arm-none-eabi/10.3.1/../../../../arm-none-eabi/lib/thumb/v7e-m+dp/hard\libc_nano.a(lib_a-errno.o)
 .ARM.attributes
                0x0000000000000585       0x32 c:/st/stm32cubeide_1.7.0/stm32cubeide/plugins/com.st.stm32cube.ide.mcu.externaltools.gnu-tools-for-stm32.10.3-2021.10.win32_1.0.0.202111181127/tools/bin/../lib/gcc/arm-none-eabi/10.3.1/../../../../arm-none-eabi/lib/thumb/v7e-m+dp/hard\libc_nano.a(lib_a-impure.o)
 .ARM.attributes
                0x00000000000005b7       0x32 c:/st/stm32cubeide_1.7.0/stm32cubeide/plugins/com.st.stm32cube.ide.mcu.externaltools.gnu-tools-for-stm32.10.3-2021.10.win32_1.0.0.202111181127/tools/bin/../lib/gcc/arm-none-eabi/10.3.1/../../../../arm-none-eabi/lib/thumb/v7e-m+dp/hard\libc_nano.a(lib_a-init.o)
 .ARM.attributes
                0x00000000000005e9       0x32 c:/st/stm32cubeide_1.7.0/stm32cubeide/plugins/com.st.stm32cube.ide.mcu.externaltools.gnu-tools-for-stm32.10.3-2021.10.win32_1.0.0.202111181127/tools/bin/../lib/gcc/arm-none-eabi/10.3.1/../../../../arm-none-eabi/lib/thumb/v7e-m+dp/hard\libc_nano.a(lib_a-memcpy-stub.o)
 .ARM.attributes
                0x000000000000061b       0x32 c:/st/stm32cubeide_1.7.0/stm32cubeide/plugins/com.st.stm32cube.ide.mcu.externaltools.gnu-tools-for-stm32.10.3-2021.10.win32_1.0.0.202111181127/tools/bin/../lib/gcc/arm-none-eabi/10.3.1/../../../../arm-none-eabi/lib/thumb/v7e-m+dp/hard\libc_nano.a(lib_a-memmove.o)
 .ARM.attributes
                0x000000000000064d       0x32 c:/st/stm32cubeide_1.7.0/stm32cubeide/plugins/com.st.stm32cube.ide.mcu.externaltools.gnu-tools-for-stm32.10.3-2021.10.win32_1.0.0.202111181127/tools/bin/../lib/gcc/arm-none-eabi/10.3.1/../../../../arm-none-eabi/lib/thumb/v7e-m+dp/hard\libc_nano.a(lib_a-memset.o)
 .ARM.attributes
                0x000000000000067f       0x32 c:/st/stm32cubeide_1.7.0/stm32cubeide/plugins/com.st.stm32cube.ide.mcu.externaltools.gnu-tools-for-stm32.10.3-2021.10.win32_1.0.0.202111181127/tools/bin/../lib/gcc/arm-none-eabi/10.3.1/../../../../arm-none-eabi/lib/thumb/v7e-m+dp/hard\libc_nano.a(lib_a-sprintf.o)
 .ARM.attributes
                0x00000000000006b1       0x17 c:/st/stm32cubeide_1.7.0/stm32cubeide/plugins/com.st.stm32cube.ide.mcu.externaltools.gnu-tools-for-stm32.10.3-2021.10.win32_1.0.0.202111181127/tools/bin/../lib/gcc/arm-none-eabi/10.3.1/../../../../arm-none-eabi/lib/thumb/v7e-m+dp/hard\libc_nano.a(lib_a-strlen.o)
 .ARM.attributes
                0x00000000000006c8       0x32 c:/st/stm32cubeide_1.7.0/stm32cubeide/plugins/com.st.stm32cube.ide.mcu.externaltools.gnu-tools-for-stm32.10.3-2021.10.win32_1.0.0.202111181127/tools/bin/../lib/gcc/arm-none-eabi/10.3.1/../../../../arm-none-eabi/lib/thumb/v7e-m+dp/hard\libc_nano.a(lib_a-nano-svfprintf.o)
 .ARM.attributes
                0x00000000000006fa       0x32 c:/st/stm32cubeide_1.7.0/stm32cubeide/plugins/com.st.stm32cube.ide.mcu.externaltools.gnu-tools-for-stm32.10.3-2021.10.win32_1.0.0.202111181127/tools/bin/../lib/gcc/arm-none-eabi/10.3.1/../../../../arm-none-eabi/lib/thumb/v7e-m+dp/hard\libc_nano.a(lib_a-nano-vfprintf_i.o)
 .ARM.attributes
                0x000000000000072c       0x1c c:/st/stm32cubeide_1.7.0/stm32cubeide/plugins/com.st.stm32cube.ide.mcu.externaltools.gnu-tools-for-stm32.10.3-2021.10.win32_1.0.0.202111181127/tools/bin/../lib/gcc/arm-none-eabi/10.3.1/../../../../arm-none-eabi/lib/thumb/v7e-m+dp/hard\libc_nano.a(lib_a-memchr.o)
 .ARM.attributes
                0x0000000000000748       0x32 c:/st/stm32cubeide_1.7.0/stm32cubeide/plugins/com.st.stm32cube.ide.mcu.externaltools.gnu-tools-for-stm32.10.3-2021.10.win32_1.0.0.202111181127/tools/bin/../lib/gcc/arm-none-eabi/10.3.1/../../../../arm-none-eabi/lib/thumb/v7e-m+dp/hard\libc_nano.a(lib_a-nano-freer.o)
 .ARM.attributes
                0x000000000000077a       0x32 c:/st/stm32cubeide_1.7.0/stm32cubeide/plugins/com.st.stm32cube.ide.mcu.externaltools.gnu-tools-for-stm32.10.3-2021.10.win32_1.0.0.202111181127/tools/bin/../lib/gcc/arm-none-eabi/10.3.1/../../../../arm-none-eabi/lib/thumb/v7e-m+dp/hard\libc_nano.a(lib_a-nano-mallocr.o)
 .ARM.attributes
                0x00000000000007ac       0x32 c:/st/stm32cubeide_1.7.0/stm32cubeide/plugins/com.st.stm32cube.ide.mcu.externaltools.gnu-tools-for-stm32.10.3-2021.10.win32_1.0.0.202111181127/tools/bin/../lib/gcc/arm-none-eabi/10.3.1/../../../../arm-none-eabi/lib/thumb/v7e-m+dp/hard\libc_nano.a(lib_a-nano-reallocr.o)
 .ARM.attributes
                0x00000000000007de       0x32 c:/st/stm32cubeide_1.7.0/stm32cubeide/plugins/com.st.stm32cube.ide.mcu.externaltools.gnu-tools-for-stm32.10.3-2021.10.win32_1.0.0.202111181127/tools/bin/../lib/gcc/arm-none-eabi/10.3.1/../../../../arm-none-eabi/lib/thumb/v7e-m+dp/hard\libc_nano.a(lib_a-sbrkr.o)
 .ARM.attributes
                0x0000000000000810       0x32 c:/st/stm32cubeide_1.7.0/stm32cubeide/plugins/com.st.stm32cube.ide.mcu.externaltools.gnu-tools-for-stm32.10.3-2021.10.win32_1.0.0.202111181127/tools/bin/../lib/gcc/arm-none-eabi/10.3.1/../../../../arm-none-eabi/lib/thumb/v7e-m+dp/hard\libc_nano.a(lib_a-mlock.o)
 .ARM.attributes
                0x0000000000000842       0x32 c:/st/stm32cubeide_1.7.0/stm32cubeide/plugins/com.st.stm32cube.ide.mcu.externaltools.gnu-tools-for-stm32.10.3-2021.10.win32_1.0.0.202111181127/tools/bin/../lib/gcc/arm-none-eabi/10.3.1/../../../../arm-none-eabi/lib/thumb/v7e-m+dp/hard\libc_nano.a(lib_a-nano-msizer.o)
 .ARM.attributes
                0x0000000000000874       0x32 c:/st/stm32cubeide_1.7.0/stm32cubeide/plugins/com.st.stm32cube.ide.mcu.externaltools.gnu-tools-for-stm32.10.3-2021.10.win32_1.0.0.202111181127/tools/bin/../lib/gcc/arm-none-eabi/10.3.1/../../../../arm-none-eabi/lib/thumb/v7e-m+dp/hard\libc_nano.a(lib_a-reent.o)
 .ARM.attributes
                0x00000000000008a6       0x32 c:/st/stm32cubeide_1.7.0/stm32cubeide/plugins/com.st.stm32cube.ide.mcu.externaltools.gnu-tools-for-stm32.10.3-2021.10.win32_1.0.0.202111181127/tools/bin/../lib/gcc/arm-none-eabi/10.3.1/../../../../arm-none-eabi/lib/thumb/v7e-m+dp/hard\libc_nano.a(lib_a-lock.o)
 .ARM.attributes
                0x00000000000008d8       0x1e c:/st/stm32cubeide_1.7.0/stm32cubeide/plugins/com.st.stm32cube.ide.mcu.externaltools.gnu-tools-for-stm32.10.3-2021.10.win32_1.0.0.202111181127/tools/bin/../lib/gcc/arm-none-eabi/10.3.1/thumb/v7e-m+dp/hard\libgcc.a(_arm_addsubdf3.o)
 .ARM.attributes
                0x00000000000008f6       0x1e c:/st/stm32cubeide_1.7.0/stm32cubeide/plugins/com.st.stm32cube.ide.mcu.externaltools.gnu-tools-for-stm32.10.3-2021.10.win32_1.0.0.202111181127/tools/bin/../lib/gcc/arm-none-eabi/10.3.1/thumb/v7e-m+dp/hard\libgcc.a(_aeabi_uldivmod.o)
 .ARM.attributes
                0x0000000000000914       0x32 c:/st/stm32cubeide_1.7.0/stm32cubeide/plugins/com.st.stm32cube.ide.mcu.externaltools.gnu-tools-for-stm32.10.3-2021.10.win32_1.0.0.202111181127/tools/bin/../lib/gcc/arm-none-eabi/10.3.1/thumb/v7e-m+dp/hard\libgcc.a(_udivmoddi4.o)
 .ARM.attributes
                0x0000000000000946       0x1e c:/st/stm32cubeide_1.7.0/stm32cubeide/plugins/com.st.stm32cube.ide.mcu.externaltools.gnu-tools-for-stm32.10.3-2021.10.win32_1.0.0.202111181127/tools/bin/../lib/gcc/arm-none-eabi/10.3.1/thumb/v7e-m+dp/hard\libgcc.a(_dvmd_tls.o)
 .ARM.attributes
                0x0000000000000964       0x1e c:/st/stm32cubeide_1.7.0/stm32cubeide/plugins/com.st.stm32cube.ide.mcu.externaltools.gnu-tools-for-stm32.10.3-2021.10.win32_1.0.0.202111181127/tools/bin/../lib/gcc/arm-none-eabi/10.3.1/thumb/v7e-m+dp/hard/crtn.o
OUTPUT(stacja_pogodowa_SKM.elf elf32-littlearm)
LOAD linker stubs
LOAD c:/st/stm32cubeide_1.7.0/stm32cubeide/plugins/com.st.stm32cube.ide.mcu.externaltools.gnu-tools-for-stm32.10.3-2021.10.win32_1.0.0.202111181127/tools/bin/../lib/gcc/arm-none-eabi/10.3.1/../../../../arm-none-eabi/lib/thumb/v7e-m+dp/hard\libc.a
LOAD c:/st/stm32cubeide_1.7.0/stm32cubeide/plugins/com.st.stm32cube.ide.mcu.externaltools.gnu-tools-for-stm32.10.3-2021.10.win32_1.0.0.202111181127/tools/bin/../lib/gcc/arm-none-eabi/10.3.1/../../../../arm-none-eabi/lib/thumb/v7e-m+dp/hard\libm.a
LOAD c:/st/stm32cubeide_1.7.0/stm32cubeide/plugins/com.st.stm32cube.ide.mcu.externaltools.gnu-tools-for-stm32.10.3-2021.10.win32_1.0.0.202111181127/tools/bin/../lib/gcc/arm-none-eabi/10.3.1/thumb/v7e-m+dp/hard\libgcc.a

.debug_info     0x0000000000000000    0x17a9b
 .debug_info    0x0000000000000000      0xfaf ./Core/Src/SSD1306/ssd1306.o
 .debug_info    0x0000000000000faf      0x128 ./Core/Src/SSD1306/ssd1306_fonts.o
 .debug_info    0x00000000000010d7      0x871 ./Core/Src/dma.o
 .debug_info    0x0000000000001948      0x73f ./Core/Src/gpio.o
 .debug_info    0x0000000000002087     0x114f ./Core/Src/i2c.o
 .debug_info    0x00000000000031d6     0x12b0 ./Core/Src/main.o
 .debug_info    0x0000000000004486      0x4cc ./Core/Src/stm32h7xx_hal_msp.o
 .debug_info    0x0000000000004952      0x4e8 ./Core/Src/stm32h7xx_it.o
 .debug_info    0x0000000000004e3a      0x171 ./Core/Src/sysmem.o
 .debug_info    0x0000000000004fab      0xc8a ./Core/Src/system_stm32h7xx.o
 .debug_info    0x0000000000005c35     0x1193 ./Core/Src/usart.o
 .debug_info    0x0000000000006dc8       0x9e ./Core/Src/usb_otg.o
 .debug_info    0x0000000000006e66      0xb4d ./Core/Src/gy86/MS5611.o
 .debug_info    0x00000000000079b3      0x407 ./Core/Src/soft_timer/soft_timer.o
 .debug_info    0x0000000000007dba       0x22 ./Core/Startup/startup_stm32h7a3zitxq.o
 .debug_info    0x0000000000007ddc     0x1476 ./Drivers/STM32H7xx_HAL_Driver/Src/stm32h7xx_hal.o
 .debug_info    0x0000000000009252     0x114f ./Drivers/STM32H7xx_HAL_Driver/Src/stm32h7xx_hal_cortex.o
 .debug_info    0x000000000000a3a1      0xc06 ./Drivers/STM32H7xx_HAL_Driver/Src/stm32h7xx_hal_dma.o
 .debug_info    0x000000000000afa7      0xbe7 ./Drivers/STM32H7xx_HAL_Driver/Src/stm32h7xx_hal_gpio.o
 .debug_info    0x000000000000bb8e     0x23b3 ./Drivers/STM32H7xx_HAL_Driver/Src/stm32h7xx_hal_i2c.o
 .debug_info    0x000000000000df41      0xcf8 ./Drivers/STM32H7xx_HAL_Driver/Src/stm32h7xx_hal_i2c_ex.o
 .debug_info    0x000000000000ec39      0xfba ./Drivers/STM32H7xx_HAL_Driver/Src/stm32h7xx_hal_pwr_ex.o
 .debug_info    0x000000000000fbf3      0xf8f ./Drivers/STM32H7xx_HAL_Driver/Src/stm32h7xx_hal_rcc.o
 .debug_info    0x0000000000010b82     0x12a4 ./Drivers/STM32H7xx_HAL_Driver/Src/stm32h7xx_hal_rcc_ex.o
 .debug_info    0x0000000000011e26     0x4c6a ./Drivers/STM32H7xx_HAL_Driver/Src/stm32h7xx_hal_uart.o
 .debug_info    0x0000000000016a90     0x100b ./Drivers/STM32H7xx_HAL_Driver/Src/stm32h7xx_hal_uart_ex.o

.debug_abbrev   0x0000000000000000     0x3247
 .debug_abbrev  0x0000000000000000      0x33e ./Core/Src/SSD1306/ssd1306.o
 .debug_abbrev  0x000000000000033e       0xad ./Core/Src/SSD1306/ssd1306_fonts.o
 .debug_abbrev  0x00000000000003eb      0x12c ./Core/Src/dma.o
 .debug_abbrev  0x0000000000000517      0x18c ./Core/Src/gpio.o
 .debug_abbrev  0x00000000000006a3      0x25b ./Core/Src/i2c.o
 .debug_abbrev  0x00000000000008fe      0x2bc ./Core/Src/main.o
 .debug_abbrev  0x0000000000000bba       0xeb ./Core/Src/stm32h7xx_hal_msp.o
 .debug_abbrev  0x0000000000000ca5      0x1a8 ./Core/Src/stm32h7xx_it.o
 .debug_abbrev  0x0000000000000e4d       0xbb ./Core/Src/sysmem.o
 .debug_abbrev  0x0000000000000f08      0x147 ./Core/Src/system_stm32h7xx.o
 .debug_abbrev  0x000000000000104f      0x257 ./Core/Src/usart.o
 .debug_abbrev  0x00000000000012a6       0x47 ./Core/Src/usb_otg.o
 .debug_abbrev  0x00000000000012ed      0x235 ./Core/Src/gy86/MS5611.o
 .debug_abbrev  0x0000000000001522      0x182 ./Core/Src/soft_timer/soft_timer.o
 .debug_abbrev  0x00000000000016a4       0x12 ./Core/Startup/startup_stm32h7a3zitxq.o
 .debug_abbrev  0x00000000000016b6      0x289 ./Drivers/STM32H7xx_HAL_Driver/Src/stm32h7xx_hal.o
 .debug_abbrev  0x000000000000193f      0x329 ./Drivers/STM32H7xx_HAL_Driver/Src/stm32h7xx_hal_cortex.o
 .debug_abbrev  0x0000000000001c68      0x239 ./Drivers/STM32H7xx_HAL_Driver/Src/stm32h7xx_hal_dma.o
 .debug_abbrev  0x0000000000001ea1      0x1ec ./Drivers/STM32H7xx_HAL_Driver/Src/stm32h7xx_hal_gpio.o
 .debug_abbrev  0x000000000000208d      0x243 ./Drivers/STM32H7xx_HAL_Driver/Src/stm32h7xx_hal_i2c.o
 .debug_abbrev  0x00000000000022d0      0x1e1 ./Drivers/STM32H7xx_HAL_Driver/Src/stm32h7xx_hal_i2c_ex.o
 .debug_abbrev  0x00000000000024b1      0x27e ./Drivers/STM32H7xx_HAL_Driver/Src/stm32h7xx_hal_pwr_ex.o
 .debug_abbrev  0x000000000000272f      0x2b8 ./Drivers/STM32H7xx_HAL_Driver/Src/stm32h7xx_hal_rcc.o
 .debug_abbrev  0x00000000000029e7      0x26d ./Drivers/STM32H7xx_HAL_Driver/Src/stm32h7xx_hal_rcc_ex.o
 .debug_abbrev  0x0000000000002c54      0x336 ./Drivers/STM32H7xx_HAL_Driver/Src/stm32h7xx_hal_uart.o
 .debug_abbrev  0x0000000000002f8a      0x2bd ./Drivers/STM32H7xx_HAL_Driver/Src/stm32h7xx_hal_uart_ex.o

.debug_aranges  0x0000000000000000     0x1038
 .debug_aranges
                0x0000000000000000       0xc0 ./Core/Src/SSD1306/ssd1306.o
 .debug_aranges
                0x00000000000000c0       0x18 ./Core/Src/SSD1306/ssd1306_fonts.o
 .debug_aranges
                0x00000000000000d8       0x20 ./Core/Src/dma.o
 .debug_aranges
                0x00000000000000f8       0x20 ./Core/Src/gpio.o
 .debug_aranges
                0x0000000000000118       0x38 ./Core/Src/i2c.o
 .debug_aranges
                0x0000000000000150       0x48 ./Core/Src/main.o
 .debug_aranges
                0x0000000000000198       0x20 ./Core/Src/stm32h7xx_hal_msp.o
 .debug_aranges
                0x00000000000001b8       0x70 ./Core/Src/stm32h7xx_it.o
 .debug_aranges
                0x0000000000000228       0x20 ./Core/Src/sysmem.o
 .debug_aranges
                0x0000000000000248       0x28 ./Core/Src/system_stm32h7xx.o
 .debug_aranges
                0x0000000000000270       0x30 ./Core/Src/usart.o
 .debug_aranges
                0x00000000000002a0       0x20 ./Core/Src/usb_otg.o
 .debug_aranges
                0x00000000000002c0       0x68 ./Core/Src/gy86/MS5611.o
 .debug_aranges
                0x0000000000000328       0x70 ./Core/Src/soft_timer/soft_timer.o
 .debug_aranges
                0x0000000000000398       0x28 ./Core/Startup/startup_stm32h7a3zitxq.o
 .debug_aranges
                0x00000000000003c0      0x1a0 ./Drivers/STM32H7xx_HAL_Driver/Src/stm32h7xx_hal.o
 .debug_aranges
                0x0000000000000560      0x120 ./Drivers/STM32H7xx_HAL_Driver/Src/stm32h7xx_hal_cortex.o
 .debug_aranges
                0x0000000000000680       0xa0 ./Drivers/STM32H7xx_HAL_Driver/Src/stm32h7xx_hal_dma.o
 .debug_aranges
                0x0000000000000720       0x58 ./Drivers/STM32H7xx_HAL_Driver/Src/stm32h7xx_hal_gpio.o
 .debug_aranges
                0x0000000000000778      0x290 ./Drivers/STM32H7xx_HAL_Driver/Src/stm32h7xx_hal_i2c.o
 .debug_aranges
                0x0000000000000a08       0x48 ./Drivers/STM32H7xx_HAL_Driver/Src/stm32h7xx_hal_i2c_ex.o
 .debug_aranges
                0x0000000000000a50      0x188 ./Drivers/STM32H7xx_HAL_Driver/Src/stm32h7xx_hal_pwr_ex.o
 .debug_aranges
                0x0000000000000bd8       0x88 ./Drivers/STM32H7xx_HAL_Driver/Src/stm32h7xx_hal_rcc.o
 .debug_aranges
                0x0000000000000c60       0xf0 ./Drivers/STM32H7xx_HAL_Driver/Src/stm32h7xx_hal_rcc_ex.o
 .debug_aranges
                0x0000000000000d50      0x248 ./Drivers/STM32H7xx_HAL_Driver/Src/stm32h7xx_hal_uart.o
 .debug_aranges
                0x0000000000000f98       0xa0 ./Drivers/STM32H7xx_HAL_Driver/Src/stm32h7xx_hal_uart_ex.o

.debug_ranges   0x0000000000000000      0xec8
 .debug_ranges  0x0000000000000000       0xb0 ./Core/Src/SSD1306/ssd1306.o
 .debug_ranges  0x00000000000000b0       0x10 ./Core/Src/dma.o
 .debug_ranges  0x00000000000000c0       0x10 ./Core/Src/gpio.o
 .debug_ranges  0x00000000000000d0       0x28 ./Core/Src/i2c.o
 .debug_ranges  0x00000000000000f8       0x38 ./Core/Src/main.o
 .debug_ranges  0x0000000000000130       0x10 ./Core/Src/stm32h7xx_hal_msp.o
 .debug_ranges  0x0000000000000140       0x60 ./Core/Src/stm32h7xx_it.o
 .debug_ranges  0x00000000000001a0       0x10 ./Core/Src/sysmem.o
 .debug_ranges  0x00000000000001b0       0x18 ./Core/Src/system_stm32h7xx.o
 .debug_ranges  0x00000000000001c8       0x20 ./Core/Src/usart.o
 .debug_ranges  0x00000000000001e8       0x10 ./Core/Src/usb_otg.o
 .debug_ranges  0x00000000000001f8       0x58 ./Core/Src/gy86/MS5611.o
 .debug_ranges  0x0000000000000250       0x60 ./Core/Src/soft_timer/soft_timer.o
 .debug_ranges  0x00000000000002b0       0x20 ./Core/Startup/startup_stm32h7a3zitxq.o
 .debug_ranges  0x00000000000002d0      0x190 ./Drivers/STM32H7xx_HAL_Driver/Src/stm32h7xx_hal.o
 .debug_ranges  0x0000000000000460      0x110 ./Drivers/STM32H7xx_HAL_Driver/Src/stm32h7xx_hal_cortex.o
 .debug_ranges  0x0000000000000570       0x90 ./Drivers/STM32H7xx_HAL_Driver/Src/stm32h7xx_hal_dma.o
 .debug_ranges  0x0000000000000600       0x48 ./Drivers/STM32H7xx_HAL_Driver/Src/stm32h7xx_hal_gpio.o
 .debug_ranges  0x0000000000000648      0x280 ./Drivers/STM32H7xx_HAL_Driver/Src/stm32h7xx_hal_i2c.o
 .debug_ranges  0x00000000000008c8       0x38 ./Drivers/STM32H7xx_HAL_Driver/Src/stm32h7xx_hal_i2c_ex.o
 .debug_ranges  0x0000000000000900      0x178 ./Drivers/STM32H7xx_HAL_Driver/Src/stm32h7xx_hal_pwr_ex.o
 .debug_ranges  0x0000000000000a78       0x78 ./Drivers/STM32H7xx_HAL_Driver/Src/stm32h7xx_hal_rcc.o
 .debug_ranges  0x0000000000000af0       0xe0 ./Drivers/STM32H7xx_HAL_Driver/Src/stm32h7xx_hal_rcc_ex.o
 .debug_ranges  0x0000000000000bd0      0x268 ./Drivers/STM32H7xx_HAL_Driver/Src/stm32h7xx_hal_uart.o
 .debug_ranges  0x0000000000000e38       0x90 ./Drivers/STM32H7xx_HAL_Driver/Src/stm32h7xx_hal_uart_ex.o

.debug_macro    0x0000000000000000    0x30eaf
 .debug_macro   0x0000000000000000      0x31f ./Core/Src/SSD1306/ssd1306.o
 .debug_macro   0x000000000000031f      0xa90 ./Core/Src/SSD1306/ssd1306.o
 .debug_macro   0x0000000000000daf      0x174 ./Core/Src/SSD1306/ssd1306.o
 .debug_macro   0x0000000000000f23       0x22 ./Core/Src/SSD1306/ssd1306.o
 .debug_macro   0x0000000000000f45       0x4c ./Core/Src/SSD1306/ssd1306.o
 .debug_macro   0x0000000000000f91       0x1d ./Core/Src/SSD1306/ssd1306.o
 .debug_macro   0x0000000000000fae       0x94 ./Core/Src/SSD1306/ssd1306.o
 .debug_macro   0x0000000000001042       0x3c ./Core/Src/SSD1306/ssd1306.o
 .debug_macro   0x000000000000107e       0x34 ./Core/Src/SSD1306/ssd1306.o
 .debug_macro   0x00000000000010b2       0x34 ./Core/Src/SSD1306/ssd1306.o
 .debug_macro   0x00000000000010e6      0x232 ./Core/Src/SSD1306/ssd1306.o
 .debug_macro   0x0000000000001318       0x28 ./Core/Src/SSD1306/ssd1306.o
 .debug_macro   0x0000000000001340       0x42 ./Core/Src/SSD1306/ssd1306.o
 .debug_macro   0x0000000000001382       0x57 ./Core/Src/SSD1306/ssd1306.o
 .debug_macro   0x00000000000013d9      0x103 ./Core/Src/SSD1306/ssd1306.o
 .debug_macro   0x00000000000014dc       0x6a ./Core/Src/SSD1306/ssd1306.o
 .debug_macro   0x0000000000001546      0x1df ./Core/Src/SSD1306/ssd1306.o
 .debug_macro   0x0000000000001725       0x1c ./Core/Src/SSD1306/ssd1306.o
 .debug_macro   0x0000000000001741       0x22 ./Core/Src/SSD1306/ssd1306.o
 .debug_macro   0x0000000000001763       0xfb ./Core/Src/SSD1306/ssd1306.o
 .debug_macro   0x000000000000185e     0x1305 ./Core/Src/SSD1306/ssd1306.o
 .debug_macro   0x0000000000002b63      0x11f ./Core/Src/SSD1306/ssd1306.o
 .debug_macro   0x0000000000002c82       0x27 ./Core/Src/SSD1306/ssd1306.o
 .debug_macro   0x0000000000002ca9    0x1e8d1 ./Core/Src/SSD1306/ssd1306.o
 .debug_macro   0x000000000002157a       0x6d ./Core/Src/SSD1306/ssd1306.o
 .debug_macro   0x00000000000215e7     0x3d29 ./Core/Src/SSD1306/ssd1306.o
 .debug_macro   0x0000000000025310       0x16 ./Core/Src/SSD1306/ssd1306.o
 .debug_macro   0x0000000000025326       0x43 ./Core/Src/SSD1306/ssd1306.o
 .debug_macro   0x0000000000025369       0x34 ./Core/Src/SSD1306/ssd1306.o
 .debug_macro   0x000000000002539d       0x10 ./Core/Src/SSD1306/ssd1306.o
 .debug_macro   0x00000000000253ad       0x58 ./Core/Src/SSD1306/ssd1306.o
 .debug_macro   0x0000000000025405       0x71 ./Core/Src/SSD1306/ssd1306.o
 .debug_macro   0x0000000000025476       0x1c ./Core/Src/SSD1306/ssd1306.o
 .debug_macro   0x0000000000025492      0x12a ./Core/Src/SSD1306/ssd1306.o
 .debug_macro   0x00000000000255bc      0x341 ./Core/Src/SSD1306/ssd1306.o
 .debug_macro   0x00000000000258fd      0x19b ./Core/Src/SSD1306/ssd1306.o
 .debug_macro   0x0000000000025a98       0x5d ./Core/Src/SSD1306/ssd1306.o
 .debug_macro   0x0000000000025af5     0x24ee ./Core/Src/SSD1306/ssd1306.o
 .debug_macro   0x0000000000027fe3     0x1010 ./Core/Src/SSD1306/ssd1306.o
 .debug_macro   0x0000000000028ff3      0x14d ./Core/Src/SSD1306/ssd1306.o
 .debug_macro   0x0000000000029140      0x114 ./Core/Src/SSD1306/ssd1306.o
 .debug_macro   0x0000000000029254      0x3bf ./Core/Src/SSD1306/ssd1306.o
 .debug_macro   0x0000000000029613       0xac ./Core/Src/SSD1306/ssd1306.o
 .debug_macro   0x00000000000296bf      0x70a ./Core/Src/SSD1306/ssd1306.o
 .debug_macro   0x0000000000029dc9      0x20c ./Core/Src/SSD1306/ssd1306.o
 .debug_macro   0x0000000000029fd5       0x66 ./Core/Src/SSD1306/ssd1306.o
 .debug_macro   0x000000000002a03b      0x3c9 ./Core/Src/SSD1306/ssd1306.o
 .debug_macro   0x000000000002a404      0x3eb ./Core/Src/SSD1306/ssd1306.o
 .debug_macro   0x000000000002a7ef      0x275 ./Core/Src/SSD1306/ssd1306.o
 .debug_macro   0x000000000002aa64      0x6c8 ./Core/Src/SSD1306/ssd1306.o
 .debug_macro   0x000000000002b12c      0x520 ./Core/Src/SSD1306/ssd1306.o
 .debug_macro   0x000000000002b64c       0x58 ./Core/Src/SSD1306/ssd1306.o
 .debug_macro   0x000000000002b6a4       0x4a ./Core/Src/SSD1306/ssd1306.o
 .debug_macro   0x000000000002b6ee      0x22c ./Core/Src/SSD1306/ssd1306.o
 .debug_macro   0x000000000002b91a       0x67 ./Core/Src/SSD1306/ssd1306.o
 .debug_macro   0x000000000002b981       0xa5 ./Core/Src/SSD1306/ssd1306.o
 .debug_macro   0x000000000002ba26      0x1bd ./Core/Src/SSD1306/ssd1306.o
 .debug_macro   0x000000000002bbe3      0x2dc ./Core/Src/SSD1306/ssd1306.o
 .debug_macro   0x000000000002bebf       0x35 ./Core/Src/SSD1306/ssd1306.o
 .debug_macro   0x000000000002bef4      0x67e ./Core/Src/SSD1306/ssd1306.o
 .debug_macro   0x000000000002c572       0xa6 ./Core/Src/SSD1306/ssd1306.o
 .debug_macro   0x000000000002c618      0x5be ./Core/Src/SSD1306/ssd1306.o
 .debug_macro   0x000000000002cbd6       0x34 ./Core/Src/SSD1306/ssd1306.o
 .debug_macro   0x000000000002cc0a       0x16 ./Core/Src/SSD1306/ssd1306.o
 .debug_macro   0x000000000002cc20       0x35 ./Core/Src/SSD1306/ssd1306.o
 .debug_macro   0x000000000002cc55       0x16 ./Core/Src/SSD1306/ssd1306.o
 .debug_macro   0x000000000002cc6b       0x29 ./Core/Src/SSD1306/ssd1306.o
 .debug_macro   0x000000000002cc94       0x16 ./Core/Src/SSD1306/ssd1306.o
 .debug_macro   0x000000000002ccaa       0x20 ./Core/Src/SSD1306/ssd1306.o
 .debug_macro   0x000000000002ccca       0x76 ./Core/Src/SSD1306/ssd1306_fonts.o
 .debug_macro   0x000000000002cd40       0x8e ./Core/Src/SSD1306/ssd1306_fonts.o
 .debug_macro   0x000000000002cdce       0x51 ./Core/Src/SSD1306/ssd1306_fonts.o
 .debug_macro   0x000000000002ce1f      0x2ad ./Core/Src/dma.o
 .debug_macro   0x000000000002d0cc       0x2e ./Core/Src/dma.o
 .debug_macro   0x000000000002d0fa       0x52 ./Core/Src/dma.o
 .debug_macro   0x000000000002d14c       0xc4 ./Core/Src/dma.o
 .debug_macro   0x000000000002d210      0x2ad ./Core/Src/gpio.o
 .debug_macro   0x000000000002d4bd      0x2ad ./Core/Src/i2c.o
 .debug_macro   0x000000000002d76a      0x409 ./Core/Src/main.o
 .debug_macro   0x000000000002db73       0xa0 ./Core/Src/main.o
 .debug_macro   0x000000000002dc13      0x2a3 ./Core/Src/stm32h7xx_hal_msp.o
 .debug_macro   0x000000000002deb6      0x2ad ./Core/Src/stm32h7xx_it.o
 .debug_macro   0x000000000002e163       0xff ./Core/Src/sysmem.o
 .debug_macro   0x000000000002e262      0x23b ./Core/Src/sysmem.o
 .debug_macro   0x000000000002e49d      0x294 ./Core/Src/system_stm32h7xx.o
 .debug_macro   0x000000000002e731      0x2ad ./Core/Src/usart.o
 .debug_macro   0x000000000002e9de      0x2ad ./Core/Src/usb_otg.o
 .debug_macro   0x000000000002ec8b      0x2b9 ./Core/Src/gy86/MS5611.o
 .debug_macro   0x000000000002ef44       0x9a ./Core/Src/gy86/MS5611.o
 .debug_macro   0x000000000002efde       0x73 ./Core/Src/soft_timer/soft_timer.o
 .debug_macro   0x000000000002f051      0x2be ./Drivers/STM32H7xx_HAL_Driver/Src/stm32h7xx_hal.o
 .debug_macro   0x000000000002f30f      0x294 ./Drivers/STM32H7xx_HAL_Driver/Src/stm32h7xx_hal_cortex.o
 .debug_macro   0x000000000002f5a3      0x2e7 ./Drivers/STM32H7xx_HAL_Driver/Src/stm32h7xx_hal_dma.o
 .debug_macro   0x000000000002f88a      0x29b ./Drivers/STM32H7xx_HAL_Driver/Src/stm32h7xx_hal_gpio.o
 .debug_macro   0x000000000002fb25      0x360 ./Drivers/STM32H7xx_HAL_Driver/Src/stm32h7xx_hal_i2c.o
 .debug_macro   0x000000000002fe85      0x294 ./Drivers/STM32H7xx_HAL_Driver/Src/stm32h7xx_hal_i2c_ex.o
 .debug_macro   0x0000000000030119      0x2cd ./Drivers/STM32H7xx_HAL_Driver/Src/stm32h7xx_hal_pwr_ex.o
 .debug_macro   0x00000000000303e6      0x2b8 ./Drivers/STM32H7xx_HAL_Driver/Src/stm32h7xx_hal_rcc.o
 .debug_macro   0x000000000003069e      0x2b2 ./Drivers/STM32H7xx_HAL_Driver/Src/stm32h7xx_hal_rcc_ex.o
 .debug_macro   0x0000000000030950      0x2bf ./Drivers/STM32H7xx_HAL_Driver/Src/stm32h7xx_hal_uart.o
 .debug_macro   0x0000000000030c0f      0x2a0 ./Drivers/STM32H7xx_HAL_Driver/Src/stm32h7xx_hal_uart_ex.o

.debug_line     0x0000000000000000    0x193fb
 .debug_line    0x0000000000000000      0xdb9 ./Core/Src/SSD1306/ssd1306.o
 .debug_line    0x0000000000000db9      0x399 ./Core/Src/SSD1306/ssd1306_fonts.o
 .debug_line    0x0000000000001152      0x814 ./Core/Src/dma.o
 .debug_line    0x0000000000001966      0x881 ./Core/Src/gpio.o
 .debug_line    0x00000000000021e7      0x959 ./Core/Src/i2c.o
 .debug_line    0x0000000000002b40      0xac9 ./Core/Src/main.o
 .debug_line    0x0000000000003609      0x815 ./Core/Src/stm32h7xx_hal_msp.o
 .debug_line    0x0000000000003e1e      0x90a ./Core/Src/stm32h7xx_it.o
 .debug_line    0x0000000000004728      0x4e5 ./Core/Src/sysmem.o
 .debug_line    0x0000000000004c0d      0x9bb ./Core/Src/system_stm32h7xx.o
 .debug_line    0x00000000000055c8      0x8de ./Core/Src/usart.o
 .debug_line    0x0000000000005ea6      0x815 ./Core/Src/usb_otg.o
 .debug_line    0x00000000000066bb      0xa8f ./Core/Src/gy86/MS5611.o
 .debug_line    0x000000000000714a      0x658 ./Core/Src/soft_timer/soft_timer.o
 .debug_line    0x00000000000077a2       0x89 ./Core/Startup/startup_stm32h7a3zitxq.o
 .debug_line    0x000000000000782b      0xdd1 ./Drivers/STM32H7xx_HAL_Driver/Src/stm32h7xx_hal.o
 .debug_line    0x00000000000085fc      0xdca ./Drivers/STM32H7xx_HAL_Driver/Src/stm32h7xx_hal_cortex.o
 .debug_line    0x00000000000093c6     0x2840 ./Drivers/STM32H7xx_HAL_Driver/Src/stm32h7xx_hal_dma.o
 .debug_line    0x000000000000bc06      0xc87 ./Drivers/STM32H7xx_HAL_Driver/Src/stm32h7xx_hal_gpio.o
 .debug_line    0x000000000000c88d     0x37dc ./Drivers/STM32H7xx_HAL_Driver/Src/stm32h7xx_hal_i2c.o
 .debug_line    0x0000000000010069      0xa34 ./Drivers/STM32H7xx_HAL_Driver/Src/stm32h7xx_hal_i2c_ex.o
 .debug_line    0x0000000000010a9d      0xf52 ./Drivers/STM32H7xx_HAL_Driver/Src/stm32h7xx_hal_pwr_ex.o
 .debug_line    0x00000000000119ef     0x12d1 ./Drivers/STM32H7xx_HAL_Driver/Src/stm32h7xx_hal_rcc.o
 .debug_line    0x0000000000012cc0     0x1a0b ./Drivers/STM32H7xx_HAL_Driver/Src/stm32h7xx_hal_rcc_ex.o
 .debug_line    0x00000000000146cb     0x3e8e ./Drivers/STM32H7xx_HAL_Driver/Src/stm32h7xx_hal_uart.o
 .debug_line    0x0000000000018559      0xea2 ./Drivers/STM32H7xx_HAL_Driver/Src/stm32h7xx_hal_uart_ex.o

.debug_str      0x0000000000000000   0x135c68
 .debug_str     0x0000000000000000   0x12e772 ./Core/Src/SSD1306/ssd1306.o
                                     0x12ecb3 (size before relaxing)
 .debug_str     0x000000000012e772       0x37 ./Core/Src/SSD1306/ssd1306_fonts.o
                                       0x3d6a (size before relaxing)
 .debug_str     0x000000000012e7a9      0xc75 ./Core/Src/dma.o
                                     0x12ed6d (size before relaxing)
 .debug_str     0x000000000012f41e       0xd9 ./Core/Src/gpio.o
                                     0x12e63f (size before relaxing)
 .debug_str     0x000000000012f4f7      0x3cb ./Core/Src/i2c.o
                                     0x12f01f (size before relaxing)
 .debug_str     0x000000000012f8c2     0x18a1 ./Core/Src/main.o
                                     0x13052e (size before relaxing)
 .debug_str     0x0000000000131163       0x2c ./Core/Src/stm32h7xx_hal_msp.o
                                     0x12e562 (size before relaxing)
 .debug_str     0x000000000013118f      0x129 ./Core/Src/stm32h7xx_it.o
                                     0x12e730 (size before relaxing)