Archive member included to satisfy reference by file (symbol)

c:/st/stm32cubeide_1.7.0/stm32cubeide/plugins/com.st.stm32cube.ide.mcu.externaltools.gnu-tools-for-stm32.10.3-2021.10.win32_1.0.0.202111181127/tools/bin/../lib/gcc/arm-none-eabi/10.3.1/../../../../arm-none-eabi/lib/thumb/v7e-m+dp/hard\libc_nano.a(lib_a-errno.o)
                              ./Core/Src/syscalls.o (__errno)
c:/st/stm32cubeide_1.7.0/stm32cubeide/plugins/com.st.stm32cube.ide.mcu.externaltools.gnu-tools-for-stm32.10.3-2021.10.win32_1.0.0.202111181127/tools/bin/../lib/gcc/arm-none-eabi/10.3.1/../../../../arm-none-eabi/lib/thumb/v7e-m+dp/hard\libc_nano.a(lib_a-exit.o)
                              c:/st/stm32cubeide_1.7.0/stm32cubeide/plugins/com.st.stm32cube.ide.mcu.externaltools.gnu-tools-for-stm32.10.3-2021.10.win32_1.0.0.202111181127/tools/bin/../lib/gcc/arm-none-eabi/10.3.1/../../../../arm-none-eabi/lib/thumb/v7e-m+dp/hard/crt0.o (exit)
c:/st/stm32cubeide_1.7.0/stm32cubeide/plugins/com.st.stm32cube.ide.mcu.externaltools.gnu-tools-for-stm32.10.3-2021.10.win32_1.0.0.202111181127/tools/bin/../lib/gcc/arm-none-eabi/10.3.1/../../../../arm-none-eabi/lib/thumb/v7e-m+dp/hard\libc_nano.a(lib_a-impure.o)
                              c:/st/stm32cubeide_1.7.0/stm32cubeide/plugins/com.st.stm32cube.ide.mcu.externaltools.gnu-tools-for-stm32.10.3-2021.10.win32_1.0.0.202111181127/tools/bin/../lib/gcc/arm-none-eabi/10.3.1/../../../../arm-none-eabi/lib/thumb/v7e-m+dp/hard\libc_nano.a(lib_a-exit.o) (_global_impure_ptr)
c:/st/stm32cubeide_1.7.0/stm32cubeide/plugins/com.st.stm32cube.ide.mcu.externaltools.gnu-tools-for-stm32.10.3-2021.10.win32_1.0.0.202111181127/tools/bin/../lib/gcc/arm-none-eabi/10.3.1/../../../../arm-none-eabi/lib/thumb/v7e-m+dp/hard\libc_nano.a(lib_a-init.o)
                              c:/st/stm32cubeide_1.7.0/stm32cubeide/plugins/com.st.stm32cube.ide.mcu.externaltools.gnu-tools-for-stm32.10.3-2021.10.win32_1.0.0.202111181127/tools/bin/../lib/gcc/arm-none-eabi/10.3.1/../../../../arm-none-eabi/lib/thumb/v7e-m+dp/hard/crt0.o (__libc_init_array)
c:/st/stm32cubeide_1.7.0/stm32cubeide/plugins/com.st.stm32cube.ide.mcu.externaltools.gnu-tools-for-stm32.10.3-2021.10.win32_1.0.0.202111181127/tools/bin/../lib/gcc/arm-none-eabi/10.3.1/../../../../arm-none-eabi/lib/thumb/v7e-m+dp/hard\libc_nano.a(lib_a-memcpy-stub.o)
                              ./Core/Src/SSD1306/ssd1306.o (memcpy)
c:/st/stm32cubeide_1.7.0/stm32cubeide/plugins/com.st.stm32cube.ide.mcu.externaltools.gnu-tools-for-stm32.10.3-2021.10.win32_1.0.0.202111181127/tools/bin/../lib/gcc/arm-none-eabi/10.3.1/../../../../arm-none-eabi/lib/thumb/v7e-m+dp/hard\libc_nano.a(lib_a-memmove.o)
                              ./Core/Src/SSD1306/ssd1306_tests.o (memmove)
c:/st/stm32cubeide_1.7.0/stm32cubeide/plugins/com.st.stm32cube.ide.mcu.externaltools.gnu-tools-for-stm32.10.3-2021.10.win32_1.0.0.202111181127/tools/bin/../lib/gcc/arm-none-eabi/10.3.1/../../../../arm-none-eabi/lib/thumb/v7e-m+dp/hard\libc_nano.a(lib_a-memset.o)
                              c:/st/stm32cubeide_1.7.0/stm32cubeide/plugins/com.st.stm32cube.ide.mcu.externaltools.gnu-tools-for-stm32.10.3-2021.10.win32_1.0.0.202111181127/tools/bin/../lib/gcc/arm-none-eabi/10.3.1/../../../../arm-none-eabi/lib/thumb/v7e-m+dp/hard/crt0.o (memset)
c:/st/stm32cubeide_1.7.0/stm32cubeide/plugins/com.st.stm32cube.ide.mcu.externaltools.gnu-tools-for-stm32.10.3-2021.10.win32_1.0.0.202111181127/tools/bin/../lib/gcc/arm-none-eabi/10.3.1/../../../../arm-none-eabi/lib/thumb/v7e-m+dp/hard\libc_nano.a(lib_a-snprintf.o)
                              ./Core/Src/SSD1306/ssd1306_tests.o (snprintf)
c:/st/stm32cubeide_1.7.0/stm32cubeide/plugins/com.st.stm32cube.ide.mcu.externaltools.gnu-tools-for-stm32.10.3-2021.10.win32_1.0.0.202111181127/tools/bin/../lib/gcc/arm-none-eabi/10.3.1/../../../../arm-none-eabi/lib/thumb/v7e-m+dp/hard\libc_nano.a(lib_a-nano-svfprintf.o)
                              c:/st/stm32cubeide_1.7.0/stm32cubeide/plugins/com.st.stm32cube.ide.mcu.externaltools.gnu-tools-for-stm32.10.3-2021.10.win32_1.0.0.202111181127/tools/bin/../lib/gcc/arm-none-eabi/10.3.1/../../../../arm-none-eabi/lib/thumb/v7e-m+dp/hard\libc_nano.a(lib_a-snprintf.o) (_svfprintf_r)
c:/st/stm32cubeide_1.7.0/stm32cubeide/plugins/com.st.stm32cube.ide.mcu.externaltools.gnu-tools-for-stm32.10.3-2021.10.win32_1.0.0.202111181127/tools/bin/../lib/gcc/arm-none-eabi/10.3.1/../../../../arm-none-eabi/lib/thumb/v7e-m+dp/hard\libc_nano.a(lib_a-nano-vfprintf_i.o)
                              c:/st/stm32cubeide_1.7.0/stm32cubeide/plugins/com.st.stm32cube.ide.mcu.externaltools.gnu-tools-for-stm32.10.3-2021.10.win32_1.0.0.202111181127/tools/bin/../lib/gcc/arm-none-eabi/10.3.1/../../../../arm-none-eabi/lib/thumb/v7e-m+dp/hard\libc_nano.a(lib_a-nano-svfprintf.o) (_printf_i)
[...]
Memory Configuration

Name             Origin             Length             Attributes
ITCMRAM          0x0000000000000000 0x0000000000010000 xrw
FLASH            0x0000000008000000 0x0000000000200000 xr
DTCMRAM1         0x0000000020000000 0x0000000000010000 xrw
DTCMRAM2         0x0000000020010000 0x0000000000010000 xrw
RAM              0x0000000024000000 0x0000000000100000 xrw
RAM_CD           0x0000000030000000 0x0000000000020000 xrw
RAM_SRD          0x0000000038000000 0x0000000000008000 xrw
*default*        0x0000000000000000 0xffffffffffffffff

Linker script and memory map

LOAD c:/st/stm32cubeide_1.7.0/stm32cubeide/plugins/com.st.stm32cube.ide.mcu.externaltools.gnu-tools-for-stm32.10.3-2021.10.win32_1.0.0.202111181127/tools/bin/../lib/gcc/arm-none-eabi/10.3.1/thumb/v7e-m+dp/hard/crti.o
LOAD c:/st/stm32cubeide_1.7.0/stm32cubeide/plugins/com.st.stm32cube.ide.mcu.externaltools.gnu-tools-for-stm32.10.3-2021.10.win32_1.0.0.202111181127/tools/bin/../lib/gcc/arm-none-eabi/10.3.1/thumb/v7e-m+dp/hard/crtbegin.o
LOAD c:/st/stm32cubeide_1.7.0/stm32cubeide/plugins/com.st.stm32cube.ide.mcu.externaltools.gnu-tools-for-stm32.10.3-2021.10.win32_1.0.0.202111181127/tools/bin/../lib/gcc/arm-none-eabi/10.3.1/../../../../arm-none-eabi/lib/thumb/v7e-m+dp/hard/crt0.o
LOAD ./Core/Src/SSD1306/ssd1306.o
LOAD ./Core/Src/SSD1306/ssd1306_fonts.o
LOAD ./Core/Src/SSD1306/ssd1306_tests.o
LOAD ./Core/Src/gpio.o
LOAD ./Core/Src/i2c.o
LOAD ./Core/Src/main.o
LOAD ./Core/Src/stm32h7xx_hal_msp.o
LOAD ./Core/Src/stm32h7xx_it.o
LOAD ./Core/Src/syscalls.o
LOAD ./Core/Src/sysmem.o
LOAD ./Core/Src/system_stm32h7xx.o
LOAD ./Core/Src/usart.o
LOAD ./Core/Src/usb_otg.o
LOAD ./Core/Src/gy86/MPU6050.o
LOAD ./Core/Src/gy86/MS5611.o
LOAD ./Core/Src/soft_timer/soft_timer.o
LOAD ./Core/Startup/startup_stm32h7a3zitxq.o
LOAD ./Drivers/STM32H7xx_HAL_Driver/Src/stm32h7xx_hal.o
LOAD ./Drivers/STM32H7xx_HAL_Driver/Src/stm32h7xx_hal_cortex.o
LOAD ./Drivers/STM32H7xx_HAL_Driver/Src/stm32h7xx_hal_dma.o
LOAD ./Drivers/STM32H7xx_HAL_Driver/Src/stm32h7xx_hal_dma_ex.o
LOAD ./Drivers/STM32H7xx_HAL_Driver/Src/stm32h7xx_hal_exti.o
LOAD ./Drivers/STM32H7xx_HAL_Driver/Src/stm32h7xx_hal_flash.o
LOAD ./Drivers/STM32H7xx_HAL_Driver/Src/stm32h7xx_hal_flash_ex.o
LOAD ./Drivers/STM32H7xx_HAL_Driver/Src/stm32h7xx_hal_gpio.o
LOAD ./Drivers/STM32H7xx_HAL_Driver/Src/stm32h7xx_hal_hsem.o
LOAD ./Drivers/STM32H7xx_HAL_Driver/Src/stm32h7xx_hal_i2c.o
LOAD ./Drivers/STM32H7xx_HAL_Driver/Src/stm32h7xx_hal_i2c_ex.o
LOAD ./Drivers/STM32H7xx_HAL_Driver/Src/stm32h7xx_hal_mdma.o
LOAD ./Drivers/STM32H7xx_HAL_Driver/Src/stm32h7xx_hal_pwr.o
LOAD ./Drivers/STM32H7xx_HAL_Driver/Src/stm32h7xx_hal_pwr_ex.o
LOAD ./Drivers/STM32H7xx_HAL_Driver/Src/stm32h7xx_hal_rcc.o
LOAD ./Drivers/STM32H7xx_HAL_Driver/Src/stm32h7xx_hal_rcc_ex.o
LOAD ./Drivers/STM32H7xx_HAL_Driver/Src/stm32h7xx_hal_tim.o
LOAD ./Drivers/STM32H7xx_HAL_Driver/Src/stm32h7xx_hal_tim_ex.o
LOAD ./Drivers/STM32H7xx_HAL_Driver/Src/stm32h7xx_hal_uart.o
LOAD ./Drivers/STM32H7xx_HAL_Driver/Src/stm32h7xx_hal_uart_ex.o
START GROUP
LOAD c:/st/stm32cubeide_1.7.0/stm32cubeide/plugins/com.st.stm32cube.ide.mcu.externaltools.gnu-tools-for-stm32.10.3-2021.10.win32_1.0.0.202111181127/tools/bin/../lib/gcc/arm-none-eabi/10.3.1/../../../../arm-none-eabi/lib/thumb/v7e-m+dp/hard\libc_nano.a
LOAD c:/st/stm32cubeide_1.7.0/stm32cubeide/plugins/com.st.stm32cube.ide.mcu.externaltools.gnu-tools-for-stm32.10.3-2021.10.win32_1.0.0.202111181127/tools/bin/../lib/gcc/arm-none-eabi/10.3.1/../../../../arm-none-eabi/lib/thumb/v7e-m+dp/hard\libm.a
END GROUP
START GROUP
LOAD c:/st/stm32cubeide_1.7.0/stm32cubeide/plugins/com.st.stm32cube.ide.mcu.externaltools.gnu-tools-for-stm32.10.3-2021.10.win32_1.0.0.202111181127/tools/bin/../lib/gcc/arm-none-eabi/10.3.1/thumb/v7e-m+dp/hard\libgcc.a
LOAD c:/st/stm32cubeide_1.7.0/stm32cubeide/plugins/com.st.stm32cube.ide.mcu.externaltools.gnu-tools-for-stm32.10.3-2021.10.win32_1.0.0.202111181127/tools/bin/../lib/gcc/arm-none-eabi/10.3.1/../../../../arm-none-eabi/lib/thumb/v7e-m+dp/hard\libc_nano.a
END GROUP
START GROUP
LOAD c:/st/stm32cubeide_1.7.0/stm32cubeide/plugins/com.st.stm32cube.ide.mcu.externaltools.gnu-tools-for-stm32.10.3-2021.10.win32_1.0.0.202111181127/tools/bin/../lib/gcc/arm-none-eabi/10.3.1/thumb/v7e-m+dp/hard\libgcc.a
LOAD c:/st/stm32cubeide_1.7.0/stm32cubeide/plugins/com.st.stm32cube.ide.mcu.externaltools.gnu-tools-for-stm32.10.3-2021.10.win32_1.0.0.202111181127/tools/bin/../lib/gcc/arm-none-eabi/10.3.1/../../../../arm-none-eabi/lib/thumb/v7e-m+dp/hard\libc_nano.a
LOAD c:/st/stm32cubeide_1.7.0/stm32cubeide/plugins/com.st.stm32cube.ide.mcu.externaltools.gnu-tools-for-stm32.10.3-2021.10.win32_1.0.0.202111181127/tools/bin/../lib/gcc/arm-none-eabi/10.3.1/../../../../arm-none-eabi/lib/thumb/v7e-m+dp/hard\libnosys.a
END GROUP
START GROUP
LOAD c:/st/stm32cubeide_1.7.0/stm32cubeide/plugins/com.st.stm32cube.ide.mcu.externaltools.gnu-tools-for-stm32.10.3-2021.10.win32_1.0.0.202111181127/tools/bin/../lib/gcc/arm-none-eabi/10.3.1/thumb/v7e-m+dp/hard\libgcc.a
LOAD c:/st/stm32cubeide_1.7.0/stm32cubeide/plugins/com.st.stm32cube.ide.mcu.externaltools.gnu-tools-for-stm32.10.3-2021.10.win32_1.0.0.202111181127/tools/bin/../lib/gcc/arm-none-eabi/10.3.1/../../../../arm-none-eabi/lib/thumb/v7e-m+dp/hard\libc_nano.a
LOAD c:/st/stm32cubeide_1.7.0/stm32cubeide/plugins/com.st.stm32cube.ide.mcu.externaltools.gnu-tools-for-stm32.10.3-2021.10.win32_1.0.0.202111181127/tools/bin/../lib/gcc/arm-none-eabi/10.3.1/../../../../arm-none-eabi/lib/thumb/v7e-m+dp/hard\libnosys.a
END GROUP
LOAD c:/st/stm32cubeide_1.7.0/stm32cubeide/plugins/com.st.stm32cube.ide.mcu.externaltools.gnu-tools-for-stm32.10.3-2021.10.win32_1.0.0.202111181127/tools/bin/../lib/gcc/arm-none-eabi/10.3.1/thumb/v7e-m+dp/hard/crtend.o
LOAD c:/st/stm32cubeide_1.7.0/stm32cubeide/plugins/com.st.stm32cube.ide.mcu.externaltools.gnu-tools-for-stm32.10.3-2021.10.win32_1.0.0.202111181127/tools/bin/../lib/gcc/arm-none-eabi/10.3.1/thumb/v7e-m+dp/hard/crtn.o
                0x0000000024100000                _estack = (ORIGIN (RAM) + LENGTH (RAM))
                0x0000000000000200                _Min_Heap_Size = 0x200
                0x0000000000000400                _Min_Stack_Size = 0x400

.isr_vector     0x0000000008000000      0x2ac
                0x0000000008000000                . = ALIGN (0x4)
 *(.isr_vector)
 .isr_vector    0x0000000008000000      0x2ac ./Core/Startup/startup_stm32h7a3zitxq.o
                0x0000000008000000                g_pfnVectors
                0x00000000080002ac                . = ALIGN (0x4)

.text           0x00000000080002b0     0x6448
                0x00000000080002b0                . = ALIGN (0x4)
 *(.text)
 .text          0x00000000080002b0       0x40 c:/st/stm32cubeide_1.7.0/stm32cubeide/plugins/com.st.stm32cube.ide.mcu.externaltools.gnu-tools-for-stm32.10.3-2021.10.win32_1.0.0.202111181127/tools/bin/../lib/gcc/arm-none-eabi/10.3.1/thumb/v7e-m+dp/hard/crtbegin.o
 .text          0x00000000080002f0      0x378 c:/st/stm32cubeide_1.7.0/stm32cubeide/plugins/com.st.stm32cube.ide.mcu.externaltools.gnu-tools-for-stm32.10.3-2021.10.win32_1.0.0.202111181127/tools/bin/../lib/gcc/arm-none-eabi/10.3.1/thumb/v7e-m+dp/hard\libgcc.a(_arm_addsubdf3.o)
                0x00000000080002f0                __aeabi_drsub
                0x00000000080002f8                __aeabi_dsub
                0x00000000080002f8                __subdf3
                0x00000000080002fc                __aeabi_dadd
                0x00000000080002fc                __adddf3
                0x0000000008000574                __floatunsidf
                0x0000000008000574                __aeabi_ui2d
                0x0000000008000594                __floatsidf
                0x0000000008000594                __aeabi_i2d
                0x00000000080005b8                __aeabi_f2d
                0x00000000080005b8                __extendsfdf2
                0x00000000080005fc                __floatundidf
                0x00000000080005fc                __aeabi_ul2d
                0x000000000800060c                __floatdidf
                0x000000000800060c                __aeabi_l2d
 .text          0x0000000008000668       0x30 c:/st/stm32cubeide_1.7.0/stm32cubeide/plugins/com.st.stm32cube.ide.mcu.externaltools.gnu-tools-for-stm32.10.3-2021.10.win32_1.0.0.202111181127/tools/bin/../lib/gcc/arm-none-eabi/10.3.1/thumb/v7e-m+dp/hard\libgcc.a(_aeabi_uldivmod.o)
                0x0000000008000668                __aeabi_uldivmod
 .text          0x0000000008000698      0x2d0 c:/st/stm32cubeide_1.7.0/stm32cubeide/plugins/com.st.stm32cube.ide.mcu.externaltools.gnu-tools-for-stm32.10.3-2021.10.win32_1.0.0.202111181127/tools/bin/../lib/gcc/arm-none-eabi/10.3.1/thumb/v7e-m+dp/hard\libgcc.a(_udivmoddi4.o)
                0x0000000008000698                __udivmoddi4
 .text          0x0000000008000968        0x4 c:/st/stm32cubeide_1.7.0/stm32cubeide/plugins/com.st.stm32cube.ide.mcu.externaltools.gnu-tools-for-stm32.10.3-2021.10.win32_1.0.0.202111181127/tools/bin/../lib/gcc/arm-none-eabi/10.3.1/thumb/v7e-m+dp/hard\libgcc.a(_dvmd_tls.o)
                0x0000000008000968                __aeabi_idiv0
                0x0000000008000968                __aeabi_ldiv0
 *(.text*)
 .text.MX_GPIO_Init
                0x000000000800096c      0x234 ./Core/Src/gpio.o
                0x000000000800096c                MX_GPIO_Init
 .text.MX_I2C1_Init
                0x0000000008000ba0       0x80 ./Core/Src/i2c.o
                0x0000000008000ba0                MX_I2C1_Init
 .text.MX_I2C2_Init
                0x0000000008000c20       0x80 ./Core/Src/i2c.o
                0x0000000008000c20                MX_I2C2_Init
 .text.HAL_I2C_MspInit
                0x0000000008000ca0      0x160 ./Core/Src/i2c.o
                0x0000000008000ca0                HAL_I2C_MspInit
 .text.main     0x0000000008000e00       0x5c ./Core/Src/main.o
                0x0000000008000e00                main
 .text.SystemClock_Config
                0x0000000008000e5c       0xe0 ./Core/Src/main.o
                0x0000000008000e5c                SystemClock_Config
 .text.callbackMS5611
                0x0000000008000f3c       0x3c ./Core/Src/main.o
                0x0000000008000f3c                callbackMS5611
 .text.Error_Handler
                0x0000000008000f78        0xa ./Core/Src/main.o
                0x0000000008000f78                Error_Handler
 *fill*         0x0000000008000f82        0x2 
 .text.HAL_MspInit
                0x0000000008000f84       0x34 ./Core/Src/stm32h7xx_hal_msp.o
                0x0000000008000f84                HAL_MspInit
 .text.NMI_Handler
                0x0000000008000fb8        0x6 ./Core/Src/stm32h7xx_it.o
                0x0000000008000fb8                NMI_Handler
 .text.HardFault_Handler
                0x0000000008000fbe        0x6 ./Core/Src/stm32h7xx_it.o
                0x0000000008000fbe                HardFault_Handler
 .text.MemManage_Handler
                0x0000000008000fc4        0x6 ./Core/Src/stm32h7xx_it.o
                0x0000000008000fc4                MemManage_Handler
 .text.BusFault_Handler
                0x0000000008000fca        0x6 ./Core/Src/stm32h7xx_it.o
                0x0000000008000fca                BusFault_Handler
 .text.UsageFault_Handler
                0x0000000008000fd0        0x6 ./Core/Src/stm32h7xx_it.o
                0x0000000008000fd0                UsageFault_Handler
 .text.SVC_Handler
                0x0000000008000fd6        0xe ./Core/Src/stm32h7xx_it.o
                0x0000000008000fd6                SVC_Handler
 .text.DebugMon_Handler
                0x0000000008000fe4        0xe ./Core/Src/stm32h7xx_it.o
                0x0000000008000fe4                DebugMon_Handler
 .text.PendSV_Handler
                0x0000000008000ff2        0xe ./Core/Src/stm32h7xx_it.o
                0x0000000008000ff2                PendSV_Handler
 .text.SysTick_Handler
                0x0000000008001000       0x10 ./Core/Src/stm32h7xx_it.o
                0x0000000008001000                SysTick_Handler
 .text.SystemInit
                0x0000000008001010       0xf0 ./Core/Src/system_stm32h7xx.o
                0x0000000008001010                SystemInit
 .text.MX_USART3_UART_Init
                0x0000000008001100       0x98 ./Core/Src/usart.o
                0x0000000008001100                MX_USART3_UART_Init
 .text.HAL_UART_MspInit
                0x0000000008001198       0xcc ./Core/Src/usart.o
                0x0000000008001198                HAL_UART_MspInit
 .text.MX_USB_OTG_HS_USB_Init
                0x0000000008001264        0xe ./Core/Src/usb_otg.o
                0x0000000008001264                MX_USB_OTG_HS_USB_Init
 *fill*         0x0000000008001272        0x2 
 .text.MS5611_Reset
                0x0000000008001274       0x44 ./Core/Src/gy86/MS5611.o
                0x0000000008001274                MS5611_Reset
 .text.MS5611_ReadProm
                0x00000000080012b8      0x23c ./Core/Src/gy86/MS5611.o
                0x00000000080012b8                MS5611_ReadProm
 .text.MS5611_RequestTemperature
                0x00000000080014f4       0x38 ./Core/Src/gy86/MS5611.o
                0x00000000080014f4                MS5611_RequestTemperature
 .text.MS5611_RequestPressure
                0x000000000800152c       0x38 ./Core/Src/gy86/MS5611.o
                0x000000000800152c                MS5611_RequestPressure
 .text.MS5611_ReadTemperature
                0x0000000008001564       0x5c ./Core/Src/gy86/MS5611.o
                0x0000000008001564                MS5611_ReadTemperature
 .text.MS5611_ReadPressure
                0x00000000080015c0       0x5c ./Core/Src/gy86/MS5611.o
                0x00000000080015c0                MS5611_ReadPressure
 .text.MS5611_CalculateTemperature
                0x000000000800161c       0x6a ./Core/Src/gy86/MS5611.o
                0x000000000800161c                MS5611_CalculateTemperature
 *fill*         0x0000000008001686        0x2 
 .text.MS5611_CalculatePressure
                0x0000000008001688      0x158 ./Core/Src/gy86/MS5611.o
                0x0000000008001688                MS5611_CalculatePressure
 .text.softTimerRegisterCallback
                0x00000000080017e0       0x88 ./Core/Src/soft_timer/soft_timer.o
                0x00000000080017e0                softTimerRegisterCallback
 .text.softTimerChangeState
                0x0000000008001868       0x84 ./Core/Src/soft_timer/soft_timer.o
                0x0000000008001868                softTimerChangeState
 .text.softTimerRefresh
                0x00000000080018ec       0x4c ./Core/Src/soft_timer/soft_timer.o
                0x00000000080018ec                softTimerRefresh
 .text.softTimerEvent
                0x0000000008001938       0x7c ./Core/Src/soft_timer/soft_timer.o
                0x0000000008001938                softTimerEvent
 .text.softTimerTick
                0x00000000080019b4       0xe4 ./Core/Src/soft_timer/soft_timer.o
                0x00000000080019b4                softTimerTick
 .text.softTimerFunctionExeAndRemove
                0x0000000008001a98       0x64 ./Core/Src/soft_timer/soft_timer.o
                0x0000000008001a98                softTimerFunctionExeAndRemove
 .text.softTimerFunctionEvent
                0x0000000008001afc       0x44 ./Core/Src/soft_timer/soft_timer.o
                0x0000000008001afc                softTimerFunctionEvent
 .text.Reset_Handler
                0x0000000008001b40       0x50 ./Core/Startup/startup_stm32h7a3zitxq.o
                0x0000000008001b40                Reset_Handler
 .text.Default_Handler
                0x0000000008001b90        0x2 ./Core/Startup/startup_stm32h7a3zitxq.o
                0x0000000008001b90                RTC_Alarm_IRQHandler
                0x0000000008001b90                EXTI2_IRQHandler
                0x0000000008001b90                TIM8_CC_IRQHandler
                0x0000000008001b90                UART8_IRQHandler
                0x0000000008001b90                BDMA2_Channel1_IRQHandler
                0x0000000008001b90                SPI4_IRQHandler
                0x0000000008001b90                BDMA2_Channel0_IRQHandler
                0x0000000008001b90                TIM1_CC_IRQHandler
                0x0000000008001b90                DMA2_Stream5_IRQHandler
                0x0000000008001b90                JPEG_IRQHandler
                0x0000000008001b90                DMA1_Stream5_IRQHandler
                0x0000000008001b90                EXTI3_IRQHandler
                0x0000000008001b90                LPTIM4_IRQHandler
                0x0000000008001b90                TIM8_TRG_COM_TIM14_IRQHandler
                0x0000000008001b90                LPTIM2_IRQHandler
                0x0000000008001b90                DFSDM1_FLT1_IRQHandler
                0x0000000008001b90                DMAMUX2_OVR_IRQHandler
                0x0000000008001b90                GFXMMU_IRQHandler
                0x0000000008001b90                TIM8_UP_TIM13_IRQHandler
                0x0000000008001b90                I2C3_ER_IRQHandler
                0x0000000008001b90                DFSDM1_FLT2_IRQHandler
                0x0000000008001b90                USART10_IRQHandler
                0x0000000008001b90                MDMA_IRQHandler
                0x0000000008001b90                LPTIM3_IRQHandler
                0x0000000008001b90                BDMA2_Channel3_IRQHandler
                0x0000000008001b90                HSEM1_IRQHandler
                0x0000000008001b90                EXTI0_IRQHandler
                0x0000000008001b90                I2C2_EV_IRQHandler
                0x0000000008001b90                DAC2_IRQHandler
                0x0000000008001b90                DMA1_Stream2_IRQHandler
                0x0000000008001b90                FPU_IRQHandler
                0x0000000008001b90                OTG_HS_WKUP_IRQHandler
                0x0000000008001b90                FDCAN1_IT1_IRQHandler
                0x0000000008001b90                LTDC_ER_IRQHandler
                0x0000000008001b90                DMA2_Stream2_IRQHandler
                0x0000000008001b90                SPI1_IRQHandler
                0x0000000008001b90                OCTOSPI1_IRQHandler
                0x0000000008001b90                TIM6_DAC_IRQHandler
                0x0000000008001b90                BDMA2_Channel6_IRQHandler
                0x0000000008001b90                DMA2_Stream3_IRQHandler
                0x0000000008001b90                OCTOSPI2_IRQHandler
                0x0000000008001b90                SAI2_IRQHandler
                0x0000000008001b90                BDMA1_IRQHandler
                0x0000000008001b90                DFSDM1_FLT3_IRQHandler
                0x0000000008001b90                USART6_IRQHandler
                0x0000000008001b90                TIM17_IRQHandler
                0x0000000008001b90                USART3_IRQHandler
                0x0000000008001b90                LPTIM5_IRQHandler
                0x0000000008001b90                UART5_IRQHandler
                0x0000000008001b90                DMA2_Stream0_IRQHandler
                0x0000000008001b90                TIM4_IRQHandler
                0x0000000008001b90                I2C1_EV_IRQHandler
                0x0000000008001b90                DMA1_Stream6_IRQHandler
                0x0000000008001b90                DMAMUX1_OVR_IRQHandler
                0x0000000008001b90                DMA1_Stream1_IRQHandler
                0x0000000008001b90                TIM16_IRQHandler
                0x0000000008001b90                UART4_IRQHandler
                0x0000000008001b90                TIM3_IRQHandler
                0x0000000008001b90                RCC_IRQHandler
                0x0000000008001b90                UART9_IRQHandler
                0x0000000008001b90                TIM8_BRK_TIM12_IRQHandler
                0x0000000008001b90                TIM1_TRG_COM_IRQHandler
                0x0000000008001b90                Default_Handler
                0x0000000008001b90                ECC_IRQHandler
                0x0000000008001b90                BDMA2_Channel2_IRQHandler
                0x0000000008001b90                CEC_IRQHandler
                0x0000000008001b90                EXTI15_10_IRQHandler
                0x0000000008001b90                DFSDM1_FLT4_IRQHandler
                0x0000000008001b90                ADC_IRQHandler
                0x0000000008001b90                DMA1_Stream7_IRQHandler
                0x0000000008001b90                SPI5_IRQHandler
                0x0000000008001b90                TIM7_IRQHandler
                0x0000000008001b90                SDMMC1_IRQHandler
                0x0000000008001b90                TIM5_IRQHandler
                0x0000000008001b90                DMA2_Stream7_IRQHandler
                0x0000000008001b90                TIM15_IRQHandler
                0x0000000008001b90                I2C3_EV_IRQHandler
                0x0000000008001b90                DFSDM2_IRQHandler
                0x0000000008001b90                EXTI9_5_IRQHandler
                0x0000000008001b90                RTC_WKUP_IRQHandler
                0x0000000008001b90                LTDC_IRQHandler
                0x0000000008001b90                SPDIF_RX_IRQHandler
                0x0000000008001b90                PVD_PVM_IRQHandler
                0x0000000008001b90                SPI2_IRQHandler
                0x0000000008001b90                OTG_HS_EP1_IN_IRQHandler
                0x0000000008001b90                DFSDM1_FLT5_IRQHandler
                0x0000000008001b90                DMA1_Stream0_IRQHandler
                0x0000000008001b90                CRS_IRQHandler
                0x0000000008001b90                EXTI4_IRQHandler
                0x0000000008001b90                DFSDM1_FLT6_IRQHandler
                0x0000000008001b90                RNG_IRQHandler
                0x0000000008001b90                FDCAN2_IT1_IRQHandler
                0x0000000008001b90                COMP_IRQHandler
                0x0000000008001b90                TIM1_UP_IRQHandler
                0x0000000008001b90                OTG_HS_EP1_OUT_IRQHandler
                0x0000000008001b90                WWDG_IRQHandler
                0x0000000008001b90                SPI6_IRQHandler
                0x0000000008001b90                MDIOS_IRQHandler
                0x0000000008001b90                I2C4_EV_IRQHandler
                0x0000000008001b90                FDCAN2_IT0_IRQHandler
                0x0000000008001b90                LPUART1_IRQHandler
                0x0000000008001b90                FDCAN1_IT0_IRQHandler
                0x0000000008001b90                TIM2_IRQHandler
                0x0000000008001b90                BDMA2_Channel5_IRQHandler
                0x0000000008001b90                OTG_HS_IRQHandler
                0x0000000008001b90                DMA2D_IRQHandler
                0x0000000008001b90                TIM1_BRK_IRQHandler
                0x0000000008001b90                EXTI1_IRQHandler
                0x0000000008001b90                SDMMC2_IRQHandler
                0x0000000008001b90                DTS_IRQHandler
                0x0000000008001b90                UART7_IRQHandler
                0x0000000008001b90                MDIOS_WKUP_IRQHandler
                0x0000000008001b90                USART2_IRQHandler
                0x0000000008001b90                DFSDM1_FLT0_IRQHandler
                0x0000000008001b90                I2C2_ER_IRQHandler
                0x0000000008001b90                DMA2_Stream1_IRQHandler
                0x0000000008001b90                DFSDM1_FLT7_IRQHandler
                0x0000000008001b90                FLASH_IRQHandler
                0x0000000008001b90                DMA2_Stream4_IRQHandler
                0x0000000008001b90                USART1_IRQHandler
                0x0000000008001b90                SPI3_IRQHandler
                0x0000000008001b90                WAKEUP_PIN_IRQHandler
                0x0000000008001b90                DMA1_Stream4_IRQHandler
                0x0000000008001b90                I2C1_ER_IRQHandler
                0x0000000008001b90                FMC_IRQHandler
                0x0000000008001b90                BDMA2_Channel7_IRQHandler
                0x0000000008001b90                FDCAN_CAL_IRQHandler
                0x0000000008001b90                SWPMI1_IRQHandler
                0x0000000008001b90                LPTIM1_IRQHandler
                0x0000000008001b90                DCMI_PSSI_IRQHandler
                0x0000000008001b90                I2C4_ER_IRQHandler
                0x0000000008001b90                DMA2_Stream6_IRQHandler
                0x0000000008001b90                SAI1_IRQHandler
                0x0000000008001b90                DMA1_Stream3_IRQHandler
                0x0000000008001b90                RTC_TAMP_STAMP_CSS_LSE_IRQHandler
                0x0000000008001b90                BDMA2_Channel4_IRQHandler
 *fill*         0x0000000008001b92        0x2 
 .text.HAL_Init
                0x0000000008001b94       0x78 ./Drivers/STM32H7xx_HAL_Driver/Src/stm32h7xx_hal.o
                0x0000000008001b94                HAL_Init
 .text.HAL_InitTick
                0x0000000008001c0c       0x6c ./Drivers/STM32H7xx_HAL_Driver/Src/stm32h7xx_hal.o
                0x0000000008001c0c                HAL_InitTick
 .text.HAL_IncTick
                0x0000000008001c78       0x28 ./Drivers/STM32H7xx_HAL_Driver/Src/stm32h7xx_hal.o
                0x0000000008001c78                HAL_IncTick
 .text.HAL_GetTick
                0x0000000008001ca0       0x18 ./Drivers/STM32H7xx_HAL_Driver/Src/stm32h7xx_hal.o
                0x0000000008001ca0                HAL_GetTick
 .text.HAL_Delay
                0x0000000008001cb8       0x48 ./Drivers/STM32H7xx_HAL_Driver/Src/stm32h7xx_hal.o
                0x0000000008001cb8                HAL_Delay
 .text.__NVIC_SetPriorityGrouping
                0x0000000008001d00       0x48 ./Drivers/STM32H7xx_HAL_Driver/Src/stm32h7xx_hal_cortex.o
 .text.__NVIC_GetPriorityGrouping
                0x0000000008001d48       0x1c ./Drivers/STM32H7xx_HAL_Driver/Src/stm32h7xx_hal_cortex.o
 .text.__NVIC_SetPriority
                0x0000000008001d64       0x54 ./Drivers/STM32H7xx_HAL_Driver/Src/stm32h7xx_hal_cortex.o
 .text.NVIC_EncodePriority
                0x0000000008001db8       0x66 ./Drivers/STM32H7xx_HAL_Driver/Src/stm32h7xx_hal_cortex.o
 *fill*         0x0000000008001e1e        0x2 
 .text.SysTick_Config
                0x0000000008001e20       0x44 ./Drivers/STM32H7xx_HAL_Driver/Src/stm32h7xx_hal_cortex.o
 .text.HAL_NVIC_SetPriorityGrouping
                0x0000000008001e64       0x16 ./Drivers/STM32H7xx_HAL_Driver/Src/stm32h7xx_hal_cortex.o
                0x0000000008001e64                HAL_NVIC_SetPriorityGrouping
 .text.HAL_NVIC_SetPriority
                0x0000000008001e7a       0x34 ./Drivers/STM32H7xx_HAL_Driver/Src/stm32h7xx_hal_cortex.o
                0x0000000008001e7a                HAL_NVIC_SetPriority
 .text.HAL_SYSTICK_Config
                0x0000000008001eae       0x18 ./Drivers/STM32H7xx_HAL_Driver/Src/stm32h7xx_hal_cortex.o
                0x0000000008001eae                HAL_SYSTICK_Config
 *fill*         0x0000000008001ec6        0x2 
 .text.HAL_GPIO_Init
                0x0000000008001ec8      0x360 ./Drivers/STM32H7xx_HAL_Driver/Src/stm32h7xx_hal_gpio.o
                0x0000000008001ec8                HAL_GPIO_Init
 .text.HAL_GPIO_WritePin
                0x0000000008002228       0x32 ./Drivers/STM32H7xx_HAL_Driver/Src/stm32h7xx_hal_gpio.o
                0x0000000008002228                HAL_GPIO_WritePin
 *fill*         0x000000000800225a        0x2 
 .text.HAL_I2C_Init
                0x000000000800225c      0x120 ./Drivers/STM32H7xx_HAL_Driver/Src/stm32h7xx_hal_i2c.o
                0x000000000800225c                HAL_I2C_Init
 .text.HAL_I2C_Master_Transmit
                0x000000000800237c      0x1e8 ./Drivers/STM32H7xx_HAL_Driver/Src/stm32h7xx_hal_i2c.o
                0x000000000800237c                HAL_I2C_Master_Transmit
 .text.HAL_I2C_Master_Receive
                0x0000000008002564      0x1ec ./Drivers/STM32H7xx_HAL_Driver/Src/stm32h7xx_hal_i2c.o
                0x0000000008002564                HAL_I2C_Master_Receive
 .text.I2C_Flush_TXDR
                0x0000000008002750       0x48 ./Drivers/STM32H7xx_HAL_Driver/Src/stm32h7xx_hal_i2c.o
 .text.I2C_WaitOnFlagUntilTimeout
                0x0000000008002798       0x80 ./Drivers/STM32H7xx_HAL_Driver/Src/stm32h7xx_hal_i2c.o
 .text.I2C_WaitOnTXISFlagUntilTimeout
                0x0000000008002818       0x80 ./Drivers/STM32H7xx_HAL_Driver/Src/stm32h7xx_hal_i2c.o
 .text.I2C_WaitOnSTOPFlagUntilTimeout
                0x0000000008002898       0x78 ./Drivers/STM32H7xx_HAL_Driver/Src/stm32h7xx_hal_i2c.o
 .text.I2C_WaitOnRXNEFlagUntilTimeout
                0x0000000008002910       0xf4 ./Drivers/STM32H7xx_HAL_Driver/Src/stm32h7xx_hal_i2c.o
 .text.I2C_IsErrorOccurred
                0x0000000008002a04      0x1d8 ./Drivers/STM32H7xx_HAL_Driver/Src/stm32h7xx_hal_i2c.o
 .text.I2C_TransferConfig
                0x0000000008002bdc       0x64 ./Drivers/STM32H7xx_HAL_Driver/Src/stm32h7xx_hal_i2c.o
 .text.HAL_I2CEx_ConfigAnalogFilter
                0x0000000008002c40       0x96 ./Drivers/STM32H7xx_HAL_Driver/Src/stm32h7xx_hal_i2c_ex.o
                0x0000000008002c40                HAL_I2CEx_ConfigAnalogFilter
 .text.HAL_I2CEx_ConfigDigitalFilter
                0x0000000008002cd6       0x98 ./Drivers/STM32H7xx_HAL_Driver/Src/stm32h7xx_hal_i2c_ex.o
                0x0000000008002cd6                HAL_I2CEx_ConfigDigitalFilter
 *fill*         0x0000000008002d6e        0x2 
 .text.HAL_PWREx_ConfigSupply
                0x0000000008002d70       0xb4 ./Drivers/STM32H7xx_HAL_Driver/Src/stm32h7xx_hal_pwr_ex.o
                0x0000000008002d70                HAL_PWREx_ConfigSupply
 .text.HAL_RCC_OscConfig
                0x0000000008002e24      0x808 ./Drivers/STM32H7xx_HAL_Driver/Src/stm32h7xx_hal_rcc.o
                0x0000000008002e24                HAL_RCC_OscConfig
 .text.HAL_RCC_ClockConfig
                0x000000000800362c      0x36c ./Drivers/STM32H7xx_HAL_Driver/Src/stm32h7xx_hal_rcc.o
                0x000000000800362c                HAL_RCC_ClockConfig
 .text.HAL_RCC_GetSysClockFreq
                0x0000000008003998      0x2f4 ./Drivers/STM32H7xx_HAL_Driver/Src/stm32h7xx_hal_rcc.o
                0x0000000008003998                HAL_RCC_GetSysClockFreq
 .text.HAL_RCC_GetHCLKFreq
                0x0000000008003c8c       0x60 ./Drivers/STM32H7xx_HAL_Driver/Src/stm32h7xx_hal_rcc.o
                0x0000000008003c8c                HAL_RCC_GetHCLKFreq
 .text.HAL_RCC_GetPCLK1Freq
                0x0000000008003cec       0x2c ./Drivers/STM32H7xx_HAL_Driver/Src/stm32h7xx_hal_rcc.o
                0x0000000008003cec                HAL_RCC_GetPCLK1Freq
 .text.HAL_RCC_GetPCLK2Freq
                0x0000000008003d18       0x2c ./Drivers/STM32H7xx_HAL_Driver/Src/stm32h7xx_hal_rcc.o
                0x0000000008003d18                HAL_RCC_GetPCLK2Freq
 .text.HAL_RCCEx_PeriphCLKConfig
                0x0000000008003d44      0xe18 ./Drivers/STM32H7xx_HAL_Driver/Src/stm32h7xx_hal_rcc_ex.o
                0x0000000008003d44                HAL_RCCEx_PeriphCLKConfig
 .text.HAL_RCCEx_GetD3PCLK1Freq
                0x0000000008004b5c       0x2c ./Drivers/STM32H7xx_HAL_Driver/Src/stm32h7xx_hal_rcc_ex.o
                0x0000000008004b5c                HAL_RCCEx_GetD3PCLK1Freq
 .text.HAL_RCCEx_GetPLL2ClockFreq
                0x0000000008004b88      0x2a8 ./Drivers/STM32H7xx_HAL_Driver/Src/stm32h7xx_hal_rcc_ex.o
                0x0000000008004b88                HAL_RCCEx_GetPLL2ClockFreq
 .text.HAL_RCCEx_GetPLL3ClockFreq
                0x0000000008004e30      0x2a8 ./Drivers/STM32H7xx_HAL_Driver/Src/stm32h7xx_hal_rcc_ex.o
                0x0000000008004e30                HAL_RCCEx_GetPLL3ClockFreq
 .text.RCCEx_PLL2_Config
                0x00000000080050d8      0x164 ./Drivers/STM32H7xx_HAL_Driver/Src/stm32h7xx_hal_rcc_ex.o
 .text.RCCEx_PLL3_Config
                0x000000000800523c      0x164 ./Drivers/STM32H7xx_HAL_Driver/Src/stm32h7xx_hal_rcc_ex.o
 .text.HAL_UART_Init
                0x00000000080053a0       0xa0 ./Drivers/STM32H7xx_HAL_Driver/Src/stm32h7xx_hal_uart.o
                0x00000000080053a0                HAL_UART_Init
 .text.UART_SetConfig
                0x0000000008005440      0xcd8 ./Drivers/STM32H7xx_HAL_Driver/Src/stm32h7xx_hal_uart.o
                0x0000000008005440                UART_SetConfig
 .text.UART_AdvFeatureConfig
                0x0000000008006118      0x144 ./Drivers/STM32H7xx_HAL_Driver/Src/stm32h7xx_hal_uart.o
                0x0000000008006118                UART_AdvFeatureConfig
 .text.UART_CheckIdleState
                0x000000000800625c       0x96 ./Drivers/STM32H7xx_HAL_Driver/Src/stm32h7xx_hal_uart.o
                0x000000000800625c                UART_CheckIdleState
 .text.UART_WaitOnFlagUntilTimeout
                0x00000000080062f2      0x190 ./Drivers/STM32H7xx_HAL_Driver/Src/stm32h7xx_hal_uart.o
                0x00000000080062f2                UART_WaitOnFlagUntilTimeout
 .text.HAL_UARTEx_DisableFifoMode
                0x0000000008006482       0x72 ./Drivers/STM32H7xx_HAL_Driver/Src/stm32h7xx_hal_uart_ex.o
                0x0000000008006482                HAL_UARTEx_DisableFifoMode
 .text.HAL_UARTEx_SetTxFifoThreshold
                0x00000000080064f4       0x7c ./Drivers/STM32H7xx_HAL_Driver/Src/stm32h7xx_hal_uart_ex.o
                0x00000000080064f4                HAL_UARTEx_SetTxFifoThreshold
 .text.HAL_UARTEx_SetRxFifoThreshold
                0x0000000008006570       0x7c ./Drivers/STM32H7xx_HAL_Driver/Src/stm32h7xx_hal_uart_ex.o
                0x0000000008006570                HAL_UARTEx_SetRxFifoThreshold
 .text.UARTEx_SetNbDataToProcess
                0x00000000080065ec       0x9c ./Drivers/STM32H7xx_HAL_Driver/Src/stm32h7xx_hal_uart_ex.o
 .text.__libc_init_array
                0x0000000008006688       0x48 c:/st/stm32cubeide_1.7.0/stm32cubeide/plugins/com.st.stm32cube.ide.mcu.externaltools.gnu-tools-for-stm32.10.3-2021.10.win32_1.0.0.202111181127/tools/bin/../lib/gcc/arm-none-eabi/10.3.1/../../../../arm-none-eabi/lib/thumb/v7e-m+dp/hard\libc_nano.a(lib_a-init.o)
                0x0000000008006688                __libc_init_array
 .text.memset   0x00000000080066d0       0x10 c:/st/stm32cubeide_1.7.0/stm32cubeide/plugins/com.st.stm32cube.ide.mcu.externaltools.gnu-tools-for-stm32.10.3-2021.10.win32_1.0.0.202111181127/tools/bin/../lib/gcc/arm-none-eabi/10.3.1/../../../../arm-none-eabi/lib/thumb/v7e-m+dp/hard\libc_nano.a(lib_a-memset.o)
                0x00000000080066d0                memset
 *(.glue_7)
 .glue_7        0x00000000080066e0        0x0 linker stubs
 *(.glue_7t)
 .glue_7t       0x00000000080066e0        0x0 linker stubs
 *(.eh_frame)
 .eh_frame      0x00000000080066e0        0x0 c:/st/stm32cubeide_1.7.0/stm32cubeide/plugins/com.st.stm32cube.ide.mcu.externaltools.gnu-tools-for-stm32.10.3-2021.10.win32_1.0.0.202111181127/tools/bin/../lib/gcc/arm-none-eabi/10.3.1/thumb/v7e-m+dp/hard/crtbegin.o
 *(.init)
 .init          0x00000000080066e0        0x4 c:/st/stm32cubeide_1.7.0/stm32cubeide/plugins/com.st.stm32cube.ide.mcu.externaltools.gnu-tools-for-stm32.10.3-2021.10.win32_1.0.0.202111181127/tools/bin/../lib/gcc/arm-none-eabi/10.3.1/thumb/v7e-m+dp/hard/crti.o
                0x00000000080066e0                _init
 .init          0x00000000080066e4        0x8 c:/st/stm32cubeide_1.7.0/stm32cubeide/plugins/com.st.stm32cube.ide.mcu.externaltools.gnu-tools-for-stm32.10.3-2021.10.win32_1.0.0.202111181127/tools/bin/../lib/gcc/arm-none-eabi/10.3.1/thumb/v7e-m+dp/hard/crtn.o
 *(.fini)
 .fini          0x00000000080066ec        0x4 c:/st/stm32cubeide_1.7.0/stm32cubeide/plugins/com.st.stm32cube.ide.mcu.externaltools.gnu-tools-for-stm32.10.3-2021.10.win32_1.0.0.202111181127/tools/bin/../lib/gcc/arm-none-eabi/10.3.1/thumb/v7e-m+dp/hard/crti.o
                0x00000000080066ec                _fini
 .fini          0x00000000080066f0        0x8 c:/st/stm32cubeide_1.7.0/stm32cubeide/plugins/com.st.stm32cube.ide.mcu.externaltools.gnu-tools-for-stm32.10.3-2021.10.win32_1.0.0.202111181127/tools/bin/../lib/gcc/arm-none-eabi/10.3.1/thumb/v7e-m+dp/hard/crtn.o
                0x00000000080066f8                . = ALIGN (0x4)
                0x00000000080066f8                _etext = .

.vfp11_veneer   0x00000000080066f8        0x0
 .vfp11_veneer  0x00000000080066f8        0x0 linker stubs

.v4_bx          0x00000000080066f8        0x0
 .v4_bx         0x00000000080066f8        0x0 linker stubs

.iplt           0x00000000080066f8        0x0
 .iplt          0x00000000080066f8        0x0 c:/st/stm32cubeide_1.7.0/stm32cubeide/plugins/com.st.stm32cube.ide.mcu.externaltools.gnu-tools-for-stm32.10.3-2021.10.win32_1.0.0.202111181127/tools/bin/../lib/gcc/arm-none-eabi/10.3.1/thumb/v7e-m+dp/hard/crtbegin.o

.rodata         0x00000000080066f8       0x38
                0x00000000080066f8                . = ALIGN (0x4)
 *(.rodata)
 *(.rodata*)
 .rodata.D1CorePrescTable
                0x00000000080066f8       0x10 ./Core/Src/system_stm32h7xx.o
                0x00000000080066f8                D1CorePrescTable
 .rodata.UARTPrescTable
                0x0000000008006708       0x18 ./Drivers/STM32H7xx_HAL_Driver/Src/stm32h7xx_hal_uart.o
                0x0000000008006708                UARTPrescTable
 .rodata.numerator.1
                0x0000000008006720        0x8 ./Drivers/STM32H7xx_HAL_Driver/Src/stm32h7xx_hal_uart_ex.o
 .rodata.denominator.0
                0x0000000008006728        0x8 ./Drivers/STM32H7xx_HAL_Driver/Src/stm32h7xx_hal_uart_ex.o
                0x0000000008006730                . = ALIGN (0x4)

.ARM.extab
 *(.ARM.extab* .gnu.linkonce.armextab.*)

.ARM            0x0000000008006730        0x8
                0x0000000008006730                __exidx_start = .
 *(.ARM.exidx*)
 .ARM.exidx     0x0000000008006730        0x8 c:/st/stm32cubeide_1.7.0/stm32cubeide/plugins/com.st.stm32cube.ide.mcu.externaltools.gnu-tools-for-stm32.10.3-2021.10.win32_1.0.0.202111181127/tools/bin/../lib/gcc/arm-none-eabi/10.3.1/thumb/v7e-m+dp/hard\libgcc.a(_udivmoddi4.o)
                0x0000000008006738                __exidx_end = .

.rel.dyn        0x0000000008006738        0x0
 .rel.iplt      0x0000000008006738        0x0 c:/st/stm32cubeide_1.7.0/stm32cubeide/plugins/com.st.stm32cube.ide.mcu.externaltools.gnu-tools-for-stm32.10.3-2021.10.win32_1.0.0.202111181127/tools/bin/../lib/gcc/arm-none-eabi/10.3.1/thumb/v7e-m+dp/hard/crtbegin.o

.preinit_array  0x0000000008006738        0x0
                0x0000000008006738                PROVIDE (__preinit_array_start = .)
 *(.preinit_array*)
                0x0000000008006738                PROVIDE (__preinit_array_end = .)

.init_array     0x0000000008006738        0x4
                0x0000000008006738                PROVIDE (__init_array_start = .)
 *(SORT_BY_NAME(.init_array.*))
 *(.init_array*)
 .init_array    0x0000000008006738        0x4 c:/st/stm32cubeide_1.7.0/stm32cubeide/plugins/com.st.stm32cube.ide.mcu.externaltools.gnu-tools-for-stm32.10.3-2021.10.win32_1.0.0.202111181127/tools/bin/../lib/gcc/arm-none-eabi/10.3.1/thumb/v7e-m+dp/hard/crtbegin.o
                0x000000000800673c                PROVIDE (__init_array_end = .)

.fini_array     0x000000000800673c        0x4
                [!provide]                        PROVIDE (__fini_array_start = .)
 *(SORT_BY_NAME(.fini_array.*))
 *(.fini_array*)
 .fini_array    0x000000000800673c        0x4 c:/st/stm32cubeide_1.7.0/stm32cubeide/plugins/com.st.stm32cube.ide.mcu.externaltools.gnu-tools-for-stm32.10.3-2021.10.win32_1.0.0.202111181127/tools/bin/../lib/gcc/arm-none-eabi/10.3.1/thumb/v7e-m+dp/hard/crtbegin.o
                [!provide]                        PROVIDE (__fini_array_end = .)
                0x0000000008006740                _sidata = LOADADDR (.data)

.data           0x0000000024000000       0x10 load address 0x0000000008006740
                0x0000000024000000                . = ALIGN (0x4)
                0x0000000024000000                _sdata = .
 *(.data)
 *(.data*)
 .data.SystemCoreClock
                0x0000000024000000        0x4 ./Core/Src/system_stm32h7xx.o
                0x0000000024000000                SystemCoreClock
 .data.SystemD2Clock
                0x0000000024000004        0x4 ./Core/Src/system_stm32h7xx.o
                0x0000000024000004                SystemD2Clock
 .data.uwTickPrio
                0x0000000024000008        0x4 ./Drivers/STM32H7xx_HAL_Driver/Src/stm32h7xx_hal.o
                0x0000000024000008                uwTickPrio
 .data.uwTickFreq
                0x000000002400000c        0x1 ./Drivers/STM32H7xx_HAL_Driver/Src/stm32h7xx_hal.o
                0x000000002400000c                uwTickFreq
 *(.RamFunc)
 *(.RamFunc*)
                0x0000000024000010                . = ALIGN (0x4)
 *fill*         0x000000002400000d        0x3 
                0x0000000024000010                _edata = .

.igot.plt       0x0000000024000010        0x0 load address 0x0000000008006750
 .igot.plt      0x0000000024000010        0x0 c:/st/stm32cubeide_1.7.0/stm32cubeide/plugins/com.st.stm32cube.ide.mcu.externaltools.gnu-tools-for-stm32.10.3-2021.10.win32_1.0.0.202111181127/tools/bin/../lib/gcc/arm-none-eabi/10.3.1/thumb/v7e-m+dp/hard/crtbegin.o
                0x0000000024000010                . = ALIGN (0x4)

.bss            0x0000000024000010      0x428 load address 0x0000000008006750
                0x0000000024000010                _sbss = .
                0x0000000024000010                __bss_start__ = _sbss
 *(.bss)
 .bss           0x0000000024000010       0x1c c:/st/stm32cubeide_1.7.0/stm32cubeide/plugins/com.st.stm32cube.ide.mcu.externaltools.gnu-tools-for-stm32.10.3-2021.10.win32_1.0.0.202111181127/tools/bin/../lib/gcc/arm-none-eabi/10.3.1/thumb/v7e-m+dp/hard/crtbegin.o
 *(.bss*)
 .bss.hi2c1     0x000000002400002c       0x4c ./Core/Src/i2c.o
                0x000000002400002c                hi2c1
 .bss.hi2c2     0x0000000024000078       0x4c ./Core/Src/i2c.o
                0x0000000024000078                hi2c2
 .bss.huart3    0x00000000240000c4       0x90 ./Core/Src/usart.o
                0x00000000240000c4                huart3
 .bss.MS5611_rx_buf
                0x0000000024000154        0xc ./Core/Src/gy86/MS5611.o
                0x0000000024000154                MS5611_rx_buf
 .bss.MS5611_rx_temp
                0x0000000024000160        0x3 ./Core/Src/gy86/MS5611.o
                0x0000000024000160                MS5611_rx_temp
 *fill*         0x0000000024000163        0x1 
 .bss.MS5611_rx_press
                0x0000000024000164        0x3 ./Core/Src/gy86/MS5611.o
                0x0000000024000164                MS5611_rx_press
 .bss.MS5611_tx
                0x0000000024000167        0x1 ./Core/Src/gy86/MS5611.o
                0x0000000024000167                MS5611_tx
 .bss.MS5611    0x0000000024000168       0x48 ./Core/Src/gy86/MS5611.o
                0x0000000024000168                MS5611
 .bss.timerTab  0x00000000240001b0      0x180 ./Core/Src/soft_timer/soft_timer.o
                0x00000000240001b0                timerTab
 .bss.functionDelayTab
                0x0000000024000330      0x100 ./Core/Src/soft_timer/soft_timer.o
                0x0000000024000330                functionDelayTab
 .bss.timerCnt  0x0000000024000430        0x1 ./Core/Src/soft_timer/soft_timer.o
                0x0000000024000430                timerCnt
 .bss.functionDelayCnt
                0x0000000024000431        0x1 ./Core/Src/soft_timer/soft_timer.o
                0x0000000024000431                functionDelayCnt
 .bss.oneTimeTimer
                0x0000000024000432        0x2 ./Core/Src/soft_timer/soft_timer.o
                0x0000000024000432                oneTimeTimer
 .bss.uwTick    0x0000000024000434        0x4 ./Drivers/STM32H7xx_HAL_Driver/Src/stm32h7xx_hal.o
                0x0000000024000434                uwTick
 *(COMMON)
                0x0000000024000438                . = ALIGN (0x4)
                0x0000000024000438                _ebss = .
                0x0000000024000438                __bss_end__ = _ebss

._user_heap_stack
                0x0000000024000438      0x600 load address 0x0000000008006750
                0x0000000024000438                . = ALIGN (0x8)
                [!provide]                        PROVIDE (end = .)
                0x0000000024000438                PROVIDE (_end = .)
                0x0000000024000638                . = (. + _Min_Heap_Size)
 *fill*         0x0000000024000438      0x200 
                0x0000000024000a38                . = (. + _Min_Stack_Size)
 *fill*         0x0000000024000638      0x400 
                0x0000000024000a38                . = ALIGN (0x8)

/DISCARD/
 libc.a(*)
 libm.a(*)
 libgcc.a(*)

.ARM.attributes
                0x0000000000000000       0x2e
 *(.ARM.attributes)
 .ARM.attributes
                0x0000000000000000       0x1e c:/st/stm32cubeide_1.7.0/stm32cubeide/plugins/com.st.stm32cube.ide.mcu.externaltools.gnu-tools-for-stm32.10.3-2021.10.win32_1.0.0.202111181127/tools/bin/../lib/gcc/arm-none-eabi/10.3.1/thumb/v7e-m+dp/hard/crti.o
 .ARM.attributes
                0x000000000000001e       0x32 c:/st/stm32cubeide_1.7.0/stm32cubeide/plugins/com.st.stm32cube.ide.mcu.externaltools.gnu-tools-for-stm32.10.3-2021.10.win32_1.0.0.202111181127/tools/bin/../lib/gcc/arm-none-eabi/10.3.1/thumb/v7e-m+dp/hard/crtbegin.o
 .ARM.attributes
                0x0000000000000050       0x32 ./Core/Src/gpio.o
 .ARM.attributes
                0x0000000000000082       0x32 ./Core/Src/i2c.o
 .ARM.attributes
                0x00000000000000b4       0x32 ./Core/Src/main.o
 .ARM.attributes
                0x00000000000000e6       0x32 ./Core/Src/stm32h7xx_hal_msp.o
 .ARM.attributes
                0x0000000000000118       0x32 ./Core/Src/stm32h7xx_it.o
 .ARM.attributes
                0x000000000000014a       0x32 ./Core/Src/system_stm32h7xx.o
 .ARM.attributes
                0x000000000000017c       0x32 ./Core/Src/usart.o
 .ARM.attributes
                0x00000000000001ae       0x32 ./Core/Src/usb_otg.o
 .ARM.attributes
                0x00000000000001e0       0x32 ./Core/Src/gy86/MS5611.o
 .ARM.attributes
                0x0000000000000212       0x32 ./Core/Src/soft_timer/soft_timer.o
 .ARM.attributes
                0x0000000000000244       0x21 ./Core/Startup/startup_stm32h7a3zitxq.o
 .ARM.attributes
                0x0000000000000265       0x32 ./Drivers/STM32H7xx_HAL_Driver/Src/stm32h7xx_hal.o
 .ARM.attributes
                0x0000000000000297       0x32 ./Drivers/STM32H7xx_HAL_Driver/Src/stm32h7xx_hal_cortex.o
 .ARM.attributes
                0x00000000000002c9       0x32 ./Drivers/STM32H7xx_HAL_Driver/Src/stm32h7xx_hal_gpio.o
 .ARM.attributes
                0x00000000000002fb       0x32 ./Drivers/STM32H7xx_HAL_Driver/Src/stm32h7xx_hal_i2c.o
 .ARM.attributes
                0x000000000000032d       0x32 ./Drivers/STM32H7xx_HAL_Driver/Src/stm32h7xx_hal_i2c_ex.o
 .ARM.attributes
                0x000000000000035f       0x32 ./Drivers/STM32H7xx_HAL_Driver/Src/stm32h7xx_hal_pwr_ex.o
 .ARM.attributes
                0x0000000000000391       0x32 ./Drivers/STM32H7xx_HAL_Driver/Src/stm32h7xx_hal_rcc.o
 .ARM.attributes
                0x00000000000003c3       0x32 ./Drivers/STM32H7xx_HAL_Driver/Src/stm32h7xx_hal_rcc_ex.o
 .ARM.attributes
                0x00000000000003f5       0x32 ./Drivers/STM32H7xx_HAL_Driver/Src/stm32h7xx_hal_uart.o
 .ARM.attributes
                0x0000000000000427       0x32 ./Drivers/STM32H7xx_HAL_Driver/Src/stm32h7xx_hal_uart_ex.o
 .ARM.attributes
                0x0000000000000459       0x32 c:/st/stm32cubeide_1.7.0/stm32cubeide/plugins/com.st.stm32cube.ide.mcu.externaltools.gnu-tools-for-stm32.10.3-2021.10.win32_1.0.0.202111181127/tools/bin/../lib/gcc/arm-none-eabi/10.3.1/../../../../arm-none-eabi/lib/thumb/v7e-m+dp/hard\libc_nano.a(lib_a-init.o)
 .ARM.attributes
                0x000000000000048b       0x32 c:/st/stm32cubeide_1.7.0/stm32cubeide/plugins/com.st.stm32cube.ide.mcu.externaltools.gnu-tools-for-stm32.10.3-2021.10.win32_1.0.0.202111181127/tools/bin/../lib/gcc/arm-none-eabi/10.3.1/../../../../arm-none-eabi/lib/thumb/v7e-m+dp/hard\libc_nano.a(lib_a-memset.o)
 .ARM.attributes
                0x00000000000004bd       0x1e c:/st/stm32cubeide_1.7.0/stm32cubeide/plugins/com.st.stm32cube.ide.mcu.externaltools.gnu-tools-for-stm32.10.3-2021.10.win32_1.0.0.202111181127/tools/bin/../lib/gcc/arm-none-eabi/10.3.1/thumb/v7e-m+dp/hard\libgcc.a(_arm_addsubdf3.o)
 .ARM.attributes
                0x00000000000004db       0x1e c:/st/stm32cubeide_1.7.0/stm32cubeide/plugins/com.st.stm32cube.ide.mcu.externaltools.gnu-tools-for-stm32.10.3-2021.10.win32_1.0.0.202111181127/tools/bin/../lib/gcc/arm-none-eabi/10.3.1/thumb/v7e-m+dp/hard\libgcc.a(_aeabi_uldivmod.o)
 .ARM.attributes
                0x00000000000004f9       0x32 c:/st/stm32cubeide_1.7.0/stm32cubeide/plugins/com.st.stm32cube.ide.mcu.externaltools.gnu-tools-for-stm32.10.3-2021.10.win32_1.0.0.202111181127/tools/bin/../lib/gcc/arm-none-eabi/10.3.1/thumb/v7e-m+dp/hard\libgcc.a(_udivmoddi4.o)
 .ARM.attributes
                0x000000000000052b       0x1e c:/st/stm32cubeide_1.7.0/stm32cubeide/plugins/com.st.stm32cube.ide.mcu.externaltools.gnu-tools-for-stm32.10.3-2021.10.win32_1.0.0.202111181127/tools/bin/../lib/gcc/arm-none-eabi/10.3.1/thumb/v7e-m+dp/hard\libgcc.a(_dvmd_tls.o)
 .ARM.attributes
                0x0000000000000549       0x1e c:/st/stm32cubeide_1.7.0/stm32cubeide/plugins/com.st.stm32cube.ide.mcu.externaltools.gnu-tools-for-stm32.10.3-2021.10.win32_1.0.0.202111181127/tools/bin/../lib/gcc/arm-none-eabi/10.3.1/thumb/v7e-m+dp/hard/crtn.o
OUTPUT(stacja_pogodowa_SKM.elf elf32-littlearm)
LOAD linker stubs
LOAD c:/st/stm32cubeide_1.7.0/stm32cubeide/plugins/com.st.stm32cube.ide.mcu.externaltools.gnu-tools-for-stm32.10.3-2021.10.win32_1.0.0.202111181127/tools/bin/../lib/gcc/arm-none-eabi/10.3.1/../../../../arm-none-eabi/lib/thumb/v7e-m+dp/hard\libc.a
LOAD c:/st/stm32cubeide_1.7.0/stm32cubeide/plugins/com.st.stm32cube.ide.mcu.externaltools.gnu-tools-for-stm32.10.3-2021.10.win32_1.0.0.202111181127/tools/bin/../lib/gcc/arm-none-eabi/10.3.1/../../../../arm-none-eabi/lib/thumb/v7e-m+dp/hard\libm.a
LOAD c:/st/stm32cubeide_1.7.0/stm32cubeide/plugins/com.st.stm32cube.ide.mcu.externaltools.gnu-tools-for-stm32.10.3-2021.10.win32_1.0.0.202111181127/tools/bin/../lib/gcc/arm-none-eabi/10.3.1/thumb/v7e-m+dp/hard\libgcc.a

.debug_info     0x0000000000000000    0x14975
 .debug_info    0x0000000000000000      0x73f ./Core/Src/gpio.o
 .debug_info    0x000000000000073f     0x10a4 ./Core/Src/i2c.o
 .debug_info    0x00000000000017e3      0xd2b ./Core/Src/main.o
 .debug_info    0x000000000000250e      0x4cc ./Core/Src/stm32h7xx_hal_msp.o
 .debug_info    0x00000000000029da      0x15c ./Core/Src/stm32h7xx_it.o
 .debug_info    0x0000000000002b36      0xc8a ./Core/Src/system_stm32h7xx.o
 .debug_info    0x00000000000037c0     0x10e8 ./Core/Src/usart.o
 .debug_info    0x00000000000048a8       0x9e ./Core/Src/usb_otg.o
 .debug_info    0x0000000000004946      0xb4d ./Core/Src/gy86/MS5611.o
 .debug_info    0x0000000000005493      0x407 ./Core/Src/soft_timer/soft_timer.o
 .debug_info    0x000000000000589a       0x22 ./Core/Startup/startup_stm32h7a3zitxq.o
 .debug_info    0x00000000000058bc     0x1476 ./Drivers/STM32H7xx_HAL_Driver/Src/stm32h7xx_hal.o
 .debug_info    0x0000000000006d32     0x114f ./Drivers/STM32H7xx_HAL_Driver/Src/stm32h7xx_hal_cortex.o
 .debug_info    0x0000000000007e81      0xbe7 ./Drivers/STM32H7xx_HAL_Driver/Src/stm32h7xx_hal_gpio.o
 .debug_info    0x0000000000008a68     0x23b3 ./Drivers/STM32H7xx_HAL_Driver/Src/stm32h7xx_hal_i2c.o
 .debug_info    0x000000000000ae1b      0xcf8 ./Drivers/STM32H7xx_HAL_Driver/Src/stm32h7xx_hal_i2c_ex.o
 .debug_info    0x000000000000bb13      0xfba ./Drivers/STM32H7xx_HAL_Driver/Src/stm32h7xx_hal_pwr_ex.o
 .debug_info    0x000000000000cacd      0xf8f ./Drivers/STM32H7xx_HAL_Driver/Src/stm32h7xx_hal_rcc.o
 .debug_info    0x000000000000da5c     0x12a4 ./Drivers/STM32H7xx_HAL_Driver/Src/stm32h7xx_hal_rcc_ex.o
 .debug_info    0x000000000000ed00     0x4c6a ./Drivers/STM32H7xx_HAL_Driver/Src/stm32h7xx_hal_uart.o
 .debug_info    0x000000000001396a     0x100b ./Drivers/STM32H7xx_HAL_Driver/Src/stm32h7xx_hal_uart_ex.o

.debug_abbrev   0x0000000000000000     0x28dd
 .debug_abbrev  0x0000000000000000      0x18c ./Core/Src/gpio.o
 .debug_abbrev  0x000000000000018c      0x248 ./Core/Src/i2c.o
 .debug_abbrev  0x00000000000003d4      0x288 ./Core/Src/main.o
 .debug_abbrev  0x000000000000065c       0xeb ./Core/Src/stm32h7xx_hal_msp.o
 .debug_abbrev  0x0000000000000747       0xa3 ./Core/Src/stm32h7xx_it.o
 .debug_abbrev  0x00000000000007ea      0x147 ./Core/Src/system_stm32h7xx.o
 .debug_abbrev  0x0000000000000931      0x244 ./Core/Src/usart.o
 .debug_abbrev  0x0000000000000b75       0x47 ./Core/Src/usb_otg.o
 .debug_abbrev  0x0000000000000bbc      0x235 ./Core/Src/gy86/MS5611.o
 .debug_abbrev  0x0000000000000df1      0x182 ./Core/Src/soft_timer/soft_timer.o
 .debug_abbrev  0x0000000000000f73       0x12 ./Core/Startup/startup_stm32h7a3zitxq.o
 .debug_abbrev  0x0000000000000f85      0x289 ./Drivers/STM32H7xx_HAL_Driver/Src/stm32h7xx_hal.o
 .debug_abbrev  0x000000000000120e      0x329 ./Drivers/STM32H7xx_HAL_Driver/Src/stm32h7xx_hal_cortex.o
 .debug_abbrev  0x0000000000001537      0x1ec ./Drivers/STM32H7xx_HAL_Driver/Src/stm32h7xx_hal_gpio.o
 .debug_abbrev  0x0000000000001723      0x243 ./Drivers/STM32H7xx_HAL_Driver/Src/stm32h7xx_hal_i2c.o
 .debug_abbrev  0x0000000000001966      0x1e1 ./Drivers/STM32H7xx_HAL_Driver/Src/stm32h7xx_hal_i2c_ex.o
 .debug_abbrev  0x0000000000001b47      0x27e ./Drivers/STM32H7xx_HAL_Driver/Src/stm32h7xx_hal_pwr_ex.o
 .debug_abbrev  0x0000000000001dc5      0x2b8 ./Drivers/STM32H7xx_HAL_Driver/Src/stm32h7xx_hal_rcc.o
 .debug_abbrev  0x000000000000207d      0x26d ./Drivers/STM32H7xx_HAL_Driver/Src/stm32h7xx_hal_rcc_ex.o
 .debug_abbrev  0x00000000000022ea      0x336 ./Drivers/STM32H7xx_HAL_Driver/Src/stm32h7xx_hal_uart.o
 .debug_abbrev  0x0000000000002620      0x2bd ./Drivers/STM32H7xx_HAL_Driver/Src/stm32h7xx_hal_uart_ex.o

.debug_aranges  0x0000000000000000      0xe60
 .debug_aranges
                0x0000000000000000       0x20 ./Core/Src/gpio.o
 .debug_aranges
                0x0000000000000020       0x38 ./Core/Src/i2c.o
 .debug_aranges
                0x0000000000000058       0x38 ./Core/Src/main.o
 .debug_aranges
                0x0000000000000090       0x20 ./Core/Src/stm32h7xx_hal_msp.o
 .debug_aranges
                0x00000000000000b0       0x60 ./Core/Src/stm32h7xx_it.o
 .debug_aranges
                0x0000000000000110       0x28 ./Core/Src/system_stm32h7xx.o
 .debug_aranges
                0x0000000000000138       0x30 ./Core/Src/usart.o
 .debug_aranges
                0x0000000000000168       0x20 ./Core/Src/usb_otg.o
 .debug_aranges
                0x0000000000000188       0x68 ./Core/Src/gy86/MS5611.o
 .debug_aranges
                0x00000000000001f0       0x70 ./Core/Src/soft_timer/soft_timer.o
 .debug_aranges
                0x0000000000000260       0x28 ./Core/Startup/startup_stm32h7a3zitxq.o
 .debug_aranges
                0x0000000000000288      0x1a0 ./Drivers/STM32H7xx_HAL_Driver/Src/stm32h7xx_hal.o
 .debug_aranges
                0x0000000000000428      0x120 ./Drivers/STM32H7xx_HAL_Driver/Src/stm32h7xx_hal_cortex.o
 .debug_aranges
                0x0000000000000548       0x58 ./Drivers/STM32H7xx_HAL_Driver/Src/stm32h7xx_hal_gpio.o
 .debug_aranges
                0x00000000000005a0      0x290 ./Drivers/STM32H7xx_HAL_Driver/Src/stm32h7xx_hal_i2c.o
 .debug_aranges
                0x0000000000000830       0x48 ./Drivers/STM32H7xx_HAL_Driver/Src/stm32h7xx_hal_i2c_ex.o
 .debug_aranges
                0x0000000000000878      0x188 ./Drivers/STM32H7xx_HAL_Driver/Src/stm32h7xx_hal_pwr_ex.o
 .debug_aranges
                0x0000000000000a00       0x88 ./Drivers/STM32H7xx_HAL_Driver/Src/stm32h7xx_hal_rcc.o
 .debug_aranges
                0x0000000000000a88       0xf0 ./Drivers/STM32H7xx_HAL_Driver/Src/stm32h7xx_hal_rcc_ex.o
 .debug_aranges
                0x0000000000000b78      0x248 ./Drivers/STM32H7xx_HAL_Driver/Src/stm32h7xx_hal_uart.o
 .debug_aranges
                0x0000000000000dc0       0xa0 ./Drivers/STM32H7xx_HAL_Driver/Src/stm32h7xx_hal_uart_ex.o

.debug_ranges   0x0000000000000000      0xd48
 .debug_ranges  0x0000000000000000       0x10 ./Core/Src/gpio.o
 .debug_ranges  0x0000000000000010       0x28 ./Core/Src/i2c.o
 .debug_ranges  0x0000000000000038       0x28 ./Core/Src/main.o
 .debug_ranges  0x0000000000000060       0x10 ./Core/Src/stm32h7xx_hal_msp.o
 .debug_ranges  0x0000000000000070       0x50 ./Core/Src/stm32h7xx_it.o
 .debug_ranges  0x00000000000000c0       0x18 ./Core/Src/system_stm32h7xx.o
 .debug_ranges  0x00000000000000d8       0x20 ./Core/Src/usart.o
 .debug_ranges  0x00000000000000f8       0x10 ./Core/Src/usb_otg.o
 .debug_ranges  0x0000000000000108       0x58 ./Core/Src/gy86/MS5611.o
 .debug_ranges  0x0000000000000160       0x60 ./Core/Src/soft_timer/soft_timer.o
 .debug_ranges  0x00000000000001c0       0x20 ./Core/Startup/startup_stm32h7a3zitxq.o
 .debug_ranges  0x00000000000001e0      0x190 ./Drivers/STM32H7xx_HAL_Driver/Src/stm32h7xx_hal.o
 .debug_ranges  0x0000000000000370      0x110 ./Drivers/STM32H7xx_HAL_Driver/Src/stm32h7xx_hal_cortex.o
 .debug_ranges  0x0000000000000480       0x48 ./Drivers/STM32H7xx_HAL_Driver/Src/stm32h7xx_hal_gpio.o
 .debug_ranges  0x00000000000004c8      0x280 ./Drivers/STM32H7xx_HAL_Driver/Src/stm32h7xx_hal_i2c.o
 .debug_ranges  0x0000000000000748       0x38 ./Drivers/STM32H7xx_HAL_Driver/Src/stm32h7xx_hal_i2c_ex.o
 .debug_ranges  0x0000000000000780      0x178 ./Drivers/STM32H7xx_HAL_Driver/Src/stm32h7xx_hal_pwr_ex.o
 .debug_ranges  0x00000000000008f8       0x78 ./Drivers/STM32H7xx_HAL_Driver/Src/stm32h7xx_hal_rcc.o
 .debug_ranges  0x0000000000000970       0xe0 ./Drivers/STM32H7xx_HAL_Driver/Src/stm32h7xx_hal_rcc_ex.o
 .debug_ranges  0x0000000000000a50      0x268 ./Drivers/STM32H7xx_HAL_Driver/Src/stm32h7xx_hal_uart.o
 .debug_ranges  0x0000000000000cb8       0x90 ./Drivers/STM32H7xx_HAL_Driver/Src/stm32h7xx_hal_uart_ex.o

.debug_macro    0x0000000000000000     0x36a7
 .debug_macro   0x0000000000000000      0x2ad ./Core/Src/gpio.o
 .debug_macro   0x00000000000002ad       0x2e ./Core/Src/gpio.o
 .debug_macro   0x00000000000002db       0x52 ./Core/Src/gpio.o
 .debug_macro   0x000000000000032d       0xc4 ./Core/Src/gpio.o
 .debug_macro   0x00000000000003f1      0x2ad ./Core/Src/i2c.o
 .debug_macro   0x000000000000069e      0x2ee ./Core/Src/main.o
 .debug_macro   0x000000000000098c       0xa0 ./Core/Src/main.o
 .debug_macro   0x0000000000000a2c      0x2a3 ./Core/Src/stm32h7xx_hal_msp.o
 .debug_macro   0x0000000000000ccf      0x2ad ./Core/Src/stm32h7xx_it.o
 .debug_macro   0x0000000000000f7c      0x294 ./Core/Src/system_stm32h7xx.o
 .debug_macro   0x0000000000001210      0x2ad ./Core/Src/usart.o
 .debug_macro   0x00000000000014bd      0x2ad ./Core/Src/usb_otg.o
 .debug_macro   0x000000000000176a      0x2b9 ./Core/Src/gy86/MS5611.o
 .debug_macro   0x0000000000001a23       0x9a ./Core/Src/gy86/MS5611.o
 .debug_macro   0x0000000000001abd       0x73 ./Core/Src/soft_timer/soft_timer.o
 .debug_macro   0x0000000000001b30      0x2be ./Drivers/STM32H7xx_HAL_Driver/Src/stm32h7xx_hal.o
 .debug_macro   0x0000000000001dee      0x294 ./Drivers/STM32H7xx_HAL_Driver/Src/stm32h7xx_hal_cortex.o
 .debug_macro   0x0000000000002082      0x29b ./Drivers/STM32H7xx_HAL_Driver/Src/stm32h7xx_hal_gpio.o
 .debug_macro   0x000000000000231d      0x360 ./Drivers/STM32H7xx_HAL_Driver/Src/stm32h7xx_hal_i2c.o
 .debug_macro   0x000000000000267d      0x294 ./Drivers/STM32H7xx_HAL_Driver/Src/stm32h7xx_hal_i2c_ex.o
 .debug_macro   0x0000000000002911      0x2cd ./Drivers/STM32H7xx_HAL_Driver/Src/stm32h7xx_hal_pwr_ex.o
 .debug_macro   0x0000000000002bde      0x2b8 ./Drivers/STM32H7xx_HAL_Driver/Src/stm32h7xx_hal_rcc.o
 .debug_macro   0x0000000000002e96      0x2b2 ./Drivers/STM32H7xx_HAL_Driver/Src/stm32h7xx_hal_rcc_ex.o
 .debug_macro   0x0000000000003148      0x2bf ./Drivers/STM32H7xx_HAL_Driver/Src/stm32h7xx_hal_uart.o
 .debug_macro   0x0000000000003407      0x2a0 ./Drivers/STM32H7xx_HAL_Driver/Src/stm32h7xx_hal_uart_ex.o

.debug_line     0x0000000000000000    0x14b64
 .debug_line    0x0000000000000000      0x881 ./Core/Src/gpio.o
 .debug_line    0x0000000000000881      0x932 ./Core/Src/i2c.o
 .debug_line    0x00000000000011b3      0x93b ./Core/Src/main.o
 .debug_line    0x0000000000001aee      0x815 ./Core/Src/stm32h7xx_hal_msp.o
 .debug_line    0x0000000000002303      0x8da ./Core/Src/stm32h7xx_it.o
 .debug_line    0x0000000000002bdd      0x9bb ./Core/Src/system_stm32h7xx.o
 .debug_line    0x0000000000003598      0x8b7 ./Core/Src/usart.o
 .debug_line    0x0000000000003e4f      0x815 ./Core/Src/usb_otg.o
 .debug_line    0x0000000000004664      0xa8f ./Core/Src/gy86/MS5611.o
 .debug_line    0x00000000000050f3      0x658 ./Core/Src/soft_timer/soft_timer.o
 .debug_line    0x000000000000574b       0x89 ./Core/Startup/startup_stm32h7a3zitxq.o
 .debug_line    0x00000000000057d4      0xdd1 ./Drivers/STM32H7xx_HAL_Driver/Src/stm32h7xx_hal.o
 .debug_line    0x00000000000065a5      0xdca ./Drivers/STM32H7xx_HAL_Driver/Src/stm32h7xx_hal_cortex.o
 .debug_line    0x000000000000736f      0xc87 ./Drivers/STM32H7xx_HAL_Driver/Src/stm32h7xx_hal_gpio.o
 .debug_line    0x0000000000007ff6     0x37dc ./Drivers/STM32H7xx_HAL_Driver/Src/stm32h7xx_hal_i2c.o
 .debug_line    0x000000000000b7d2      0xa34 ./Drivers/STM32H7xx_HAL_Driver/Src/stm32h7xx_hal_i2c_ex.o
 .debug_line    0x000000000000c206      0xf52 ./Drivers/STM32H7xx_HAL_Driver/Src/stm32h7xx_hal_pwr_ex.o
 .debug_line    0x000000000000d158     0x12d1 ./Drivers/STM32H7xx_HAL_Driver/Src/stm32h7xx_hal_rcc.o
 .debug_line    0x000000000000e429     0x1a0b ./Drivers/STM32H7xx_HAL_Driver/Src/stm32h7xx_hal_rcc_ex.o
 .debug_line    0x000000000000fe34     0x3e8e ./Drivers/STM32H7xx_HAL_Driver/Src/stm32h7xx_hal_uart.o
 .debug_line    0x0000000000013cc2      0xea2 ./Drivers/STM32H7xx_HAL_Driver/Src/stm32h7xx_hal_uart_ex.o

.debug_str      0x0000000000000000   0x13382e
 .debug_str     0x0000000000000000   0x12e1c3 ./Core/Src/gpio.o
                                     0x12e63f (size before relaxing)
 .debug_str     0x000000000012e1c3      0x8f9 ./Core/Src/i2c.o
                                     0x12efd4 (size before relaxing)
 .debug_str     0x000000000012eabc      0x666 ./Core/Src/main.o
                                     0x12efdd (size before relaxing)
 .debug_str     0x000000000012f122       0x2c ./Core/Src/stm32h7xx_hal_msp.o
                                     0x12e562 (size before relaxing)
 .debug_str     0x000000000012f14e       0xd7 ./Core/Src/stm32h7xx_it.o
                                     0x12e3ae (size before relaxing)
 .debug_str     0x000000000012f225      0x30e ./Core/Src/system_stm32h7xx.o
                                     0x12e560 (size before relaxing)
 .debug_str     0x000000000012f533      0x2c3 ./Core/Src/usart.o
                                     0x12ef95 (size before relaxing)
 .debug_str     0x000000000012f7f6       0x16 ./Core/Src/usb_otg.o
                                     0x12e313 (size before relaxing)
 .debug_str     0x000000000012f80c       0xfc ./Core/Src/gy86/MS5611.o
                                     0x12ed30 (size before relaxing)
 .debug_str     0x000000000012f908      0x14d ./Core/Src/soft_timer/soft_timer.o
                                       0x3e3e (size before relaxing)
 .debug_str     0x000000000012fa55       0x37 ./Core/Startup/startup_stm32h7a3zitxq.o
                                         0x82 (size before relaxing)
 .debug_str     0x000000000012fa8c      0xece ./Drivers/STM32H7xx_HAL_Driver/Src/stm32h7xx_hal.o
                                     0x12f434 (size before relaxing)
 .debug_str     0x000000000013095a      0x350 ./Drivers/STM32H7xx_HAL_Driver/Src/stm32h7xx_hal_cortex.o
                                     0x12ee44 (size before relaxing)
 .debug_str     0x0000000000130caa       0xec ./Drivers/STM32H7xx_HAL_Driver/Src/stm32h7xx_hal_gpio.o
                                     0x12e511 (size before relaxing)
 .debug_str     0x0000000000130d96      0xdf4 ./Drivers/STM32H7xx_HAL_Driver/Src/stm32h7xx_hal_i2c.o
                                     0x12f588 (size before relaxing)
 .debug_str     0x0000000000131b8a       0xb8 ./Drivers/STM32H7xx_HAL_Driver/Src/stm32h7xx_hal_i2c_ex.o
                                     0x12e96a (size before relaxing)
 .debug_str     0x0000000000131c42      0x756 ./Drivers/STM32H7xx_HAL_Driver/Src/stm32h7xx_hal_pwr_ex.o
                                     0x12ea96 (size before relaxing)
 .debug_str     0x0000000000132398      0x22e ./Drivers/STM32H7xx_HAL_Driver/Src/stm32h7xx_hal_rcc.o
                                     0x12e939 (size before relaxing)
 .debug_str     0x00000000001325c6      0x611 ./Drivers/STM32H7xx_HAL_Driver/Src/stm32h7xx_hal_rcc_ex.o
                                     0x12eda5 (size before relaxing)
 .debug_str     0x0000000000132bd7      0xa04 ./Drivers/STM32H7xx_HAL_Driver/Src/stm32h7xx_hal_uart.o
                                     0x12f441 (size before relaxing)
 .debug_str     0x00000000001335db      0x253 ./Drivers/STM32H7xx_HAL_Driver/Src/stm32h7xx_hal_uart_ex.o
                                     0x12e9c6 (size before relaxing)

.comment        0x0000000000000000       0x50
 .comment       0x0000000000000000       0x50 ./Core/Src/gpio.o
                                         0x51 (size before relaxing)
 .comment       0x0000000000000050       0x51 ./Core/Src/i2c.o
 .comment       0x0000000000000050       0x51 ./Core/Src/main.o
 .comment       0x0000000000000050       0x51 ./Core/Src/stm32h7xx_hal_msp.o
 .comment       0x0000000000000050       0x51 ./Core/Src/stm32h7xx_it.o
 .comment       0x0000000000000050       0x51 ./Core/Src/system_stm32h7xx.o
 .comment       0x0000000000000050       0x51 ./Core/Src/usart.o
 .comment       0x0000000000000050       0x51 ./Core/Src/usb_otg.o
 .comment       0x0000000000000050       0x51 ./Core/Src/gy86/MS5611.o
 .comment       0x0000000000000050       0x51 ./Core/Src/soft_timer/soft_timer.o
 .comment       0x0000000000000050       0x51 ./Drivers/STM32H7xx_HAL_Driver/Src/stm32h7xx_hal.o
 .comment       0x0000000000000050       0x51 ./Drivers/STM32H7xx_HAL_Driver/Src/stm32h7xx_hal_cortex.o
 .comment       0x0000000000000050       0x51 ./Drivers/STM32H7xx_HAL_Driver/Src/stm32h7xx_hal_gpio.o
 .comment       0x0000000000000050       0x51 ./Drivers/STM32H7xx_HAL_Driver/Src/stm32h7xx_hal_i2c.o
 .comment       0x0000000000000050       0x51 ./Drivers/STM32H7xx_HAL_Driver/Src/stm32h7xx_hal_i2c_ex.o
 .comment       0x0000000000000050       0x51 ./Drivers/STM32H7xx_HAL_Driver/Src/stm32h7xx_hal_pwr_ex.o
 .comment       0x0000000000000050       0x51 ./Drivers/STM32H7xx_HAL_Driver/Src/stm32h7xx_hal_rcc.o
 .comment       0x0000000000000050       0x51 ./Drivers/STM32H7xx_HAL_Driver/Src/stm32h7xx_hal_rcc_ex.o
 .comment       0x0000000000000050       0x51 ./Drivers/STM32H7xx_HAL_Driver/Src/stm32h7xx_hal_uart.o
 .comment       0x0000000000000050       0x51 ./Drivers/STM32H7xx_HAL_Driver/Src/stm32h7xx_hal_uart_ex.o

.debug_frame    0x0000000000000000     0x3b30
 .debug_frame   0x0000000000000000       0x38 ./Core/Src/gpio.o
 .debug_frame   0x0000000000000038       0x94 ./Core/Src/i2c.o
 .debug_frame   0x00000000000000cc       0x88 ./Core/Src/main.o
 .debug_frame   0x0000000000000154       0x38 ./Core/Src/stm32h7xx_hal_msp.o
 .debug_frame   0x000000000000018c      0x104 ./Core/Src/stm32h7xx_it.o
 .debug_frame   0x0000000000000290       0x58 ./Core/Src/system_stm32h7xx.o
 .debug_frame   0x00000000000002e8       0x78 ./Core/Src/usart.o
 .debug_frame   0x0000000000000360       0x30 ./Core/Src/usb_otg.o
 .debug_frame   0x0000000000000390      0x19c ./Core/Src/gy86/MS5611.o
 .debug_frame   0x000000000000052c      0x1b8 ./Core/Src/soft_timer/soft_timer.o
 .debug_frame   0x00000000000006e4      0x6a8 ./Drivers/STM32H7xx_HAL_Driver/Src/stm32h7xx_hal.o
 .debug_frame   0x0000000000000d8c      0x4b8 ./Drivers/STM32H7xx_HAL_Driver/Src/stm32h7xx_hal_cortex.o
 .debug_frame   0x0000000000001244      0x14c ./Drivers/STM32H7xx_HAL_Driver/Src/stm32h7xx_hal_gpio.o
 .debug_frame   0x0000000000001390      0xbf0 ./Drivers/STM32H7xx_HAL_Driver/Src/stm32h7xx_hal_i2c.o
 .debug_frame   0x0000000000001f80      0x100 ./Drivers/STM32H7xx_HAL_Driver/Src/stm32h7xx_hal_i2c_ex.o
 .debug_frame   0x0000000000002080      0x660 ./Drivers/STM32H7xx_HAL_Driver/Src/stm32h7xx_hal_pwr_ex.o
 .debug_frame   0x00000000000026e0      0x1fc ./Drivers/STM32H7xx_HAL_Driver/Src/stm32h7xx_hal_rcc.o
 .debug_frame   0x00000000000028dc      0x3cc ./Drivers/STM32H7xx_HAL_Driver/Src/stm32h7xx_hal_rcc_ex.o
 .debug_frame   0x0000000000002ca8      0xa94 ./Drivers/STM32H7xx_HAL_Driver/Src/stm32h7xx_hal_uart.o
 .debug_frame   0x000000000000373c      0x29c ./Drivers/STM32H7xx_HAL_Driver/Src/stm32h7xx_hal_uart_ex.o
 .debug_frame   0x00000000000039d8       0x2c c:/st/stm32cubeide_1.7.0/stm32cubeide/plugins/com.st.stm32cube.ide.mcu.externaltools.gnu-tools-for-stm32.10.3-2021.10.win32_1.0.0.202111181127/tools/bin/../lib/gcc/arm-none-eabi/10.3.1/../../../../arm-none-eabi/lib/thumb/v7e-m+dp/hard\libc_nano.a(lib_a-init.o)
 .debug_frame   0x0000000000003a04       0x20 c:/st/stm32cubeide_1.7.0/stm32cubeide/plugins/com.st.stm32cube.ide.mcu.externaltools.gnu-tools-for-stm32.10.3-2021.10.win32_1.0.0.202111181127/tools/bin/../lib/gcc/arm-none-eabi/10.3.1/../../../../arm-none-eabi/lib/thumb/v7e-m+dp/hard\libc_nano.a(lib_a-memset.o)
 .debug_frame   0x0000000000003a24       0xac c:/st/stm32cubeide_1.7.0/stm32cubeide/plugins/com.st.stm32cube.ide.mcu.externaltools.gnu-tools-for-stm32.10.3-2021.10.win32_1.0.0.202111181127/tools/bin/../lib/gcc/arm-none-eabi/10.3.1/thumb/v7e-m+dp/hard\libgcc.a(_arm_addsubdf3.o)
 .debug_frame   0x0000000000003ad0       0x2c c:/st/stm32cubeide_1.7.0/stm32cubeide/plugins/com.st.stm32cube.ide.mcu.externaltools.gnu-tools-for-stm32.10.3-2021.10.win32_1.0.0.202111181127/tools/bin/../lib/gcc/arm-none-eabi/10.3.1/thumb/v7e-m+dp/hard\libgcc.a(_aeabi_uldivmod.o)
 .debug_frame   0x0000000000003afc       0x34 c:/st/stm32cubeide_1.7.0/stm32cubeide/plugins/com.st.stm32cube.ide.mcu.externaltools.gnu-tools-for-stm32.10.3-2021.10.win32_1.0.0.202111181127/tools/bin/../lib/gcc/arm-none-eabi/10.3.1/thumb/v7e-m+dp/hard\libgcc.a(_udivmoddi4.o)
