../Core/Src/SSD1306/ssd1306.c:8:6:ssd1306_Reset	4	static
../Core/Src/SSD1306/ssd1306.c:14:6:ssd1306_WriteCommand	32	static
../Core/Src/SSD1306/ssd1306.c:20:6:ssd1306_WriteData	32	static
../Core/Src/SSD1306/ssd1306.c:68:17:ssd1306_FillBuffer	24	static
../Core/Src/SSD1306/ssd1306.c:80:6:ssd1306_Init	8	static
../Core/Src/SSD1306/ssd1306.c:183:6:ssd1306_Fill	24	static
../Core/Src/SSD1306/ssd1306.c:194:6:ssd1306_UpdateScreen	16	static
../Core/Src/SSD1306/ssd1306.c:215:6:ssd1306_DrawPixel	16	static
../Core/Src/SSD1306/ssd1306.c:243:6:ssd1306_WriteChar	48	static
../Core/Src/SSD1306/ssd1306.c:283:6:ssd1306_WriteString	24	static
../Core/Src/SSD1306/ssd1306.c:303:6:ssd1306_SetCursor	16	static
../Core/Src/SSD1306/ssd1306.c:310:6:ssd1306_Line	48	static
../Core/Src/SSD1306/ssd1306.c:347:6:ssd1306_Polyline	40	static
../Core/Src/SSD1306/ssd1306.c:364:14:ssd1306_DegToRad	16	static
../Core/Src/SSD1306/ssd1306.c:369:17:ssd1306_NormalizeTo0_360	24	static
../Core/Src/SSD1306/ssd1306.c:387:6:ssd1306_DrawArc	64	static
../Core/Src/SSD1306/ssd1306.c:425:6:ssd1306_DrawCircle	40	static
../Core/Src/SSD1306/ssd1306.c:475:6:ssd1306_DrawRectangle	32	static
../Core/Src/SSD1306/ssd1306.c:485:6:ssd1306_SetContrast	24	static
../Core/Src/SSD1306/ssd1306.c:492:6:ssd1306_SetDisplayOn	24	static
../Core/Src/SSD1306/ssd1306.c:507:9:ssd1306_GetDisplayOn	4	static
