../Core/Src/SSD1306/ssd1306.c:8:6:ssd1306_Reset	4	static
../Core/Src/SSD1306/ssd1306.c:14:6:ssd1306_WriteCommand	32	static
../Core/Src/SSD1306/ssd1306.c:20:6:ssd1306_WriteData	32	static
../Core/Src/SSD1306/ssd1306.c:69:17:ssd1306_FillBuffer	24	static
../Core/Src/SSD1306/ssd1306.c:81:6:ssd1306_Init	8	static
../Core/Src/SSD1306/ssd1306.c:184:6:ssd1306_Fill	24	static
../Core/Src/SSD1306/ssd1306.c:195:6:ssd1306_UpdateScreen	16	static
../Core/Src/SSD1306/ssd1306.c:216:6:ssd1306_DrawPixel	16	static
../Core/Src/SSD1306/ssd1306.c:244:6:ssd1306_WriteChar	48	static
../Core/Src/SSD1306/ssd1306.c:284:6:ssd1306_WriteString	24	static
../Core/Src/SSD1306/ssd1306.c:304:6:ssd1306_SetCursor	16	static
../Core/Src/SSD1306/ssd1306.c:311:6:ssd1306_Line	48	static
../Core/Src/SSD1306/ssd1306.c:348:6:ssd1306_Polyline	40	static
../Core/Src/SSD1306/ssd1306.c:365:14:ssd1306_DegToRad	16	static
../Core/Src/SSD1306/ssd1306.c:370:17:ssd1306_NormalizeTo0_360	24	static
../Core/Src/SSD1306/ssd1306.c:388:6:ssd1306_DrawArc	64	static
../Core/Src/SSD1306/ssd1306.c:426:6:ssd1306_DrawCircle	40	static
../Core/Src/SSD1306/ssd1306.c:476:6:ssd1306_DrawRectangle	32	static
../Core/Src/SSD1306/ssd1306.c:486:6:ssd1306_SetContrast	24	static
../Core/Src/SSD1306/ssd1306.c:493:6:ssd1306_SetDisplayOn	24	static
../Core/Src/SSD1306/ssd1306.c:508:9:ssd1306_GetDisplayOn	4	static
